Archive member included to satisfy reference by file (symbol)

c:/ac6/systemworkbench/plugins/fr.ac6.mcu.externaltools.arm-none.win32_1.15.0.201708311556/tools/compiler/bin/../lib/gcc/arm-none-eabi/6.3.1/thumb/v7e-m/fpv4-sp/hard\libgcc.a(_aeabi_uldivmod.o)
                              Drivers/STM32F4xx_HAL_Driver/Src/stm32f4xx_hal_rcc.o (__aeabi_uldivmod)
c:/ac6/systemworkbench/plugins/fr.ac6.mcu.externaltools.arm-none.win32_1.15.0.201708311556/tools/compiler/bin/../lib/gcc/arm-none-eabi/6.3.1/thumb/v7e-m/fpv4-sp/hard\libgcc.a(_udivmoddi4.o)
                              c:/ac6/systemworkbench/plugins/fr.ac6.mcu.externaltools.arm-none.win32_1.15.0.201708311556/tools/compiler/bin/../lib/gcc/arm-none-eabi/6.3.1/thumb/v7e-m/fpv4-sp/hard\libgcc.a(_aeabi_uldivmod.o) (__udivmoddi4)
c:/ac6/systemworkbench/plugins/fr.ac6.mcu.externaltools.arm-none.win32_1.15.0.201708311556/tools/compiler/bin/../lib/gcc/arm-none-eabi/6.3.1/thumb/v7e-m/fpv4-sp/hard\libgcc.a(_dvmd_tls.o)
                              c:/ac6/systemworkbench/plugins/fr.ac6.mcu.externaltools.arm-none.win32_1.15.0.201708311556/tools/compiler/bin/../lib/gcc/arm-none-eabi/6.3.1/thumb/v7e-m/fpv4-sp/hard\libgcc.a(_aeabi_uldivmod.o) (__aeabi_ldiv0)
c:/ac6/systemworkbench/plugins/fr.ac6.mcu.externaltools.arm-none.win32_1.15.0.201708311556/tools/compiler/bin/../lib/gcc/arm-none-eabi/6.3.1/../../../../arm-none-eabi/lib/thumb/v7e-m/fpv4-sp/hard\libc_nano.a(lib_a-exit.o)
                              c:/ac6/systemworkbench/plugins/fr.ac6.mcu.externaltools.arm-none.win32_1.15.0.201708311556/tools/compiler/bin/../lib/gcc/arm-none-eabi/6.3.1/../../../../arm-none-eabi/lib/thumb/v7e-m/fpv4-sp/hard/crt0.o (exit)
c:/ac6/systemworkbench/plugins/fr.ac6.mcu.externaltools.arm-none.win32_1.15.0.201708311556/tools/compiler/bin/../lib/gcc/arm-none-eabi/6.3.1/../../../../arm-none-eabi/lib/thumb/v7e-m/fpv4-sp/hard\libc_nano.a(lib_a-impure.o)
                              c:/ac6/systemworkbench/plugins/fr.ac6.mcu.externaltools.arm-none.win32_1.15.0.201708311556/tools/compiler/bin/../lib/gcc/arm-none-eabi/6.3.1/../../../../arm-none-eabi/lib/thumb/v7e-m/fpv4-sp/hard\libc_nano.a(lib_a-exit.o) (_global_impure_ptr)
c:/ac6/systemworkbench/plugins/fr.ac6.mcu.externaltools.arm-none.win32_1.15.0.201708311556/tools/compiler/bin/../lib/gcc/arm-none-eabi/6.3.1/../../../../arm-none-eabi/lib/thumb/v7e-m/fpv4-sp/hard\libc_nano.a(lib_a-init.o)
                              c:/ac6/systemworkbench/plugins/fr.ac6.mcu.externaltools.arm-none.win32_1.15.0.201708311556/tools/compiler/bin/../lib/gcc/arm-none-eabi/6.3.1/../../../../arm-none-eabi/lib/thumb/v7e-m/fpv4-sp/hard/crt0.o (__libc_init_array)
c:/ac6/systemworkbench/plugins/fr.ac6.mcu.externaltools.arm-none.win32_1.15.0.201708311556/tools/compiler/bin/../lib/gcc/arm-none-eabi/6.3.1/../../../../arm-none-eabi/lib/thumb/v7e-m/fpv4-sp/hard\libc_nano.a(lib_a-memcpy-stub.o)
                              Middlewares/Third_Party/FatFs/src/ff.o (memcpy)
c:/ac6/systemworkbench/plugins/fr.ac6.mcu.externaltools.arm-none.win32_1.15.0.201708311556/tools/compiler/bin/../lib/gcc/arm-none-eabi/6.3.1/../../../../arm-none-eabi/lib/thumb/v7e-m/fpv4-sp/hard\libc_nano.a(lib_a-memset.o)
                              c:/ac6/systemworkbench/plugins/fr.ac6.mcu.externaltools.arm-none.win32_1.15.0.201708311556/tools/compiler/bin/../lib/gcc/arm-none-eabi/6.3.1/../../../../arm-none-eabi/lib/thumb/v7e-m/fpv4-sp/hard/crt0.o (memset)
c:/ac6/systemworkbench/plugins/fr.ac6.mcu.externaltools.arm-none.win32_1.15.0.201708311556/tools/compiler/bin/../lib/gcc/arm-none-eabi/6.3.1/../../../../arm-none-eabi/lib/thumb/v7e-m/fpv4-sp/hard\libnosys.a(_exit.o)
                              c:/ac6/systemworkbench/plugins/fr.ac6.mcu.externaltools.arm-none.win32_1.15.0.201708311556/tools/compiler/bin/../lib/gcc/arm-none-eabi/6.3.1/../../../../arm-none-eabi/lib/thumb/v7e-m/fpv4-sp/hard\libc_nano.a(lib_a-exit.o) (_exit)

Allocating common symbols
Common symbol       size              file

retSD               0x1               Src/fatfs.o
in_temp             0x1               z80/Src/z80.o
b                   0x1               zx_spectrum/Src/zx.o
vector_nmi          0x2               z80/Src/z80.o
reg_                0x8               z80/Src/z80.o
reg                 0x16              z80/Src/z80.o
lookup              0x1               z80/Src/z80.o
hdma_memtomem_dma2_stream0
                    0x60              Src/dma.o
htim4               0x3c              Src/tim.o
hdma_tim1_ch3       0x60              Src/tim.o
sub_temp            0x4               z80/Src/z80.o
htim10              0x3c              Src/tim.o
IM                  0x1               z80/Src/z80.o
uwTick              0x4               Drivers/STM32F4xx_HAL_Driver/Src/stm32f4xx_hal.o
IFF1                0x1               z80/Src/z80.o
pFlash              0x20              Drivers/STM32F4xx_HAL_Driver/Src/stm32f4xx_hal_flash.o
memory              0x10000           z80/Src/z80.o
bytecount           0x2               lcd/Src/lcd.o
[...]
Memory Configuration

Name             Origin             Length             Attributes
RAM              0x20000000         0x00020000         xrw
CCMRAM           0x10000000         0x00010000         rw
FLASH            0x08000000         0x00100000         xr
*default*        0x00000000         0xffffffff

Linker script and memory map

LOAD c:/ac6/systemworkbench/plugins/fr.ac6.mcu.externaltools.arm-none.win32_1.15.0.201708311556/tools/compiler/bin/../lib/gcc/arm-none-eabi/6.3.1/thumb/v7e-m/fpv4-sp/hard/crti.o
LOAD c:/ac6/systemworkbench/plugins/fr.ac6.mcu.externaltools.arm-none.win32_1.15.0.201708311556/tools/compiler/bin/../lib/gcc/arm-none-eabi/6.3.1/thumb/v7e-m/fpv4-sp/hard/crtbegin.o
LOAD c:/ac6/systemworkbench/plugins/fr.ac6.mcu.externaltools.arm-none.win32_1.15.0.201708311556/tools/compiler/bin/../lib/gcc/arm-none-eabi/6.3.1/../../../../arm-none-eabi/lib/thumb/v7e-m/fpv4-sp/hard/crt0.o
LOAD Drivers/STM32F4xx_HAL_Driver/Src/stm32f4xx_hal.o
LOAD Drivers/STM32F4xx_HAL_Driver/Src/stm32f4xx_hal_cortex.o
LOAD Drivers/STM32F4xx_HAL_Driver/Src/stm32f4xx_hal_dma.o
LOAD Drivers/STM32F4xx_HAL_Driver/Src/stm32f4xx_hal_dma_ex.o
LOAD Drivers/STM32F4xx_HAL_Driver/Src/stm32f4xx_hal_flash.o
LOAD Drivers/STM32F4xx_HAL_Driver/Src/stm32f4xx_hal_flash_ex.o
LOAD Drivers/STM32F4xx_HAL_Driver/Src/stm32f4xx_hal_flash_ramfunc.o
LOAD Drivers/STM32F4xx_HAL_Driver/Src/stm32f4xx_hal_gpio.o
LOAD Drivers/STM32F4xx_HAL_Driver/Src/stm32f4xx_hal_pwr.o
LOAD Drivers/STM32F4xx_HAL_Driver/Src/stm32f4xx_hal_pwr_ex.o
LOAD Drivers/STM32F4xx_HAL_Driver/Src/stm32f4xx_hal_rcc.o
LOAD Drivers/STM32F4xx_HAL_Driver/Src/stm32f4xx_hal_rcc_ex.o
LOAD Drivers/STM32F4xx_HAL_Driver/Src/stm32f4xx_hal_rng.o
LOAD Drivers/STM32F4xx_HAL_Driver/Src/stm32f4xx_hal_sd.o
LOAD Drivers/STM32F4xx_HAL_Driver/Src/stm32f4xx_hal_sram.o
LOAD Drivers/STM32F4xx_HAL_Driver/Src/stm32f4xx_hal_tim.o
LOAD Drivers/STM32F4xx_HAL_Driver/Src/stm32f4xx_hal_tim_ex.o
LOAD Drivers/STM32F4xx_HAL_Driver/Src/stm32f4xx_ll_fsmc.o
LOAD Drivers/STM32F4xx_HAL_Driver/Src/stm32f4xx_ll_sdmmc.o
LOAD Middlewares/Third_Party/FatFs/src/diskio.o
LOAD Middlewares/Third_Party/FatFs/src/ff.o
LOAD Middlewares/Third_Party/FatFs/src/ff_gen_drv.o
LOAD Middlewares/Third_Party/FatFs/src/option/syscall.o
LOAD Src/bsp_driver_sd.o
LOAD Src/dma.o
LOAD Src/fatfs.o
LOAD Src/fsmc.o
LOAD Src/gpio.o
LOAD Src/main.o
LOAD Src/rng.o
LOAD Src/sd_diskio.o
LOAD Src/sdio.o
LOAD Src/stm32f4xx_hal_msp.o
LOAD Src/stm32f4xx_it.o
LOAD Src/system_stm32f4xx.o
LOAD Src/tim.o
LOAD ay_3_891x/Src/ay_3_891x.o
LOAD lcd/Src/lcd.o
LOAD startup/startup_stm32f407xx.o
LOAD z80/Src/z80.o
LOAD zx_spectrum/Src/test.o
LOAD zx_spectrum/Src/zx.o
LOAD c:/ac6/systemworkbench/plugins/fr.ac6.mcu.externaltools.arm-none.win32_1.15.0.201708311556/tools/compiler/bin/../lib/gcc/arm-none-eabi/6.3.1/../../../../arm-none-eabi/lib/thumb/v7e-m/fpv4-sp/hard\libm.a
START GROUP
LOAD c:/ac6/systemworkbench/plugins/fr.ac6.mcu.externaltools.arm-none.win32_1.15.0.201708311556/tools/compiler/bin/../lib/gcc/arm-none-eabi/6.3.1/thumb/v7e-m/fpv4-sp/hard\libgcc.a
LOAD c:/ac6/systemworkbench/plugins/fr.ac6.mcu.externaltools.arm-none.win32_1.15.0.201708311556/tools/compiler/bin/../lib/gcc/arm-none-eabi/6.3.1/../../../../arm-none-eabi/lib/thumb/v7e-m/fpv4-sp/hard\libc_nano.a
END GROUP
START GROUP
LOAD c:/ac6/systemworkbench/plugins/fr.ac6.mcu.externaltools.arm-none.win32_1.15.0.201708311556/tools/compiler/bin/../lib/gcc/arm-none-eabi/6.3.1/thumb/v7e-m/fpv4-sp/hard\libgcc.a
LOAD c:/ac6/systemworkbench/plugins/fr.ac6.mcu.externaltools.arm-none.win32_1.15.0.201708311556/tools/compiler/bin/../lib/gcc/arm-none-eabi/6.3.1/../../../../arm-none-eabi/lib/thumb/v7e-m/fpv4-sp/hard\libc_nano.a
LOAD c:/ac6/systemworkbench/plugins/fr.ac6.mcu.externaltools.arm-none.win32_1.15.0.201708311556/tools/compiler/bin/../lib/gcc/arm-none-eabi/6.3.1/../../../../arm-none-eabi/lib/thumb/v7e-m/fpv4-sp/hard\libnosys.a
END GROUP
START GROUP
LOAD c:/ac6/systemworkbench/plugins/fr.ac6.mcu.externaltools.arm-none.win32_1.15.0.201708311556/tools/compiler/bin/../lib/gcc/arm-none-eabi/6.3.1/thumb/v7e-m/fpv4-sp/hard\libgcc.a
LOAD c:/ac6/systemworkbench/plugins/fr.ac6.mcu.externaltools.arm-none.win32_1.15.0.201708311556/tools/compiler/bin/../lib/gcc/arm-none-eabi/6.3.1/../../../../arm-none-eabi/lib/thumb/v7e-m/fpv4-sp/hard\libc_nano.a
LOAD c:/ac6/systemworkbench/plugins/fr.ac6.mcu.externaltools.arm-none.win32_1.15.0.201708311556/tools/compiler/bin/../lib/gcc/arm-none-eabi/6.3.1/../../../../arm-none-eabi/lib/thumb/v7e-m/fpv4-sp/hard\libnosys.a
END GROUP
LOAD c:/ac6/systemworkbench/plugins/fr.ac6.mcu.externaltools.arm-none.win32_1.15.0.201708311556/tools/compiler/bin/../lib/gcc/arm-none-eabi/6.3.1/thumb/v7e-m/fpv4-sp/hard/crtend.o
LOAD c:/ac6/systemworkbench/plugins/fr.ac6.mcu.externaltools.arm-none.win32_1.15.0.201708311556/tools/compiler/bin/../lib/gcc/arm-none-eabi/6.3.1/thumb/v7e-m/fpv4-sp/hard/crtn.o
                0x20020000                _estack = 0x20020000
                0x00000200                _Min_Heap_Size = 0x200
                0x00000400                _Min_Stack_Size = 0x400

.isr_vector     0x08000000      0x188
                0x08000000                . = ALIGN (0x4)
 *(.isr_vector)
 .isr_vector    0x08000000      0x188 startup/startup_stm32f407xx.o
                0x08000000                g_pfnVectors
                0x08000188                . = ALIGN (0x4)

.text           0x08000188    0x2a930
                0x08000188                . = ALIGN (0x4)
 *(.text)
 .text          0x08000188       0x6c c:/ac6/systemworkbench/plugins/fr.ac6.mcu.externaltools.arm-none.win32_1.15.0.201708311556/tools/compiler/bin/../lib/gcc/arm-none-eabi/6.3.1/thumb/v7e-m/fpv4-sp/hard/crtbegin.o
 .text          0x080001f4    0x1699c zx_spectrum/Src/test.o
                0x080001f4                noise_f
 .text          0x08016b90       0x30 c:/ac6/systemworkbench/plugins/fr.ac6.mcu.externaltools.arm-none.win32_1.15.0.201708311556/tools/compiler/bin/../lib/gcc/arm-none-eabi/6.3.1/thumb/v7e-m/fpv4-sp/hard\libgcc.a(_aeabi_uldivmod.o)
                0x08016b90                __aeabi_uldivmod
 .text          0x08016bc0      0x2dc c:/ac6/systemworkbench/plugins/fr.ac6.mcu.externaltools.arm-none.win32_1.15.0.201708311556/tools/compiler/bin/../lib/gcc/arm-none-eabi/6.3.1/thumb/v7e-m/fpv4-sp/hard\libgcc.a(_udivmoddi4.o)
                0x08016bc0                __udivmoddi4
 .text          0x08016e9c        0x4 c:/ac6/systemworkbench/plugins/fr.ac6.mcu.externaltools.arm-none.win32_1.15.0.201708311556/tools/compiler/bin/../lib/gcc/arm-none-eabi/6.3.1/thumb/v7e-m/fpv4-sp/hard\libgcc.a(_dvmd_tls.o)
                0x08016e9c                __aeabi_idiv0
                0x08016e9c                __aeabi_ldiv0
 *(.text*)
 .text.HAL_InitTick
                0x08016ea0       0x2c Drivers/STM32F4xx_HAL_Driver/Src/stm32f4xx_hal.o
                0x08016ea0                HAL_InitTick
 .text.HAL_Init
                0x08016ecc       0x34 Drivers/STM32F4xx_HAL_Driver/Src/stm32f4xx_hal.o
                0x08016ecc                HAL_Init
 .text.HAL_IncTick
                0x08016f00       0x10 Drivers/STM32F4xx_HAL_Driver/Src/stm32f4xx_hal.o
                0x08016f00                HAL_IncTick
 .text.HAL_GetTick
                0x08016f10        0xc Drivers/STM32F4xx_HAL_Driver/Src/stm32f4xx_hal.o
                0x08016f10                HAL_GetTick
 .text.HAL_Delay
                0x08016f1c       0x24 Drivers/STM32F4xx_HAL_Driver/Src/stm32f4xx_hal.o
                0x08016f1c                HAL_Delay
 .text.HAL_SuspendTick
                0x08016f40       0x10 Drivers/STM32F4xx_HAL_Driver/Src/stm32f4xx_hal.o
                0x08016f40                HAL_SuspendTick
 .text.HAL_NVIC_SetPriorityGrouping
                0x08016f50       0x24 Drivers/STM32F4xx_HAL_Driver/Src/stm32f4xx_hal_cortex.o
                0x08016f50                HAL_NVIC_SetPriorityGrouping
 .text.HAL_NVIC_SetPriority
                0x08016f74       0x6c Drivers/STM32F4xx_HAL_Driver/Src/stm32f4xx_hal_cortex.o
                0x08016f74                HAL_NVIC_SetPriority
 .text.HAL_NVIC_EnableIRQ
                0x08016fe0       0x18 Drivers/STM32F4xx_HAL_Driver/Src/stm32f4xx_hal_cortex.o
                0x08016fe0                HAL_NVIC_EnableIRQ
 .text.HAL_SYSTICK_Config
                0x08016ff8       0x34 Drivers/STM32F4xx_HAL_Driver/Src/stm32f4xx_hal_cortex.o
                0x08016ff8                HAL_SYSTICK_Config
 .text.HAL_SYSTICK_CLKSourceConfig
                0x0801702c       0x18 Drivers/STM32F4xx_HAL_Driver/Src/stm32f4xx_hal_cortex.o
                0x0801702c                HAL_SYSTICK_CLKSourceConfig
 .text.HAL_SYSTICK_Callback
                0x08017044        0x4 Drivers/STM32F4xx_HAL_Driver/Src/stm32f4xx_hal_cortex.o
                0x08017044                HAL_SYSTICK_Callback
 .text.HAL_SYSTICK_IRQHandler
                0x08017048        0x8 Drivers/STM32F4xx_HAL_Driver/Src/stm32f4xx_hal_cortex.o
                0x08017048                HAL_SYSTICK_IRQHandler
 .text.HAL_DMA_Init
                0x08017050      0x134 Drivers/STM32F4xx_HAL_Driver/Src/stm32f4xx_hal_dma.o
                0x08017050                HAL_DMA_Init
 .text.HAL_DMA_Start
                0x08017184       0x5c Drivers/STM32F4xx_HAL_Driver/Src/stm32f4xx_hal_dma.o
                0x08017184                HAL_DMA_Start
 .text.HAL_DMA_Start_IT
                0x080171e0       0x84 Drivers/STM32F4xx_HAL_Driver/Src/stm32f4xx_hal_dma.o
                0x080171e0                HAL_DMA_Start_IT
 .text.HAL_DMA_IRQHandler
                0x08017264      0x1a0 Drivers/STM32F4xx_HAL_Driver/Src/stm32f4xx_hal_dma.o
                0x08017264                HAL_DMA_IRQHandler
 .text.HAL_GPIO_Init
                0x08017404      0x22c Drivers/STM32F4xx_HAL_Driver/Src/stm32f4xx_hal_gpio.o
                0x08017404                HAL_GPIO_Init
 .text.HAL_GPIO_WritePin
                0x08017630        0x8 Drivers/STM32F4xx_HAL_Driver/Src/stm32f4xx_hal_gpio.o
                0x08017630                HAL_GPIO_WritePin
 .text.HAL_GPIO_TogglePin
                0x08017638        0x8 Drivers/STM32F4xx_HAL_Driver/Src/stm32f4xx_hal_gpio.o
                0x08017638                HAL_GPIO_TogglePin
 .text.HAL_RCC_OscConfig
                0x08017640      0x33c Drivers/STM32F4xx_HAL_Driver/Src/stm32f4xx_hal_rcc.o
                0x08017640                HAL_RCC_OscConfig
 .text.HAL_RCC_GetSysClockFreq
                0x0801797c       0x6c Drivers/STM32F4xx_HAL_Driver/Src/stm32f4xx_hal_rcc.o
                0x0801797c                HAL_RCC_GetSysClockFreq
 .text.HAL_RCC_ClockConfig
                0x080179e8      0x134 Drivers/STM32F4xx_HAL_Driver/Src/stm32f4xx_hal_rcc.o
                0x080179e8                HAL_RCC_ClockConfig
 .text.HAL_RCC_GetHCLKFreq
                0x08017b1c        0xc Drivers/STM32F4xx_HAL_Driver/Src/stm32f4xx_hal_rcc.o
                0x08017b1c                HAL_RCC_GetHCLKFreq
 .text.HAL_RNG_Init
                0x08017b28       0x30 Drivers/STM32F4xx_HAL_Driver/Src/stm32f4xx_hal_rng.o
                0x08017b28                HAL_RNG_Init
 .text.SD_DMATransmitCplt
                0x08017b58       0x10 Drivers/STM32F4xx_HAL_Driver/Src/stm32f4xx_hal_sd.o
 .text.HAL_SD_ReadBlocks_DMA
                0x08017b68      0x128 Drivers/STM32F4xx_HAL_Driver/Src/stm32f4xx_hal_sd.o
                0x08017b68                HAL_SD_ReadBlocks_DMA
 .text.HAL_SD_WriteBlocks_DMA
                0x08017c90      0x124 Drivers/STM32F4xx_HAL_Driver/Src/stm32f4xx_hal_sd.o
                0x08017c90                HAL_SD_WriteBlocks_DMA
 .text.HAL_SD_RxCpltCallback
                0x08017db4        0x4 Drivers/STM32F4xx_HAL_Driver/Src/stm32f4xx_hal_sd.o
                0x08017db4                HAL_SD_RxCpltCallback
 .text.HAL_SD_ErrorCallback
                0x08017db8        0x4 Drivers/STM32F4xx_HAL_Driver/Src/stm32f4xx_hal_sd.o
                0x08017db8                HAL_SD_ErrorCallback
 .text.SD_DMAReceiveCplt
                0x08017dbc       0x40 Drivers/STM32F4xx_HAL_Driver/Src/stm32f4xx_hal_sd.o
 .text.SD_DMAError
                0x08017dfc       0x74 Drivers/STM32F4xx_HAL_Driver/Src/stm32f4xx_hal_sd.o
 .text.HAL_SD_GetCardInfo
                0x08017e70       0x28 Drivers/STM32F4xx_HAL_Driver/Src/stm32f4xx_hal_sd.o
                0x08017e70                HAL_SD_GetCardInfo
 .text.HAL_SD_GetCardState
                0x08017e98       0x28 Drivers/STM32F4xx_HAL_Driver/Src/stm32f4xx_hal_sd.o
                0x08017e98                HAL_SD_GetCardState
 .text.HAL_SRAM_Init
                0x08017ec0       0x58 Drivers/STM32F4xx_HAL_Driver/Src/stm32f4xx_hal_sram.o
                0x08017ec0                HAL_SRAM_Init
 .text.HAL_TIM_Base_Init
                0x08017f18       0xfc Drivers/STM32F4xx_HAL_Driver/Src/stm32f4xx_hal_tim.o
                0x08017f18                HAL_TIM_Base_Init
 .text.HAL_TIM_Base_Start
                0x08018014       0x20 Drivers/STM32F4xx_HAL_Driver/Src/stm32f4xx_hal_tim.o
                0x08018014                HAL_TIM_Base_Start
 .text.HAL_TIM_OC_MspInit
                0x08018034        0x4 Drivers/STM32F4xx_HAL_Driver/Src/stm32f4xx_hal_tim.o
                0x08018034                HAL_TIM_OC_MspInit
 .text.HAL_TIM_OC_Init
                0x08018038       0xfc Drivers/STM32F4xx_HAL_Driver/Src/stm32f4xx_hal_tim.o
                0x08018038                HAL_TIM_OC_Init
 .text.HAL_TIM_OC_Start_IT
                0x08018134       0x90 Drivers/STM32F4xx_HAL_Driver/Src/stm32f4xx_hal_tim.o
                0x08018134                HAL_TIM_OC_Start_IT
 .text.HAL_TIM_PWM_MspInit
                0x080181c4        0x4 Drivers/STM32F4xx_HAL_Driver/Src/stm32f4xx_hal_tim.o
                0x080181c4                HAL_TIM_PWM_MspInit
 .text.HAL_TIM_PWM_Init
                0x080181c8       0xfc Drivers/STM32F4xx_HAL_Driver/Src/stm32f4xx_hal_tim.o
                0x080181c8                HAL_TIM_PWM_Init
 .text.HAL_TIM_PWM_Start
                0x080182c4       0x48 Drivers/STM32F4xx_HAL_Driver/Src/stm32f4xx_hal_tim.o
                0x080182c4                HAL_TIM_PWM_Start
 .text.HAL_TIM_OC_ConfigChannel
                0x0801830c      0x1b4 Drivers/STM32F4xx_HAL_Driver/Src/stm32f4xx_hal_tim.o
                0x0801830c                HAL_TIM_OC_ConfigChannel
 .text.HAL_TIM_PWM_ConfigChannel
                0x080184c0      0x218 Drivers/STM32F4xx_HAL_Driver/Src/stm32f4xx_hal_tim.o
                0x080184c0                HAL_TIM_PWM_ConfigChannel
 .text.HAL_TIM_ConfigClockSource
                0x080186d8      0x180 Drivers/STM32F4xx_HAL_Driver/Src/stm32f4xx_hal_tim.o
                0x080186d8                HAL_TIM_ConfigClockSource
 .text.HAL_TIMEx_MasterConfigSynchronization
                0x08018858       0x4c Drivers/STM32F4xx_HAL_Driver/Src/stm32f4xx_hal_tim_ex.o
                0x08018858                HAL_TIMEx_MasterConfigSynchronization
 .text.HAL_TIMEx_ConfigBreakDeadTime
                0x080188a4       0x54 Drivers/STM32F4xx_HAL_Driver/Src/stm32f4xx_hal_tim_ex.o
                0x080188a4                HAL_TIMEx_ConfigBreakDeadTime
 .text.FSMC_NORSRAM_Init
                0x080188f8       0x58 Drivers/STM32F4xx_HAL_Driver/Src/stm32f4xx_ll_fsmc.o
                0x080188f8                FSMC_NORSRAM_Init
 .text.FSMC_NORSRAM_Timing_Init
                0x08018950       0x40 Drivers/STM32F4xx_HAL_Driver/Src/stm32f4xx_ll_fsmc.o
                0x08018950                FSMC_NORSRAM_Timing_Init
 .text.FSMC_NORSRAM_Extended_Timing_Init
                0x08018990       0x48 Drivers/STM32F4xx_HAL_Driver/Src/stm32f4xx_ll_fsmc.o
                0x08018990                FSMC_NORSRAM_Extended_Timing_Init
 .text.SDMMC_GetCmdResp1.part.2
                0x080189d8       0xdc Drivers/STM32F4xx_HAL_Driver/Src/stm32f4xx_ll_sdmmc.o
 .text.SDIO_GetResponse
                0x08018ab4       0x14 Drivers/STM32F4xx_HAL_Driver/Src/stm32f4xx_ll_sdmmc.o
                0x08018ab4                SDIO_GetResponse
 .text.SDIO_ConfigData
                0x08018ac8       0x28 Drivers/STM32F4xx_HAL_Driver/Src/stm32f4xx_ll_sdmmc.o
                0x08018ac8                SDIO_ConfigData
 .text.SDMMC_CmdBlockLength
                0x08018af0       0x70 Drivers/STM32F4xx_HAL_Driver/Src/stm32f4xx_ll_sdmmc.o
                0x08018af0                SDMMC_CmdBlockLength
 .text.SDMMC_CmdReadSingleBlock
                0x08018b60       0x74 Drivers/STM32F4xx_HAL_Driver/Src/stm32f4xx_ll_sdmmc.o
                0x08018b60                SDMMC_CmdReadSingleBlock
 .text.SDMMC_CmdReadMultiBlock
                0x08018bd4       0x74 Drivers/STM32F4xx_HAL_Driver/Src/stm32f4xx_ll_sdmmc.o
                0x08018bd4                SDMMC_CmdReadMultiBlock
 .text.SDMMC_CmdWriteSingleBlock
                0x08018c48       0x70 Drivers/STM32F4xx_HAL_Driver/Src/stm32f4xx_ll_sdmmc.o
                0x08018c48                SDMMC_CmdWriteSingleBlock
 .text.SDMMC_CmdWriteMultiBlock
                0x08018cb8       0x74 Drivers/STM32F4xx_HAL_Driver/Src/stm32f4xx_ll_sdmmc.o
                0x08018cb8                SDMMC_CmdWriteMultiBlock
 .text.SDMMC_CmdStopTransfer
                0x08018d2c       0x84 Drivers/STM32F4xx_HAL_Driver/Src/stm32f4xx_ll_sdmmc.o
                0x08018d2c                SDMMC_CmdStopTransfer
 .text.SDMMC_CmdSendStatus
                0x08018db0       0x74 Drivers/STM32F4xx_HAL_Driver/Src/stm32f4xx_ll_sdmmc.o
                0x08018db0                SDMMC_CmdSendStatus
 .text.FATFS_LinkDriver
                0x08018e24       0x48 Middlewares/Third_Party/FatFs/src/ff_gen_drv.o
                0x08018e24                FATFS_LinkDriver
 .text.BSP_SD_ReadBlocks_DMA
                0x08018e6c       0x1c Src/bsp_driver_sd.o
                0x08018e6c                BSP_SD_ReadBlocks_DMA
 .text.BSP_SD_WriteBlocks_DMA
                0x08018e88       0x1c Src/bsp_driver_sd.o
                0x08018e88                BSP_SD_WriteBlocks_DMA
 .text.BSP_SD_GetCardState
                0x08018ea4       0x14 Src/bsp_driver_sd.o
                0x08018ea4                BSP_SD_GetCardState
 .text.BSP_SD_GetCardInfo
                0x08018eb8        0xc Src/bsp_driver_sd.o
                0x08018eb8                BSP_SD_GetCardInfo
 .text.MX_DMA_Init
                0x08018ec4       0xd4 Src/dma.o
                0x08018ec4                MX_DMA_Init
 .text.MX_FATFS_Init
                0x08018f98       0x1c Src/fatfs.o
                0x08018f98                MX_FATFS_Init
 .text.MX_FSMC_Init
                0x08018fb4       0x6c Src/fsmc.o
                0x08018fb4                MX_FSMC_Init
 .text.HAL_SRAM_MspInit
                0x08019020       0x6c Src/fsmc.o
                0x08019020                HAL_SRAM_MspInit
 .text.MX_GPIO_Init
                0x0801908c      0x130 Src/gpio.o
                0x0801908c                MX_GPIO_Init
 .text.SystemClock_Config
                0x080191bc       0xb8 Src/main.o
                0x080191bc                SystemClock_Config
 .text.startup.main
                0x08019274       0x40 Src/main.o
                0x08019274                main
 .text._Error_Handler
                0x080192b4        0x4 Src/main.o
                0x080192b4                _Error_Handler
 .text.MX_RNG_Init
                0x080192b8       0x28 Src/rng.o
                0x080192b8                MX_RNG_Init
 .text.HAL_RNG_MspInit
                0x080192e0       0x30 Src/rng.o
                0x080192e0                HAL_RNG_MspInit
 .text.SD_status
                0x08019310       0x20 Src/sd_diskio.o
                0x08019310                SD_status
 .text.SD_read  0x08019330       0x60 Src/sd_diskio.o
                0x08019330                SD_read
 .text.SD_write
                0x08019390       0x60 Src/sd_diskio.o
                0x08019390                SD_write
 .text.SD_ioctl
                0x080193f0       0x58 Src/sd_diskio.o
                0x080193f0                SD_ioctl
 .text.SD_initialize
                0x08019448       0x20 Src/sd_diskio.o
                0x08019448                SD_initialize
 .text.MX_SDIO_SD_Init
                0x08019468       0x20 Src/sdio.o
                0x08019468                MX_SDIO_SD_Init
 .text.HAL_MspInit
                0x08019488       0x60 Src/stm32f4xx_hal_msp.o
                0x08019488                HAL_MspInit
 .text.NMI_Handler
                0x080194e8        0x4 Src/stm32f4xx_it.o
                0x080194e8                NMI_Handler
 .text.HardFault_Handler
                0x080194ec        0x4 Src/stm32f4xx_it.o
                0x080194ec                HardFault_Handler
 .text.MemManage_Handler
                0x080194f0        0x4 Src/stm32f4xx_it.o
                0x080194f0                MemManage_Handler
 .text.BusFault_Handler
                0x080194f4        0x4 Src/stm32f4xx_it.o
                0x080194f4                BusFault_Handler
 .text.UsageFault_Handler
                0x080194f8        0x4 Src/stm32f4xx_it.o
                0x080194f8                UsageFault_Handler
 .text.SVC_Handler
                0x080194fc        0x4 Src/stm32f4xx_it.o
                0x080194fc                SVC_Handler
 .text.DebugMon_Handler
                0x08019500        0x4 Src/stm32f4xx_it.o
                0x08019500                DebugMon_Handler
 .text.PendSV_Handler
                0x08019504        0x4 Src/stm32f4xx_it.o
                0x08019504                PendSV_Handler
 .text.SysTick_Handler
                0x08019508       0x10 Src/stm32f4xx_it.o
                0x08019508                SysTick_Handler
 .text.TIM1_UP_TIM10_IRQHandler
                0x08019518       0x18 Src/stm32f4xx_it.o
                0x08019518                TIM1_UP_TIM10_IRQHandler
 .text.DMA2_Stream6_IRQHandler
                0x08019530        0xc Src/stm32f4xx_it.o
                0x08019530                DMA2_Stream6_IRQHandler
 .text.SystemInit
                0x0801953c       0x50 Src/system_stm32f4xx.o
                0x0801953c                SystemInit
 .text.MX_TIM1_Init
                0x0801958c      0x184 Src/tim.o
                0x0801958c                MX_TIM1_Init
 .text.MX_TIM2_Init
                0x08019710      0x124 Src/tim.o
                0x08019710                MX_TIM2_Init
 .text.MX_TIM3_Init
                0x08019834      0x124 Src/tim.o
                0x08019834                MX_TIM3_Init
 .text.MX_TIM4_Init
                0x08019958      0x128 Src/tim.o
                0x08019958                MX_TIM4_Init
 .text.MX_TIM10_Init
                0x08019a80       0x3c Src/tim.o
                0x08019a80                MX_TIM10_Init
 .text.MX_TIM11_Init
                0x08019abc       0x3c Src/tim.o
                0x08019abc                MX_TIM11_Init
 .text.HAL_TIM_Base_MspInit
                0x08019af8      0x158 Src/tim.o
                0x08019af8                HAL_TIM_Base_MspInit
 .text.ay_3_891x_reg_0x01
                0x08019c50       0x10 ay_3_891x/Src/ay_3_891x.o
 .text.ay_3_891x_reg_0x03
                0x08019c60       0x14 ay_3_891x/Src/ay_3_891x.o
 .text.ay_3_891x_reg_0x05
                0x08019c74       0x14 ay_3_891x/Src/ay_3_891x.o
 .text.ay_3_891x_reg_0x06
                0x08019c88       0x14 ay_3_891x/Src/ay_3_891x.o
 .text.ay_3_891x_reg_0x07
                0x08019c9c       0x7c ay_3_891x/Src/ay_3_891x.o
 .text.ay_3_891x_reg_0x08
                0x08019d18       0x24 ay_3_891x/Src/ay_3_891x.o
 .text.ay_3_891x_reg_0x09
                0x08019d3c       0x24 ay_3_891x/Src/ay_3_891x.o
 .text.ay_3_891x_reg_0x0a
                0x08019d60       0x24 ay_3_891x/Src/ay_3_891x.o
 .text.ay_3_891x_reg_0x0f
                0x08019d84        0x4 ay_3_891x/Src/ay_3_891x.o
 .text.ay_3_891x_reg_0x0d
                0x08019d88        0x4 ay_3_891x/Src/ay_3_891x.o
 .text.ay_3_891x_reg_0x0e
                0x08019d8c        0x4 ay_3_891x/Src/ay_3_891x.o
 .text.ay_3_891x_reg_0x0b
                0x08019d90        0x4 ay_3_891x/Src/ay_3_891x.o
 .text.ay_3_891x_reg_0x0c
                0x08019d94        0x4 ay_3_891x/Src/ay_3_891x.o
 .text.ay_3_891x_reg_0x04
                0x08019d98       0x14 ay_3_891x/Src/ay_3_891x.o
 .text.ay_3_891x_reg_0x00
                0x08019dac       0x10 ay_3_891x/Src/ay_3_891x.o
 .text.ay_3_891x_reg_0x02
                0x08019dbc       0x14 ay_3_891x/Src/ay_3_891x.o
 .text.LCD_Init
                0x08019dd0      0x20c lcd/Src/lcd.o
                0x08019dd0                LCD_Init
 .text.LCD_SetCursor
                0x08019fdc       0x20 lcd/Src/lcd.o
                0x08019fdc                LCD_SetCursor
 .text.LCD_Clear
                0x08019ffc       0x50 lcd/Src/lcd.o
                0x08019ffc                LCD_Clear
 .text.Reset_Handler
                0x0801a04c       0x50 startup/startup_stm32f407xx.o
                0x0801a04c                Reset_Handler
 .text.Default_Handler
                0x0801a09c        0x2 startup/startup_stm32f407xx.o
                0x0801a09c                RTC_Alarm_IRQHandler
                0x0801a09c                HASH_RNG_IRQHandler
                0x0801a09c                EXTI2_IRQHandler
                0x0801a09c                TIM8_CC_IRQHandler
                0x0801a09c                TIM1_CC_IRQHandler
                0x0801a09c                DMA2_Stream5_IRQHandler
                0x0801a09c                DMA1_Stream5_IRQHandler
                0x0801a09c                PVD_IRQHandler
                0x0801a09c                SDIO_IRQHandler
                0x0801a09c                TAMP_STAMP_IRQHandler
                0x0801a09c                CAN2_RX1_IRQHandler
                0x0801a09c                EXTI3_IRQHandler
                0x0801a09c                TIM8_TRG_COM_TIM14_IRQHandler
                0x0801a09c                TIM8_UP_TIM13_IRQHandler
                0x0801a09c                I2C3_ER_IRQHandler
                0x0801a09c                EXTI0_IRQHandler
                0x0801a09c                I2C2_EV_IRQHandler
                0x0801a09c                DMA1_Stream2_IRQHandler
                0x0801a09c                CAN1_RX0_IRQHandler
                0x0801a09c                FPU_IRQHandler
                0x0801a09c                OTG_HS_WKUP_IRQHandler
                0x0801a09c                CAN2_SCE_IRQHandler
                0x0801a09c                DMA2_Stream2_IRQHandler
                0x0801a09c                SPI1_IRQHandler
                0x0801a09c                TIM6_DAC_IRQHandler
                0x0801a09c                TIM1_BRK_TIM9_IRQHandler
                0x0801a09c                DCMI_IRQHandler
                0x0801a09c                CAN2_RX0_IRQHandler
                0x0801a09c                DMA2_Stream3_IRQHandler
                0x0801a09c                USART6_IRQHandler
                0x0801a09c                USART3_IRQHandler
                0x0801a09c                CAN1_RX1_IRQHandler
                0x0801a09c                UART5_IRQHandler
                0x0801a09c                DMA2_Stream0_IRQHandler
                0x0801a09c                TIM4_IRQHandler
                0x0801a09c                I2C1_EV_IRQHandler
                0x0801a09c                DMA1_Stream6_IRQHandler
                0x0801a09c                DMA1_Stream1_IRQHandler
                0x0801a09c                UART4_IRQHandler
                0x0801a09c                TIM3_IRQHandler
                0x0801a09c                RCC_IRQHandler
                0x0801a09c                TIM8_BRK_TIM12_IRQHandler
                0x0801a09c                Default_Handler
                0x0801a09c                EXTI15_10_IRQHandler
                0x0801a09c                ADC_IRQHandler
                0x0801a09c                DMA1_Stream7_IRQHandler
                0x0801a09c                TIM7_IRQHandler
                0x0801a09c                CAN2_TX_IRQHandler
                0x0801a09c                TIM5_IRQHandler
                0x0801a09c                DMA2_Stream7_IRQHandler
                0x0801a09c                I2C3_EV_IRQHandler
                0x0801a09c                EXTI9_5_IRQHandler
                0x0801a09c                RTC_WKUP_IRQHandler
                0x0801a09c                ETH_WKUP_IRQHandler
                0x0801a09c                SPI2_IRQHandler
                0x0801a09c                OTG_HS_EP1_IN_IRQHandler
                0x0801a09c                DMA1_Stream0_IRQHandler
                0x0801a09c                CAN1_TX_IRQHandler
                0x0801a09c                EXTI4_IRQHandler
                0x0801a09c                FSMC_IRQHandler
                0x0801a09c                ETH_IRQHandler
                0x0801a09c                OTG_HS_EP1_OUT_IRQHandler
                0x0801a09c                WWDG_IRQHandler
                0x0801a09c                TIM2_IRQHandler
                0x0801a09c                OTG_FS_WKUP_IRQHandler
                0x0801a09c                TIM1_TRG_COM_TIM11_IRQHandler
                0x0801a09c                OTG_HS_IRQHandler
                0x0801a09c                EXTI1_IRQHandler
                0x0801a09c                USART2_IRQHandler
                0x0801a09c                I2C2_ER_IRQHandler
                0x0801a09c                DMA2_Stream1_IRQHandler
                0x0801a09c                CAN1_SCE_IRQHandler
                0x0801a09c                FLASH_IRQHandler
                0x0801a09c                DMA2_Stream4_IRQHandler
                0x0801a09c                USART1_IRQHandler
                0x0801a09c                OTG_FS_IRQHandler
                0x0801a09c                SPI3_IRQHandler
                0x0801a09c                DMA1_Stream4_IRQHandler
                0x0801a09c                I2C1_ER_IRQHandler
                0x0801a09c                DMA1_Stream3_IRQHandler
 *fill*         0x0801a09e        0x2 
 .text.op_DDCB_0x00
                0x0801a0a0       0x54 z80/Src/z80.o
 .text.op_DDCB_0x01
                0x0801a0f4       0x54 z80/Src/z80.o
 .text.op_DDCB_0x02
                0x0801a148       0x54 z80/Src/z80.o
 .text.op_DDCB_0x03
                0x0801a19c       0x54 z80/Src/z80.o
 .text.op_DDCB_0x04
                0x0801a1f0       0x54 z80/Src/z80.o
 .text.op_DDCB_0x05
                0x0801a244       0x54 z80/Src/z80.o
 .text.op_DDCB_0x06
                0x0801a298       0x54 z80/Src/z80.o
 .text.op_DDCB_0x07
                0x0801a2ec       0x54 z80/Src/z80.o
 .text.op_DDCB_0x08
                0x0801a340       0x54 z80/Src/z80.o
 .text.op_DDCB_0x09
                0x0801a394       0x54 z80/Src/z80.o
 .text.op_DDCB_0x0a
                0x0801a3e8       0x54 z80/Src/z80.o
 .text.op_DDCB_0x0b
                0x0801a43c       0x54 z80/Src/z80.o
 .text.op_DDCB_0x0c
                0x0801a490       0x54 z80/Src/z80.o
 .text.op_DDCB_0x0d
                0x0801a4e4       0x54 z80/Src/z80.o
 .text.op_DDCB_0x0e
                0x0801a538       0x50 z80/Src/z80.o
 .text.op_DDCB_0x0f
                0x0801a588       0x54 z80/Src/z80.o
 .text.op_DDCB_0x10
                0x0801a5dc       0x5c z80/Src/z80.o
 .text.op_DDCB_0x11
                0x0801a638       0x5c z80/Src/z80.o
 .text.op_DDCB_0x12
                0x0801a694       0x5c z80/Src/z80.o
 .text.op_DDCB_0x13
                0x0801a6f0       0x5c z80/Src/z80.o
 .text.op_DDCB_0x14
                0x0801a74c       0x5c z80/Src/z80.o
 .text.op_DDCB_0x15
                0x0801a7a8       0x5c z80/Src/z80.o
 .text.op_DDCB_0x16
                0x0801a804       0x5c z80/Src/z80.o
 .text.op_DDCB_0x17
                0x0801a860       0x5c z80/Src/z80.o
 .text.op_DDCB_0x18
                0x0801a8bc       0x5c z80/Src/z80.o
 .text.op_DDCB_0x19
                0x0801a918       0x5c z80/Src/z80.o
 .text.op_DDCB_0x1a
                0x0801a974       0x5c z80/Src/z80.o
 .text.op_DDCB_0x1b
                0x0801a9d0       0x5c z80/Src/z80.o
 .text.op_DDCB_0x1c
                0x0801aa2c       0x5c z80/Src/z80.o
 .text.op_DDCB_0x1d
                0x0801aa88       0x5c z80/Src/z80.o
 .text.op_DDCB_0x1e
                0x0801aae4       0x5c z80/Src/z80.o
 .text.op_DDCB_0x1f
                0x0801ab40       0x5c z80/Src/z80.o
 .text.op_DDCB_0x20
                0x0801ab9c       0x4c z80/Src/z80.o
 .text.op_DDCB_0x21
                0x0801abe8       0x4c z80/Src/z80.o
 .text.op_DDCB_0x22
                0x0801ac34       0x4c z80/Src/z80.o
 .text.op_DDCB_0x23
                0x0801ac80       0x4c z80/Src/z80.o
 .text.op_DDCB_0x24
                0x0801accc       0x4c z80/Src/z80.o
 .text.op_DDCB_0x25
                0x0801ad18       0x4c z80/Src/z80.o
 .text.op_DDCB_0x26
                0x0801ad64       0x4c z80/Src/z80.o
 .text.op_DDCB_0x27
                0x0801adb0       0x4c z80/Src/z80.o
 .text.op_DDCB_0x28
                0x0801adfc       0x54 z80/Src/z80.o
 .text.op_DDCB_0x29
                0x0801ae50       0x54 z80/Src/z80.o
 .text.op_DDCB_0x2a
                0x0801aea4       0x54 z80/Src/z80.o
 .text.op_DDCB_0x2b
                0x0801aef8       0x54 z80/Src/z80.o
 .text.op_DDCB_0x2c
                0x0801af4c       0x54 z80/Src/z80.o
 .text.op_DDCB_0x2d
                0x0801afa0       0x54 z80/Src/z80.o
 .text.op_DDCB_0x2e
                0x0801aff4       0x50 z80/Src/z80.o
 .text.op_DDCB_0x2f
                0x0801b044       0x54 z80/Src/z80.o
 .text.op_DDCB_0x30
                0x0801b098       0x50 z80/Src/z80.o
 .text.op_DDCB_0x31
                0x0801b0e8       0x50 z80/Src/z80.o
 .text.op_DDCB_0x32
                0x0801b138       0x50 z80/Src/z80.o
 .text.op_DDCB_0x33
                0x0801b188       0x50 z80/Src/z80.o
 .text.op_DDCB_0x34
                0x0801b1d8       0x50 z80/Src/z80.o
 .text.op_DDCB_0x35
                0x0801b228       0x50 z80/Src/z80.o
 .text.op_DDCB_0x36
                0x0801b278       0x50 z80/Src/z80.o
 .text.op_DDCB_0x37
                0x0801b2c8       0x50 z80/Src/z80.o
 .text.op_DDCB_0x38
                0x0801b318       0x4c z80/Src/z80.o
 .text.op_DDCB_0x39
                0x0801b364       0x4c z80/Src/z80.o
 .text.op_DDCB_0x3a
                0x0801b3b0       0x4c z80/Src/z80.o
 .text.op_DDCB_0x3b
                0x0801b3fc       0x4c z80/Src/z80.o
 .text.op_DDCB_0x3c
                0x0801b448       0x4c z80/Src/z80.o
 .text.op_DDCB_0x3d
                0x0801b494       0x4c z80/Src/z80.o
 .text.op_DDCB_0x3e
                0x0801b4e0       0x4c z80/Src/z80.o
 .text.op_DDCB_0x3f
                0x0801b52c       0x4c z80/Src/z80.o
 .text.op_DDCB_0x47
                0x0801b578       0x4c z80/Src/z80.o
 .text.op_DDCB_0x4f
                0x0801b5c4       0x4c z80/Src/z80.o
 .text.op_DDCB_0x57
                0x0801b610       0x4c z80/Src/z80.o
 .text.op_DDCB_0x5f
                0x0801b65c       0x4c z80/Src/z80.o
 .text.op_DDCB_0x67
                0x0801b6a8       0x4c z80/Src/z80.o
 .text.op_DDCB_0x6f
                0x0801b6f4       0x4c z80/Src/z80.o
 .text.op_DDCB_0x77
                0x0801b740       0x4c z80/Src/z80.o
 .text.op_DDCB_0x80
                0x0801b78c       0x34 z80/Src/z80.o
 .text.op_DDCB_0x81
                0x0801b7c0       0x34 z80/Src/z80.o
 .text.op_DDCB_0x82
                0x0801b7f4       0x34 z80/Src/z80.o
 .text.op_DDCB_0x83
                0x0801b828       0x34 z80/Src/z80.o
 .text.op_DDCB_0x84
                0x0801b85c       0x34 z80/Src/z80.o
 .text.op_DDCB_0x85
                0x0801b890       0x34 z80/Src/z80.o
 .text.op_DDCB_0x86
                0x0801b8c4       0x40 z80/Src/z80.o
 .text.op_DDCB_0x87
                0x0801b904       0x34 z80/Src/z80.o
 .text.op_DDCB_0x88
                0x0801b938       0x34 z80/Src/z80.o
 .text.op_DDCB_0x89
                0x0801b96c       0x34 z80/Src/z80.o
 .text.op_DDCB_0x8a
                0x0801b9a0       0x34 z80/Src/z80.o
 .text.op_DDCB_0x8b
                0x0801b9d4       0x34 z80/Src/z80.o
 .text.op_DDCB_0x8c
                0x0801ba08       0x34 z80/Src/z80.o
 .text.op_DDCB_0x8d
                0x0801ba3c       0x34 z80/Src/z80.o
 .text.op_DDCB_0x8e
                0x0801ba70       0x40 z80/Src/z80.o
 .text.op_DDCB_0x8f
                0x0801bab0       0x34 z80/Src/z80.o
 .text.op_DDCB_0x90
                0x0801bae4       0x34 z80/Src/z80.o
 .text.op_DDCB_0x91
                0x0801bb18       0x34 z80/Src/z80.o
 .text.op_DDCB_0x92
                0x0801bb4c       0x34 z80/Src/z80.o
 .text.op_DDCB_0x93
                0x0801bb80       0x34 z80/Src/z80.o
 .text.op_DDCB_0x94
                0x0801bbb4       0x34 z80/Src/z80.o
 .text.op_DDCB_0x95
                0x0801bbe8       0x34 z80/Src/z80.o
 .text.op_DDCB_0x96
                0x0801bc1c       0x40 z80/Src/z80.o
 .text.op_DDCB_0x97
                0x0801bc5c       0x34 z80/Src/z80.o
 .text.op_DDCB_0x98
                0x0801bc90       0x34 z80/Src/z80.o
 .text.op_DDCB_0x99
                0x0801bcc4       0x34 z80/Src/z80.o
 .text.op_DDCB_0x9a
                0x0801bcf8       0x34 z80/Src/z80.o
 .text.op_DDCB_0x9b
                0x0801bd2c       0x34 z80/Src/z80.o
 .text.op_DDCB_0x9c
                0x0801bd60       0x34 z80/Src/z80.o
 .text.op_DDCB_0x9d
                0x0801bd94       0x34 z80/Src/z80.o
 .text.op_DDCB_0x9e
                0x0801bdc8       0x40 z80/Src/z80.o
 .text.op_DDCB_0x9f
                0x0801be08       0x34 z80/Src/z80.o
 .text.op_DDCB_0xa0
                0x0801be3c       0x34 z80/Src/z80.o
 .text.op_DDCB_0xa1
                0x0801be70       0x34 z80/Src/z80.o
 .text.op_DDCB_0xa2
                0x0801bea4       0x34 z80/Src/z80.o
 .text.op_DDCB_0xa3
                0x0801bed8       0x34 z80/Src/z80.o
 .text.op_DDCB_0xa4
                0x0801bf0c       0x34 z80/Src/z80.o
 .text.op_DDCB_0xa5
                0x0801bf40       0x34 z80/Src/z80.o
 .text.op_DDCB_0xa6
                0x0801bf74       0x40 z80/Src/z80.o
 .text.op_DDCB_0xa7
                0x0801bfb4       0x34 z80/Src/z80.o
 .text.op_DDCB_0xa8
                0x0801bfe8       0x34 z80/Src/z80.o
 .text.op_DDCB_0xa9
                0x0801c01c       0x34 z80/Src/z80.o
 .text.op_DDCB_0xaa
                0x0801c050       0x34 z80/Src/z80.o
 .text.op_DDCB_0xab
                0x0801c084       0x34 z80/Src/z80.o
 .text.op_DDCB_0xac
                0x0801c0b8       0x34 z80/Src/z80.o
 .text.op_DDCB_0xad
                0x0801c0ec       0x34 z80/Src/z80.o
 .text.op_DDCB_0xae
                0x0801c120       0x40 z80/Src/z80.o
 .text.op_DDCB_0xaf
                0x0801c160       0x34 z80/Src/z80.o
 .text.op_DDCB_0xb0
                0x0801c194       0x34 z80/Src/z80.o
 .text.op_DDCB_0xb1
                0x0801c1c8       0x34 z80/Src/z80.o
 .text.op_DDCB_0xb2
                0x0801c1fc       0x34 z80/Src/z80.o
 .text.op_DDCB_0xb3
                0x0801c230       0x34 z80/Src/z80.o
 .text.op_DDCB_0xb4
                0x0801c264       0x34 z80/Src/z80.o
 .text.op_DDCB_0xb5
                0x0801c298       0x34 z80/Src/z80.o
 .text.op_DDCB_0xb6
                0x0801c2cc       0x40 z80/Src/z80.o
 .text.op_DDCB_0xb7
                0x0801c30c       0x34 z80/Src/z80.o
 .text.op_DDCB_0xb8
                0x0801c340       0x34 z80/Src/z80.o
 .text.op_DDCB_0xb9
                0x0801c374       0x34 z80/Src/z80.o
 .text.op_DDCB_0xba
                0x0801c3a8       0x34 z80/Src/z80.o
 .text.op_DDCB_0xbb
                0x0801c3dc       0x34 z80/Src/z80.o
 .text.op_DDCB_0xbc
                0x0801c410       0x34 z80/Src/z80.o
 .text.op_DDCB_0xbd
                0x0801c444       0x34 z80/Src/z80.o
 .text.op_DDCB_0xbe
                0x0801c478       0x40 z80/Src/z80.o
 .text.op_DDCB_0xbf
                0x0801c4b8       0x34 z80/Src/z80.o
 .text.op_DDCB_0xc0
                0x0801c4ec       0x34 z80/Src/z80.o
 .text.op_DDCB_0xc1
                0x0801c520       0x34 z80/Src/z80.o
 .text.op_DDCB_0xc2
                0x0801c554       0x34 z80/Src/z80.o
 .text.op_DDCB_0xc3
                0x0801c588       0x34 z80/Src/z80.o
 .text.op_DDCB_0xc4
                0x0801c5bc       0x34 z80/Src/z80.o
 .text.op_DDCB_0xc5
                0x0801c5f0       0x34 z80/Src/z80.o
 .text.op_DDCB_0xc6
                0x0801c624       0x40 z80/Src/z80.o
 .text.op_DDCB_0xc7
                0x0801c664       0x34 z80/Src/z80.o
 .text.op_DDCB_0xc8
                0x0801c698       0x34 z80/Src/z80.o
 .text.op_DDCB_0xc9
                0x0801c6cc       0x34 z80/Src/z80.o
 .text.op_DDCB_0xca
                0x0801c700       0x34 z80/Src/z80.o
 .text.op_DDCB_0xcb
                0x0801c734       0x34 z80/Src/z80.o
 .text.op_DDCB_0xcc
                0x0801c768       0x34 z80/Src/z80.o
 .text.op_DDCB_0xcd
                0x0801c79c       0x34 z80/Src/z80.o
 .text.op_DDCB_0xce
                0x0801c7d0       0x40 z80/Src/z80.o
 .text.op_DDCB_0xcf
                0x0801c810       0x34 z80/Src/z80.o
 .text.op_DDCB_0xd0
                0x0801c844       0x34 z80/Src/z80.o
 .text.op_DDCB_0xd1
                0x0801c878       0x34 z80/Src/z80.o
 .text.op_DDCB_0xd2
                0x0801c8ac       0x34 z80/Src/z80.o
 .text.op_DDCB_0xd3
                0x0801c8e0       0x34 z80/Src/z80.o
 .text.op_DDCB_0xd4
                0x0801c914       0x34 z80/Src/z80.o
 .text.op_DDCB_0xd5
                0x0801c948       0x34 z80/Src/z80.o
 .text.op_DDCB_0xd6
                0x0801c97c       0x40 z80/Src/z80.o
 .text.op_DDCB_0xd7
                0x0801c9bc       0x34 z80/Src/z80.o
 .text.op_DDCB_0xd8
                0x0801c9f0       0x34 z80/Src/z80.o
 .text.op_DDCB_0xd9
                0x0801ca24       0x34 z80/Src/z80.o
 .text.op_DDCB_0xda
                0x0801ca58       0x34 z80/Src/z80.o
 .text.op_DDCB_0xdb
                0x0801ca8c       0x34 z80/Src/z80.o
 .text.op_DDCB_0xdc
                0x0801cac0       0x34 z80/Src/z80.o
 .text.op_DDCB_0xdd
                0x0801caf4       0x34 z80/Src/z80.o
 .text.op_DDCB_0xde
                0x0801cb28       0x40 z80/Src/z80.o
 .text.op_DDCB_0xdf
                0x0801cb68       0x34 z80/Src/z80.o
 .text.op_DDCB_0xe0
                0x0801cb9c       0x34 z80/Src/z80.o
 .text.op_DDCB_0xe1
                0x0801cbd0       0x34 z80/Src/z80.o
 .text.op_DDCB_0xe2
                0x0801cc04       0x34 z80/Src/z80.o
 .text.op_DDCB_0xe3
                0x0801cc38       0x34 z80/Src/z80.o
 .text.op_DDCB_0xe4
                0x0801cc6c       0x34 z80/Src/z80.o
 .text.op_DDCB_0xe5
                0x0801cca0       0x34 z80/Src/z80.o
 .text.op_DDCB_0xe6
                0x0801ccd4       0x40 z80/Src/z80.o
 .text.op_DDCB_0xe7
                0x0801cd14       0x34 z80/Src/z80.o
 .text.op_DDCB_0xe8
                0x0801cd48       0x34 z80/Src/z80.o
 .text.op_DDCB_0xe9
                0x0801cd7c       0x34 z80/Src/z80.o
 .text.op_DDCB_0xea
                0x0801cdb0       0x34 z80/Src/z80.o
 .text.op_DDCB_0xeb
                0x0801cde4       0x34 z80/Src/z80.o
 .text.op_DDCB_0xec
                0x0801ce18       0x34 z80/Src/z80.o
 .text.op_DDCB_0xed
                0x0801ce4c       0x34 z80/Src/z80.o
 .text.op_DDCB_0xee
                0x0801ce80       0x40 z80/Src/z80.o
 .text.op_DDCB_0xef
                0x0801cec0       0x34 z80/Src/z80.o
 .text.op_DDCB_0xf0
                0x0801cef4       0x34 z80/Src/z80.o
 .text.op_DDCB_0xf1
                0x0801cf28       0x34 z80/Src/z80.o
 .text.op_DDCB_0xf2
                0x0801cf5c       0x34 z80/Src/z80.o
 .text.op_DDCB_0xf3
                0x0801cf90       0x34 z80/Src/z80.o
 .text.op_DDCB_0xf4
                0x0801cfc4       0x34 z80/Src/z80.o
 .text.op_DDCB_0xf5
                0x0801cff8       0x34 z80/Src/z80.o
 .text.op_DDCB_0xf6
                0x0801d02c       0x40 z80/Src/z80.o
 .text.op_DDCB_0xf7
                0x0801d06c       0x34 z80/Src/z80.o
 .text.op_DDCB_0xf8
                0x0801d0a0       0x34 z80/Src/z80.o
 .text.op_DDCB_0xf9
                0x0801d0d4       0x34 z80/Src/z80.o
 .text.op_DDCB_0xfa
                0x0801d108       0x34 z80/Src/z80.o
 .text.op_DDCB_0xfb
                0x0801d13c       0x34 z80/Src/z80.o
 .text.op_DDCB_0xfc
                0x0801d170       0x34 z80/Src/z80.o
 .text.op_DDCB_0xfd
                0x0801d1a4       0x34 z80/Src/z80.o
 .text.op_DDCB_0xfe
                0x0801d1d8       0x40 z80/Src/z80.o
 .text.op_DDCB_0xff
                0x0801d218       0x34 z80/Src/z80.o
 .text.op_FDCB_0x00
                0x0801d24c       0x54 z80/Src/z80.o
 .text.op_FDCB_0x01
                0x0801d2a0       0x54 z80/Src/z80.o
 .text.op_FDCB_0x02
                0x0801d2f4       0x54 z80/Src/z80.o
 .text.op_FDCB_0x03
                0x0801d348       0x54 z80/Src/z80.o
 .text.op_FDCB_0x04
                0x0801d39c       0x54 z80/Src/z80.o
 .text.op_FDCB_0x05
                0x0801d3f0       0x54 z80/Src/z80.o
 .text.op_FDCB_0x06
                0x0801d444       0x54 z80/Src/z80.o
 .text.op_FDCB_0x07
                0x0801d498       0x54 z80/Src/z80.o
 .text.op_FDCB_0x08
                0x0801d4ec       0x54 z80/Src/z80.o
 .text.op_FDCB_0x09
                0x0801d540       0x54 z80/Src/z80.o
 .text.op_FDCB_0x0a
                0x0801d594       0x54 z80/Src/z80.o
 .text.op_FDCB_0x0b
                0x0801d5e8       0x54 z80/Src/z80.o
 .text.op_FDCB_0x0c
                0x0801d63c       0x54 z80/Src/z80.o
 .text.op_FDCB_0x0d
                0x0801d690       0x54 z80/Src/z80.o
 .text.op_FDCB_0x0e
                0x0801d6e4       0x50 z80/Src/z80.o
 .text.op_FDCB_0x0f
                0x0801d734       0x54 z80/Src/z80.o
 .text.op_FDCB_0x10
                0x0801d788       0x5c z80/Src/z80.o
 .text.op_FDCB_0x11
                0x0801d7e4       0x5c z80/Src/z80.o
 .text.op_FDCB_0x12
                0x0801d840       0x5c z80/Src/z80.o
 .text.op_FDCB_0x13
                0x0801d89c       0x5c z80/Src/z80.o
 .text.op_FDCB_0x14
                0x0801d8f8       0x5c z80/Src/z80.o
 .text.op_FDCB_0x15
                0x0801d954       0x5c z80/Src/z80.o
 .text.op_FDCB_0x16
                0x0801d9b0       0x5c z80/Src/z80.o
 .text.op_FDCB_0x17
                0x0801da0c       0x5c z80/Src/z80.o
 .text.op_FDCB_0x18
                0x0801da68       0x5c z80/Src/z80.o
 .text.op_FDCB_0x19
                0x0801dac4       0x5c z80/Src/z80.o
 .text.op_FDCB_0x1a
                0x0801db20       0x5c z80/Src/z80.o
 .text.op_FDCB_0x1b
                0x0801db7c       0x5c z80/Src/z80.o
 .text.op_FDCB_0x1c
                0x0801dbd8       0x5c z80/Src/z80.o
 .text.op_FDCB_0x1d
                0x0801dc34       0x5c z80/Src/z80.o
 .text.op_FDCB_0x1e
                0x0801dc90       0x5c z80/Src/z80.o
 .text.op_FDCB_0x1f
                0x0801dcec       0x5c z80/Src/z80.o
 .text.op_FDCB_0x20
                0x0801dd48       0x4c z80/Src/z80.o
 .text.op_FDCB_0x21
                0x0801dd94       0x4c z80/Src/z80.o
 .text.op_FDCB_0x22
                0x0801dde0       0x4c z80/Src/z80.o
 .text.op_FDCB_0x23
                0x0801de2c       0x4c z80/Src/z80.o
 .text.op_FDCB_0x24
                0x0801de78       0x4c z80/Src/z80.o
 .text.op_FDCB_0x25
                0x0801dec4       0x4c z80/Src/z80.o
 .text.op_FDCB_0x26
                0x0801df10       0x4c z80/Src/z80.o
 .text.op_FDCB_0x27
                0x0801df5c       0x4c z80/Src/z80.o
 .text.op_FDCB_0x28
                0x0801dfa8       0x54 z80/Src/z80.o
 .text.op_FDCB_0x29
                0x0801dffc       0x54 z80/Src/z80.o
 .text.op_FDCB_0x2a
                0x0801e050       0x54 z80/Src/z80.o
 .text.op_FDCB_0x2b
                0x0801e0a4       0x54 z80/Src/z80.o
 .text.op_FDCB_0x2c
                0x0801e0f8       0x54 z80/Src/z80.o
 .text.op_FDCB_0x2d
                0x0801e14c       0x54 z80/Src/z80.o
 .text.op_FDCB_0x2e
                0x0801e1a0       0x50 z80/Src/z80.o
 .text.op_FDCB_0x2f
                0x0801e1f0       0x54 z80/Src/z80.o
 .text.op_FDCB_0x30
                0x0801e244       0x50 z80/Src/z80.o
 .text.op_FDCB_0x31
                0x0801e294       0x50 z80/Src/z80.o
 .text.op_FDCB_0x32
                0x0801e2e4       0x50 z80/Src/z80.o
 .text.op_FDCB_0x33
                0x0801e334       0x50 z80/Src/z80.o
 .text.op_FDCB_0x34
                0x0801e384       0x50 z80/Src/z80.o
 .text.op_FDCB_0x35
                0x0801e3d4       0x50 z80/Src/z80.o
 .text.op_FDCB_0x36
                0x0801e424       0x50 z80/Src/z80.o
 .text.op_FDCB_0x37
                0x0801e474       0x50 z80/Src/z80.o
 .text.op_FDCB_0x38
                0x0801e4c4       0x4c z80/Src/z80.o
 .text.op_FDCB_0x39
                0x0801e510       0x4c z80/Src/z80.o
 .text.op_FDCB_0x3a
                0x0801e55c       0x4c z80/Src/z80.o
 .text.op_FDCB_0x3b
                0x0801e5a8       0x4c z80/Src/z80.o
 .text.op_FDCB_0x3c
                0x0801e5f4       0x4c z80/Src/z80.o
 .text.op_FDCB_0x3d
                0x0801e640       0x4c z80/Src/z80.o
 .text.op_FDCB_0x3e
                0x0801e68c       0x4c z80/Src/z80.o
 .text.op_FDCB_0x3f
                0x0801e6d8       0x4c z80/Src/z80.o
 .text.op_FDCB_0x47
                0x0801e724       0x4c z80/Src/z80.o
 .text.op_FDCB_0x4f
                0x0801e770       0x4c z80/Src/z80.o
 .text.op_FDCB_0x57
                0x0801e7bc       0x4c z80/Src/z80.o
 .text.op_FDCB_0x5f
                0x0801e808       0x4c z80/Src/z80.o
 .text.op_FDCB_0x67
                0x0801e854       0x4c z80/Src/z80.o
 .text.op_FDCB_0x6f
                0x0801e8a0       0x4c z80/Src/z80.o
 .text.op_FDCB_0x77
                0x0801e8ec       0x4c z80/Src/z80.o
 .text.op_FDCB_0x80
                0x0801e938       0x34 z80/Src/z80.o
 .text.op_FDCB_0x81
                0x0801e96c       0x34 z80/Src/z80.o
 .text.op_FDCB_0x82
                0x0801e9a0       0x34 z80/Src/z80.o
 .text.op_FDCB_0x83
                0x0801e9d4       0x34 z80/Src/z80.o
 .text.op_FDCB_0x84
                0x0801ea08       0x34 z80/Src/z80.o
 .text.op_FDCB_0x85
                0x0801ea3c       0x34 z80/Src/z80.o
 .text.op_FDCB_0x86
                0x0801ea70       0x40 z80/Src/z80.o
 .text.op_FDCB_0x87
                0x0801eab0       0x34 z80/Src/z80.o
 .text.op_FDCB_0x88
                0x0801eae4       0x34 z80/Src/z80.o
 .text.op_FDCB_0x89
                0x0801eb18       0x34 z80/Src/z80.o
 .text.op_FDCB_0x8a
                0x0801eb4c       0x34 z80/Src/z80.o
 .text.op_FDCB_0x8b
                0x0801eb80       0x34 z80/Src/z80.o
 .text.op_FDCB_0x8c
                0x0801ebb4       0x34 z80/Src/z80.o
 .text.op_FDCB_0x8d
                0x0801ebe8       0x34 z80/Src/z80.o
 .text.op_FDCB_0x8e
                0x0801ec1c       0x40 z80/Src/z80.o
 .text.op_FDCB_0x8f
                0x0801ec5c       0x34 z80/Src/z80.o
 .text.op_FDCB_0x90
                0x0801ec90       0x34 z80/Src/z80.o
 .text.op_FDCB_0x91
                0x0801ecc4       0x34 z80/Src/z80.o
 .text.op_FDCB_0x92
                0x0801ecf8       0x34 z80/Src/z80.o
 .text.op_FDCB_0x93
                0x0801ed2c       0x34 z80/Src/z80.o
 .text.op_FDCB_0x94
                0x0801ed60       0x34 z80/Src/z80.o
 .text.op_FDCB_0x95
                0x0801ed94       0x34 z80/Src/z80.o
 .text.op_FDCB_0x96
                0x0801edc8       0x40 z80/Src/z80.o
 .text.op_FDCB_0x97
                0x0801ee08       0x34 z80/Src/z80.o
 .text.op_FDCB_0x98
                0x0801ee3c       0x34 z80/Src/z80.o
 .text.op_FDCB_0x99
                0x0801ee70       0x34 z80/Src/z80.o
 .text.op_FDCB_0x9a
                0x0801eea4       0x34 z80/Src/z80.o
 .text.op_FDCB_0x9b
                0x0801eed8       0x34 z80/Src/z80.o
 .text.op_FDCB_0x9c
                0x0801ef0c       0x34 z80/Src/z80.o
 .text.op_FDCB_0x9d
                0x0801ef40       0x34 z80/Src/z80.o
 .text.op_FDCB_0x9e
                0x0801ef74       0x40 z80/Src/z80.o
 .text.op_FDCB_0x9f
                0x0801efb4       0x34 z80/Src/z80.o
 .text.op_FDCB_0xa0
                0x0801efe8       0x34 z80/Src/z80.o
 .text.op_FDCB_0xa1
                0x0801f01c       0x34 z80/Src/z80.o
 .text.op_FDCB_0xa2
                0x0801f050       0x34 z80/Src/z80.o
 .text.op_FDCB_0xa3
                0x0801f084       0x34 z80/Src/z80.o
 .text.op_FDCB_0xa4
                0x0801f0b8       0x34 z80/Src/z80.o
 .text.op_FDCB_0xa5
                0x0801f0ec       0x34 z80/Src/z80.o
 .text.op_FDCB_0xa6
                0x0801f120       0x40 z80/Src/z80.o
 .text.op_FDCB_0xa7
                0x0801f160       0x34 z80/Src/z80.o
 .text.op_FDCB_0xa8
                0x0801f194       0x34 z80/Src/z80.o
 .text.op_FDCB_0xa9
                0x0801f1c8       0x34 z80/Src/z80.o
 .text.op_FDCB_0xaa
                0x0801f1fc       0x34 z80/Src/z80.o
 .text.op_FDCB_0xab
                0x0801f230       0x34 z80/Src/z80.o
 .text.op_FDCB_0xac
                0x0801f264       0x34 z80/Src/z80.o
 .text.op_FDCB_0xad
                0x0801f298       0x34 z80/Src/z80.o
 .text.op_FDCB_0xae
                0x0801f2cc       0x40 z80/Src/z80.o
 .text.op_FDCB_0xaf
                0x0801f30c       0x34 z80/Src/z80.o
 .text.op_FDCB_0xb0
                0x0801f340       0x34 z80/Src/z80.o
 .text.op_FDCB_0xb1
                0x0801f374       0x34 z80/Src/z80.o
 .text.op_FDCB_0xb2
                0x0801f3a8       0x34 z80/Src/z80.o
 .text.op_FDCB_0xb3
                0x0801f3dc       0x34 z80/Src/z80.o
 .text.op_FDCB_0xb4
                0x0801f410       0x34 z80/Src/z80.o
 .text.op_FDCB_0xb5
                0x0801f444       0x34 z80/Src/z80.o
 .text.op_FDCB_0xb6
                0x0801f478       0x40 z80/Src/z80.o
 .text.op_FDCB_0xb7
                0x0801f4b8       0x34 z80/Src/z80.o
 .text.op_FDCB_0xb8
                0x0801f4ec       0x34 z80/Src/z80.o
 .text.op_FDCB_0xb9
                0x0801f520       0x34 z80/Src/z80.o
 .text.op_FDCB_0xba
                0x0801f554       0x34 z80/Src/z80.o
 .text.op_FDCB_0xbb
                0x0801f588       0x34 z80/Src/z80.o
 .text.op_FDCB_0xbc
                0x0801f5bc       0x34 z80/Src/z80.o
 .text.op_FDCB_0xbd
                0x0801f5f0       0x34 z80/Src/z80.o
 .text.op_FDCB_0xbe
                0x0801f624       0x40 z80/Src/z80.o
 .text.op_FDCB_0xbf
                0x0801f664       0x34 z80/Src/z80.o
 .text.op_FDCB_0xc0
                0x0801f698       0x34 z80/Src/z80.o
 .text.op_FDCB_0xc1
                0x0801f6cc       0x34 z80/Src/z80.o
 .text.op_FDCB_0xc2
                0x0801f700       0x34 z80/Src/z80.o
 .text.op_FDCB_0xc3
                0x0801f734       0x34 z80/Src/z80.o
 .text.op_FDCB_0xc4
                0x0801f768       0x34 z80/Src/z80.o
 .text.op_FDCB_0xc5
                0x0801f79c       0x34 z80/Src/z80.o
 .text.op_FDCB_0xc6
                0x0801f7d0       0x40 z80/Src/z80.o
 .text.op_FDCB_0xc7
                0x0801f810       0x34 z80/Src/z80.o
 .text.op_FDCB_0xc8
                0x0801f844       0x34 z80/Src/z80.o
 .text.op_FDCB_0xc9
                0x0801f878       0x34 z80/Src/z80.o
 .text.op_FDCB_0xca
                0x0801f8ac       0x34 z80/Src/z80.o
 .text.op_FDCB_0xcb
                0x0801f8e0       0x34 z80/Src/z80.o
 .text.op_FDCB_0xcc
                0x0801f914       0x34 z80/Src/z80.o
 .text.op_FDCB_0xcd
                0x0801f948       0x34 z80/Src/z80.o
 .text.op_FDCB_0xce
                0x0801f97c       0x40 z80/Src/z80.o
 .text.op_FDCB_0xcf
                0x0801f9bc       0x34 z80/Src/z80.o
 .text.op_FDCB_0xd0
                0x0801f9f0       0x34 z80/Src/z80.o
 .text.op_FDCB_0xd1
                0x0801fa24       0x34 z80/Src/z80.o
 .text.op_FDCB_0xd2
                0x0801fa58       0x34 z80/Src/z80.o
 .text.op_FDCB_0xd3
                0x0801fa8c       0x34 z80/Src/z80.o
 .text.op_FDCB_0xd4
                0x0801fac0       0x34 z80/Src/z80.o
 .text.op_FDCB_0xd5
                0x0801faf4       0x34 z80/Src/z80.o
 .text.op_FDCB_0xd6
                0x0801fb28       0x40 z80/Src/z80.o
 .text.op_FDCB_0xd7
                0x0801fb68       0x34 z80/Src/z80.o
 .text.op_FDCB_0xd8
                0x0801fb9c       0x34 z80/Src/z80.o
 .text.op_FDCB_0xd9
                0x0801fbd0       0x34 z80/Src/z80.o
 .text.op_FDCB_0xda
                0x0801fc04       0x34 z80/Src/z80.o
 .text.op_FDCB_0xdb
                0x0801fc38       0x34 z80/Src/z80.o
 .text.op_FDCB_0xdc
                0x0801fc6c       0x34 z80/Src/z80.o
 .text.op_FDCB_0xdd
                0x0801fca0       0x34 z80/Src/z80.o
 .text.op_FDCB_0xde
                0x0801fcd4       0x40 z80/Src/z80.o
 .text.op_FDCB_0xdf
                0x0801fd14       0x34 z80/Src/z80.o
 .text.op_FDCB_0xe0
                0x0801fd48       0x34 z80/Src/z80.o
 .text.op_FDCB_0xe1
                0x0801fd7c       0x34 z80/Src/z80.o
 .text.op_FDCB_0xe2
                0x0801fdb0       0x34 z80/Src/z80.o
 .text.op_FDCB_0xe3
                0x0801fde4       0x34 z80/Src/z80.o
 .text.op_FDCB_0xe4
                0x0801fe18       0x34 z80/Src/z80.o
 .text.op_FDCB_0xe5
                0x0801fe4c       0x34 z80/Src/z80.o
 .text.op_FDCB_0xe6
                0x0801fe80       0x40 z80/Src/z80.o
 .text.op_FDCB_0xe7
                0x0801fec0       0x34 z80/Src/z80.o
 .text.op_FDCB_0xe8
                0x0801fef4       0x34 z80/Src/z80.o
 .text.op_FDCB_0xe9
                0x0801ff28       0x34 z80/Src/z80.o
 .text.op_FDCB_0xea
                0x0801ff5c       0x34 z80/Src/z80.o
 .text.op_FDCB_0xeb
                0x0801ff90       0x34 z80/Src/z80.o
 .text.op_FDCB_0xec
                0x0801ffc4       0x34 z80/Src/z80.o
 .text.op_FDCB_0xed
                0x0801fff8       0x34 z80/Src/z80.o
 .text.op_FDCB_0xee
                0x0802002c       0x40 z80/Src/z80.o
 .text.op_FDCB_0xef
                0x0802006c       0x34 z80/Src/z80.o
 .text.op_FDCB_0xf0
                0x080200a0       0x34 z80/Src/z80.o
 .text.op_FDCB_0xf1
                0x080200d4       0x34 z80/Src/z80.o
 .text.op_FDCB_0xf2
                0x08020108       0x34 z80/Src/z80.o
 .text.op_FDCB_0xf3
                0x0802013c       0x34 z80/Src/z80.o
 .text.op_FDCB_0xf4
                0x08020170       0x34 z80/Src/z80.o
 .text.op_FDCB_0xf5
                0x080201a4       0x34 z80/Src/z80.o
 .text.op_FDCB_0xf6
                0x080201d8       0x40 z80/Src/z80.o
 .text.op_FDCB_0xf7
                0x08020218       0x34 z80/Src/z80.o
 .text.op_FDCB_0xf8
                0x0802024c       0x34 z80/Src/z80.o
 .text.op_FDCB_0xf9
                0x08020280       0x34 z80/Src/z80.o
 .text.op_FDCB_0xfa
                0x080202b4       0x34 z80/Src/z80.o
 .text.op_FDCB_0xfb
                0x080202e8       0x34 z80/Src/z80.o
 .text.op_FDCB_0xfc
                0x0802031c       0x34 z80/Src/z80.o
 .text.op_FDCB_0xfd
                0x08020350       0x34 z80/Src/z80.o
 .text.op_FDCB_0xfe
                0x08020384       0x40 z80/Src/z80.o
 .text.op_FDCB_0xff
                0x080203c4       0x34 z80/Src/z80.o
 .text.op_CB_0x00
                0x080203f8       0x28 z80/Src/z80.o
 .text.op_CB_0x01
                0x08020420       0x28 z80/Src/z80.o
 .text.op_CB_0x02
                0x08020448       0x28 z80/Src/z80.o
 .text.op_CB_0x03
                0x08020470       0x28 z80/Src/z80.o
 .text.op_CB_0x04
                0x08020498       0x28 z80/Src/z80.o
 .text.op_CB_0x05
                0x080204c0       0x28 z80/Src/z80.o
 .text.op_CB_0x06
                0x080204e8       0x44 z80/Src/z80.o
 .text.op_CB_0x07
                0x0802052c       0x28 z80/Src/z80.o
 .text.op_CB_0x08
                0x08020554       0x28 z80/Src/z80.o
 .text.op_CB_0x09
                0x0802057c       0x28 z80/Src/z80.o
 .text.op_CB_0x0a
                0x080205a4       0x28 z80/Src/z80.o
 .text.op_CB_0x0b
                0x080205cc       0x28 z80/Src/z80.o
 .text.op_CB_0x0c
                0x080205f4       0x28 z80/Src/z80.o
 .text.op_CB_0x0d
                0x0802061c       0x28 z80/Src/z80.o
 .text.op_CB_0x0e
                0x08020644       0x40 z80/Src/z80.o
 .text.op_CB_0x0f
                0x08020684       0x28 z80/Src/z80.o
 .text.op_CB_0x10
                0x080206ac       0x38 z80/Src/z80.o
 .text.op_CB_0x11
                0x080206e4       0x38 z80/Src/z80.o
 .text.op_CB_0x12
                0x0802071c       0x38 z80/Src/z80.o
 .text.op_CB_0x13
                0x08020754       0x38 z80/Src/z80.o
 .text.op_CB_0x14
                0x0802078c       0x38 z80/Src/z80.o
 .text.op_CB_0x15
                0x080207c4       0x38 z80/Src/z80.o
 .text.op_CB_0x16
                0x080207fc       0x4c z80/Src/z80.o
 .text.op_CB_0x17
                0x08020848       0x38 z80/Src/z80.o
 .text.op_CB_0x18
                0x08020880       0x38 z80/Src/z80.o
 .text.op_CB_0x19
                0x080208b8       0x38 z80/Src/z80.o
 .text.op_CB_0x1a
                0x080208f0       0x38 z80/Src/z80.o
 .text.op_CB_0x1b
                0x08020928       0x38 z80/Src/z80.o
 .text.op_CB_0x1c
                0x08020960       0x38 z80/Src/z80.o
 .text.op_CB_0x1d
                0x08020998       0x38 z80/Src/z80.o
 .text.op_CB_0x1e
                0x080209d0       0x4c z80/Src/z80.o
 .text.op_CB_0x1f
                0x08020a1c       0x38 z80/Src/z80.o
 .text.op_CB_0x20
                0x08020a54       0x20 z80/Src/z80.o
 .text.op_CB_0x21
                0x08020a74       0x20 z80/Src/z80.o
 .text.op_CB_0x22
                0x08020a94       0x20 z80/Src/z80.o
 .text.op_CB_0x23
                0x08020ab4       0x20 z80/Src/z80.o
 .text.op_CB_0x24
                0x08020ad4       0x20 z80/Src/z80.o
 .text.op_CB_0x25
                0x08020af4       0x20 z80/Src/z80.o
 .text.op_CB_0x26
                0x08020b14       0x3c z80/Src/z80.o
 .text.op_CB_0x27
                0x08020b50       0x20 z80/Src/z80.o
 .text.op_CB_0x28
                0x08020b70       0x28 z80/Src/z80.o
 .text.op_CB_0x29
                0x08020b98       0x28 z80/Src/z80.o
 .text.op_CB_0x2a
                0x08020bc0       0x28 z80/Src/z80.o
 .text.op_CB_0x2b
                0x08020be8       0x28 z80/Src/z80.o
 .text.op_CB_0x2c
                0x08020c10       0x28 z80/Src/z80.o
 .text.op_CB_0x2d
                0x08020c38       0x28 z80/Src/z80.o
 .text.op_CB_0x2e
                0x08020c60       0x40 z80/Src/z80.o
 .text.op_CB_0x2f
                0x08020ca0       0x28 z80/Src/z80.o
 .text.op_CB_0x30
                0x08020cc8       0x24 z80/Src/z80.o
 .text.op_CB_0x31
                0x08020cec       0x24 z80/Src/z80.o
 .text.op_CB_0x32
                0x08020d10       0x24 z80/Src/z80.o
 .text.op_CB_0x33
                0x08020d34       0x24 z80/Src/z80.o
 .text.op_CB_0x34
                0x08020d58       0x24 z80/Src/z80.o
 .text.op_CB_0x35
                0x08020d7c       0x24 z80/Src/z80.o
 .text.op_CB_0x36
                0x08020da0       0x40 z80/Src/z80.o
 .text.op_CB_0x37
                0x08020de0       0x24 z80/Src/z80.o
 .text.op_CB_0x38
                0x08020e04       0x20 z80/Src/z80.o
 .text.op_CB_0x39
                0x08020e24       0x20 z80/Src/z80.o
 .text.op_CB_0x3a
                0x08020e44       0x20 z80/Src/z80.o
 .text.op_CB_0x3b
                0x08020e64       0x20 z80/Src/z80.o
 .text.op_CB_0x3c
                0x08020e84       0x20 z80/Src/z80.o
 .text.op_CB_0x3d
                0x08020ea4       0x20 z80/Src/z80.o
 .text.op_CB_0x3e
                0x08020ec4       0x3c z80/Src/z80.o
 .text.op_CB_0x3f
                0x08020f00       0x20 z80/Src/z80.o
 .text.op_CB_0x40
                0x08020f20       0x28 z80/Src/z80.o
 .text.op_CB_0x41
                0x08020f48       0x28 z80/Src/z80.o
 .text.op_CB_0x42
                0x08020f70       0x28 z80/Src/z80.o
 .text.op_CB_0x43
                0x08020f98       0x28 z80/Src/z80.o
 .text.op_CB_0x44
                0x08020fc0       0x28 z80/Src/z80.o
 .text.op_CB_0x45
                0x08020fe8       0x28 z80/Src/z80.o
 .text.op_CB_0x46
                0x08021010       0x3c z80/Src/z80.o
 .text.op_CB_0x47
                0x0802104c       0x28 z80/Src/z80.o
 .text.op_CB_0x48
                0x08021074       0x28 z80/Src/z80.o
 .text.op_CB_0x49
                0x0802109c       0x28 z80/Src/z80.o
 .text.op_CB_0x4a
                0x080210c4       0x28 z80/Src/z80.o
 .text.op_CB_0x4b
                0x080210ec       0x28 z80/Src/z80.o
 .text.op_CB_0x4c
                0x08021114       0x28 z80/Src/z80.o
 .text.op_CB_0x4d
                0x0802113c       0x28 z80/Src/z80.o
 .text.op_CB_0x4e
                0x08021164       0x3c z80/Src/z80.o
 .text.op_CB_0x4f
                0x080211a0       0x28 z80/Src/z80.o
 .text.op_CB_0x50
                0x080211c8       0x28 z80/Src/z80.o
 .text.op_CB_0x51
                0x080211f0       0x28 z80/Src/z80.o
 .text.op_CB_0x52
                0x08021218       0x28 z80/Src/z80.o
 .text.op_CB_0x53
                0x08021240       0x28 z80/Src/z80.o
 .text.op_CB_0x54
                0x08021268       0x28 z80/Src/z80.o
 .text.op_CB_0x55
                0x08021290       0x28 z80/Src/z80.o
 .text.op_CB_0x56
                0x080212b8       0x3c z80/Src/z80.o
 .text.op_CB_0x57
                0x080212f4       0x28 z80/Src/z80.o
 .text.op_CB_0x58
                0x0802131c       0x28 z80/Src/z80.o
 .text.op_CB_0x59
                0x08021344       0x28 z80/Src/z80.o
 .text.op_CB_0x5a
                0x0802136c       0x28 z80/Src/z80.o
 .text.op_CB_0x5b
                0x08021394       0x28 z80/Src/z80.o
 .text.op_CB_0x5c
                0x080213bc       0x28 z80/Src/z80.o
 .text.op_CB_0x5d
                0x080213e4       0x28 z80/Src/z80.o
 .text.op_CB_0x5e
                0x0802140c       0x3c z80/Src/z80.o
 .text.op_CB_0x5f
                0x08021448       0x28 z80/Src/z80.o
 .text.op_CB_0x60
                0x08021470       0x28 z80/Src/z80.o
 .text.op_CB_0x61
                0x08021498       0x28 z80/Src/z80.o
 .text.op_CB_0x62
                0x080214c0       0x28 z80/Src/z80.o
 .text.op_CB_0x63
                0x080214e8       0x28 z80/Src/z80.o
 .text.op_CB_0x64
                0x08021510       0x28 z80/Src/z80.o
 .text.op_CB_0x65
                0x08021538       0x28 z80/Src/z80.o
 .text.op_CB_0x66
                0x08021560       0x3c z80/Src/z80.o
 .text.op_CB_0x67
                0x0802159c       0x28 z80/Src/z80.o
 .text.op_CB_0x68
                0x080215c4       0x28 z80/Src/z80.o
 .text.op_CB_0x69
                0x080215ec       0x28 z80/Src/z80.o
 .text.op_CB_0x6a
                0x08021614       0x28 z80/Src/z80.o
 .text.op_CB_0x6b
                0x0802163c       0x28 z80/Src/z80.o
 .text.op_CB_0x6c
                0x08021664       0x28 z80/Src/z80.o
 .text.op_CB_0x6d
                0x0802168c       0x28 z80/Src/z80.o
 .text.op_CB_0x6e
                0x080216b4       0x3c z80/Src/z80.o
 .text.op_CB_0x6f
                0x080216f0       0x28 z80/Src/z80.o
 .text.op_CB_0x70
                0x08021718       0x28 z80/Src/z80.o
 .text.op_CB_0x71
                0x08021740       0x28 z80/Src/z80.o
 .text.op_CB_0x72
                0x08021768       0x28 z80/Src/z80.o
 .text.op_CB_0x73
                0x08021790       0x28 z80/Src/z80.o
 .text.op_CB_0x74
                0x080217b8       0x28 z80/Src/z80.o
 .text.op_CB_0x75
                0x080217e0       0x28 z80/Src/z80.o
 .text.op_CB_0x76
                0x08021808       0x3c z80/Src/z80.o
 .text.op_CB_0x77
                0x08021844       0x28 z80/Src/z80.o
 .text.op_CB_0x80
                0x0802186c       0x14 z80/Src/z80.o
 .text.op_CB_0x81
                0x08021880       0x14 z80/Src/z80.o
 .text.op_CB_0x82
                0x08021894       0x14 z80/Src/z80.o
 .text.op_CB_0x83
                0x080218a8       0x14 z80/Src/z80.o
 .text.op_CB_0x84
                0x080218bc       0x14 z80/Src/z80.o
 .text.op_CB_0x85
                0x080218d0       0x14 z80/Src/z80.o
 .text.op_CB_0x86
                0x080218e4       0x28 z80/Src/z80.o
 .text.op_CB_0x87
                0x0802190c       0x14 z80/Src/z80.o
 .text.op_CB_0x88
                0x08021920       0x14 z80/Src/z80.o
 .text.op_CB_0x89
                0x08021934       0x14 z80/Src/z80.o
 .text.op_CB_0x8a
                0x08021948       0x14 z80/Src/z80.o
 .text.op_CB_0x8b
                0x0802195c       0x14 z80/Src/z80.o
 .text.op_CB_0x8c
                0x08021970       0x14 z80/Src/z80.o
 .text.op_CB_0x8d
                0x08021984       0x14 z80/Src/z80.o
 .text.op_CB_0x8e
                0x08021998       0x28 z80/Src/z80.o
 .text.op_CB_0x8f
                0x080219c0       0x14 z80/Src/z80.o
 .text.op_CB_0x90
                0x080219d4       0x14 z80/Src/z80.o
 .text.op_CB_0x91
                0x080219e8       0x14 z80/Src/z80.o
 .text.op_CB_0x92
                0x080219fc       0x14 z80/Src/z80.o
 .text.op_CB_0x93
                0x08021a10       0x14 z80/Src/z80.o
 .text.op_CB_0x94
                0x08021a24       0x14 z80/Src/z80.o
 .text.op_CB_0x95
                0x08021a38       0x14 z80/Src/z80.o
 .text.op_CB_0x96
                0x08021a4c       0x28 z80/Src/z80.o
 .text.op_CB_0x97
                0x08021a74       0x14 z80/Src/z80.o
 .text.op_CB_0x98
                0x08021a88       0x14 z80/Src/z80.o
 .text.op_CB_0x99
                0x08021a9c       0x14 z80/Src/z80.o
 .text.op_CB_0x9a
                0x08021ab0       0x14 z80/Src/z80.o
 .text.op_CB_0x9b
                0x08021ac4       0x14 z80/Src/z80.o
 .text.op_CB_0x9c
                0x08021ad8       0x14 z80/Src/z80.o
 .text.op_CB_0x9d
                0x08021aec       0x14 z80/Src/z80.o
 .text.op_CB_0x9e
                0x08021b00       0x28 z80/Src/z80.o
 .text.op_CB_0x9f
                0x08021b28       0x14 z80/Src/z80.o
 .text.op_CB_0xa0
                0x08021b3c       0x14 z80/Src/z80.o
 .text.op_CB_0xa1
                0x08021b50       0x14 z80/Src/z80.o
 .text.op_CB_0xa2
                0x08021b64       0x14 z80/Src/z80.o
 .text.op_CB_0xa3
                0x08021b78       0x14 z80/Src/z80.o
 .text.op_CB_0xa4
                0x08021b8c       0x14 z80/Src/z80.o
 .text.op_CB_0xa5
                0x08021ba0       0x14 z80/Src/z80.o
 .text.op_CB_0xa6
                0x08021bb4       0x28 z80/Src/z80.o
 .text.op_CB_0xa7
                0x08021bdc       0x14 z80/Src/z80.o
 .text.op_CB_0xa8
                0x08021bf0       0x14 z80/Src/z80.o
 .text.op_CB_0xa9
                0x08021c04       0x14 z80/Src/z80.o
 .text.op_CB_0xaa
                0x08021c18       0x14 z80/Src/z80.o
 .text.op_CB_0xab
                0x08021c2c       0x14 z80/Src/z80.o
 .text.op_CB_0xac
                0x08021c40       0x14 z80/Src/z80.o
 .text.op_CB_0xad
                0x08021c54       0x14 z80/Src/z80.o
 .text.op_CB_0xae
                0x08021c68       0x28 z80/Src/z80.o
 .text.op_CB_0xaf
                0x08021c90       0x14 z80/Src/z80.o
 .text.op_CB_0xb0
                0x08021ca4       0x14 z80/Src/z80.o
 .text.op_CB_0xb1
                0x08021cb8       0x14 z80/Src/z80.o
 .text.op_CB_0xb2
                0x08021ccc       0x14 z80/Src/z80.o
 .text.op_CB_0xb3
                0x08021ce0       0x14 z80/Src/z80.o
 .text.op_CB_0xb4
                0x08021cf4       0x14 z80/Src/z80.o
 .text.op_CB_0xb5
                0x08021d08       0x14 z80/Src/z80.o
 .text.op_CB_0xb6
                0x08021d1c       0x28 z80/Src/z80.o
 .text.op_CB_0xb7
                0x08021d44       0x14 z80/Src/z80.o
 .text.op_CB_0xb8
                0x08021d58       0x14 z80/Src/z80.o
 .text.op_CB_0xb9
                0x08021d6c       0x14 z80/Src/z80.o
 .text.op_CB_0xba
                0x08021d80       0x14 z80/Src/z80.o
 .text.op_CB_0xbb
                0x08021d94       0x14 z80/Src/z80.o
 .text.op_CB_0xbc
                0x08021da8       0x14 z80/Src/z80.o
 .text.op_CB_0xbd
                0x08021dbc       0x14 z80/Src/z80.o
 .text.op_CB_0xbe
                0x08021dd0       0x28 z80/Src/z80.o
 .text.op_CB_0xbf
                0x08021df8       0x14 z80/Src/z80.o
 .text.op_CB_0xc0
                0x08021e0c       0x14 z80/Src/z80.o
 .text.op_CB_0xc1
                0x08021e20       0x14 z80/Src/z80.o
 .text.op_CB_0xc2
                0x08021e34       0x14 z80/Src/z80.o
 .text.op_CB_0xc3
                0x08021e48       0x14 z80/Src/z80.o
 .text.op_CB_0xc4
                0x08021e5c       0x14 z80/Src/z80.o
 .text.op_CB_0xc5
                0x08021e70       0x14 z80/Src/z80.o
 .text.op_CB_0xc6
                0x08021e84       0x28 z80/Src/z80.o
 .text.op_CB_0xc7
                0x08021eac       0x14 z80/Src/z80.o
 .text.op_CB_0xc8
                0x08021ec0       0x14 z80/Src/z80.o
 .text.op_CB_0xc9
                0x08021ed4       0x14 z80/Src/z80.o
 .text.op_CB_0xca
                0x08021ee8       0x14 z80/Src/z80.o
 .text.op_CB_0xcb
                0x08021efc       0x14 z80/Src/z80.o
 .text.op_CB_0xcc
                0x08021f10       0x14 z80/Src/z80.o
 .text.op_CB_0xcd
                0x08021f24       0x14 z80/Src/z80.o
 .text.op_CB_0xce
                0x08021f38       0x28 z80/Src/z80.o
 .text.op_CB_0xcf
                0x08021f60       0x14 z80/Src/z80.o
 .text.op_CB_0xd0
                0x08021f74       0x14 z80/Src/z80.o
 .text.op_CB_0xd1
                0x08021f88       0x14 z80/Src/z80.o
 .text.op_CB_0xd2
                0x08021f9c       0x14 z80/Src/z80.o
 .text.op_CB_0xd3
                0x08021fb0       0x14 z80/Src/z80.o
 .text.op_CB_0xd4
                0x08021fc4       0x14 z80/Src/z80.o
 .text.op_CB_0xd5
                0x08021fd8       0x14 z80/Src/z80.o
 .text.op_CB_0xd6
                0x08021fec       0x28 z80/Src/z80.o
 .text.op_CB_0xd7
                0x08022014       0x14 z80/Src/z80.o
 .text.op_CB_0xd8
                0x08022028       0x14 z80/Src/z80.o
 .text.op_CB_0xd9
                0x0802203c       0x14 z80/Src/z80.o
 .text.op_CB_0xda
                0x08022050       0x14 z80/Src/z80.o
 .text.op_CB_0xdb
                0x08022064       0x14 z80/Src/z80.o
 .text.op_CB_0xdc
                0x08022078       0x14 z80/Src/z80.o
 .text.op_CB_0xdd
                0x0802208c       0x14 z80/Src/z80.o
 .text.op_CB_0xde
                0x080220a0       0x28 z80/Src/z80.o
 .text.op_CB_0xdf
                0x080220c8       0x14 z80/Src/z80.o
 .text.op_CB_0xe0
                0x080220dc       0x14 z80/Src/z80.o
 .text.op_CB_0xe1
                0x080220f0       0x14 z80/Src/z80.o
 .text.op_CB_0xe2
                0x08022104       0x14 z80/Src/z80.o
 .text.op_CB_0xe3
                0x08022118       0x14 z80/Src/z80.o
 .text.op_CB_0xe4
                0x0802212c       0x14 z80/Src/z80.o
 .text.op_CB_0xe5
                0x08022140       0x14 z80/Src/z80.o
 .text.op_CB_0xe6
                0x08022154       0x28 z80/Src/z80.o
 .text.op_CB_0xe7
                0x0802217c       0x14 z80/Src/z80.o
 .text.op_CB_0xe8
                0x08022190       0x14 z80/Src/z80.o
 .text.op_CB_0xe9
                0x080221a4       0x14 z80/Src/z80.o
 .text.op_CB_0xea
                0x080221b8       0x14 z80/Src/z80.o
 .text.op_CB_0xeb
                0x080221cc       0x14 z80/Src/z80.o
 .text.op_CB_0xec
                0x080221e0       0x14 z80/Src/z80.o
 .text.op_CB_0xed
                0x080221f4       0x14 z80/Src/z80.o
 .text.op_CB_0xee
                0x08022208       0x28 z80/Src/z80.o
 .text.op_CB_0xef
                0x08022230       0x14 z80/Src/z80.o
 .text.op_CB_0xf0
                0x08022244       0x14 z80/Src/z80.o
 .text.op_CB_0xf1
                0x08022258       0x14 z80/Src/z80.o
 .text.op_CB_0xf2
                0x0802226c       0x14 z80/Src/z80.o
 .text.op_CB_0xf3
                0x08022280       0x14 z80/Src/z80.o
 .text.op_CB_0xf4
                0x08022294       0x14 z80/Src/z80.o
 .text.op_CB_0xf5
                0x080222a8       0x14 z80/Src/z80.o
 .text.op_CB_0xf6
                0x080222bc       0x28 z80/Src/z80.o
 .text.op_CB_0xf7
                0x080222e4       0x14 z80/Src/z80.o
 .text.op_CB_0xf8
                0x080222f8       0x14 z80/Src/z80.o
 .text.op_CB_0xf9
                0x0802230c       0x14 z80/Src/z80.o
 .text.op_CB_0xfa
                0x08022320       0x14 z80/Src/z80.o
 .text.op_CB_0xfb
                0x08022334       0x14 z80/Src/z80.o
 .text.op_CB_0xfc
                0x08022348       0x14 z80/Src/z80.o
 .text.op_CB_0xfd
                0x0802235c       0x14 z80/Src/z80.o
 .text.op_CB_0xfe
                0x08022370       0x28 z80/Src/z80.o
 .text.op_CB_0xff
                0x08022398       0x14 z80/Src/z80.o
 .text.op_DD_0x09
                0x080223ac       0x68 z80/Src/z80.o
 .text.op_DD_0x19
                0x08022414       0x68 z80/Src/z80.o
 .text.op_DD_0x21
                0x0802247c       0x24 z80/Src/z80.o
 .text.op_DD_0x22
                0x080224a0       0x48 z80/Src/z80.o
 .text.op_DD_0x23
                0x080224e8       0x10 z80/Src/z80.o
 .text.op_DD_0x24
                0x080224f8       0x48 z80/Src/z80.o
 .text.op_DD_0x25
                0x08022540       0x4c z80/Src/z80.o
 .text.op_DD_0x26
                0x0802258c       0x1c z80/Src/z80.o
 .text.op_DD_0x29
                0x080225a8       0x60 z80/Src/z80.o
 .text.op_DD_0x2a
                0x08022608       0x3c z80/Src/z80.o
 .text.op_DD_0x2b
                0x08022644       0x10 z80/Src/z80.o
 .text.op_DD_0x2c
                0x08022654       0x48 z80/Src/z80.o
 .text.op_DD_0x2d
                0x0802269c       0x4c z80/Src/z80.o
 .text.op_DD_0x2e
                0x080226e8       0x1c z80/Src/z80.o
 .text.op_DD_0x34
                0x08022704       0x74 z80/Src/z80.o
 .text.op_DD_0x35
                0x08022778       0x80 z80/Src/z80.o
 .text.op_DD_0x36
                0x080227f8       0x3c z80/Src/z80.o
 .text.op_DD_0x39
                0x08022834       0x68 z80/Src/z80.o
 .text.op_DD_0x44
                0x0802289c       0x10 z80/Src/z80.o
 .text.op_DD_0x45
                0x080228ac       0x10 z80/Src/z80.o
 .text.op_DD_0x46
                0x080228bc       0x34 z80/Src/z80.o
 .text.op_DD_0x4c
                0x080228f0       0x10 z80/Src/z80.o
 .text.op_DD_0x4d
                0x08022900       0x10 z80/Src/z80.o
 .text.op_DD_0x4e
                0x08022910       0x34 z80/Src/z80.o
 .text.op_DD_0x54
                0x08022944       0x10 z80/Src/z80.o
 .text.op_DD_0x55
                0x08022954       0x10 z80/Src/z80.o
 .text.op_DD_0x56
                0x08022964       0x34 z80/Src/z80.o
 .text.op_DD_0x5c
                0x08022998       0x10 z80/Src/z80.o
 .text.op_DD_0x5d
                0x080229a8       0x10 z80/Src/z80.o
 .text.op_DD_0x5e
                0x080229b8       0x34 z80/Src/z80.o
 .text.op_DD_0x60
                0x080229ec       0x10 z80/Src/z80.o
 .text.op_DD_0x61
                0x080229fc       0x10 z80/Src/z80.o
 .text.op_DD_0x62
                0x08022a0c       0x10 z80/Src/z80.o
 .text.op_DD_0x63
                0x08022a1c       0x10 z80/Src/z80.o
 .text.op_DD_0x65
                0x08022a2c       0x10 z80/Src/z80.o
 .text.op_DD_0x66
                0x08022a3c       0x34 z80/Src/z80.o
 .text.op_DD_0x67
                0x08022a70       0x10 z80/Src/z80.o
 .text.op_DD_0x68
                0x08022a80       0x10 z80/Src/z80.o
 .text.op_DD_0x69
                0x08022a90       0x10 z80/Src/z80.o
 .text.op_DD_0x6a
                0x08022aa0       0x10 z80/Src/z80.o
 .text.op_DD_0x6b
                0x08022ab0       0x10 z80/Src/z80.o
 .text.op_DD_0x6c
                0x08022ac0       0x10 z80/Src/z80.o
 .text.op_DD_0x6e
                0x08022ad0       0x34 z80/Src/z80.o
 .text.op_DD_0x6f
                0x08022b04       0x10 z80/Src/z80.o
 .text.op_DD_0x70
                0x08022b14       0x3c z80/Src/z80.o
 .text.op_DD_0x71
                0x08022b50       0x3c z80/Src/z80.o
 .text.op_DD_0x72
                0x08022b8c       0x3c z80/Src/z80.o
 .text.op_DD_0x73
                0x08022bc8       0x3c z80/Src/z80.o
 .text.op_DD_0x74
                0x08022c04       0x3c z80/Src/z80.o
 .text.op_DD_0x75
                0x08022c40       0x3c z80/Src/z80.o
 .text.op_DD_0x77
                0x08022c7c       0x3c z80/Src/z80.o
 .text.op_DD_0x7c
                0x08022cb8       0x10 z80/Src/z80.o
 .text.op_DD_0x7d
                0x08022cc8       0x10 z80/Src/z80.o
 .text.op_DD_0x7e
                0x08022cd8       0x34 z80/Src/z80.o
 .text.op_DD_0x84
                0x08022d0c       0x6c z80/Src/z80.o
 .text.op_DD_0x85
                0x08022d78       0x6c z80/Src/z80.o
 .text.op_DD_0x86
                0x08022de4       0xac z80/Src/z80.o
 .text.op_DD_0x8c
                0x08022e90       0x74 z80/Src/z80.o
 .text.op_DD_0x8d
                0x08022f04       0x74 z80/Src/z80.o
 .text.op_DD_0x8e
                0x08022f78       0xac z80/Src/z80.o
 .text.op_DD_0x94
                0x08023024       0x70 z80/Src/z80.o
 .text.op_DD_0x95
                0x08023094       0x70 z80/Src/z80.o
 .text.op_DD_0x96
                0x08023104       0xa4 z80/Src/z80.o
 .text.op_DD_0x9c
                0x080231a8       0x7c z80/Src/z80.o
 .text.op_DD_0x9d
                0x08023224       0x7c z80/Src/z80.o
 .text.op_DD_0x9e
                0x080232a0       0xac z80/Src/z80.o
 .text.op_DD_0xa4
                0x0802334c       0x20 z80/Src/z80.o
 .text.op_DD_0xa5
                0x0802336c       0x20 z80/Src/z80.o
 .text.op_DD_0xa6
                0x0802338c       0x44 z80/Src/z80.o
 .text.op_DD_0xac
                0x080233d0       0x1c z80/Src/z80.o
 .text.op_DD_0xad
                0x080233ec       0x1c z80/Src/z80.o
 .text.op_DD_0xae
                0x08023408       0x40 z80/Src/z80.o
 .text.op_DD_0xb4
                0x08023448       0x1c z80/Src/z80.o
 .text.op_DD_0xb5
                0x08023464       0x1c z80/Src/z80.o
 .text.op_DD_0xb6
                0x08023480       0x40 z80/Src/z80.o
 .text.op_DD_0xbc
                0x080234c0       0x78 z80/Src/z80.o
 .text.op_DD_0xbd
                0x08023538       0x78 z80/Src/z80.o
 .text.op_DD_0xbe
                0x080235b0       0xa0 z80/Src/z80.o
 .text.op_DD_0xcb
                0x08023650       0x40 z80/Src/z80.o
 .text.op_DD_0xe1
                0x08023690       0x24 z80/Src/z80.o
 .text.op_DD_0xe3
                0x080236b4       0x4c z80/Src/z80.o
 .text.op_DD_0xe5
                0x08023700       0x38 z80/Src/z80.o
 .text.op_DD_0xe9
                0x08023738       0x10 z80/Src/z80.o
 .text.op_DD_0xf9
                0x08023748       0x10 z80/Src/z80.o
 .text.op_ED_0x42
                0x08023758       0x88 z80/Src/z80.o
 .text.op_ED_0x43
                0x080237e0       0x48 z80/Src/z80.o
 .text.op_ED_0x47
                0x08023828       0x10 z80/Src/z80.o
 .text.op_ED_0x4a
                0x08023838       0x80 z80/Src/z80.o
 .text.op_ED_0x4b
                0x080238b8       0x3c z80/Src/z80.o
 .text.op_ED_0x4f
                0x080238f4       0x10 z80/Src/z80.o
 .text.op_ED_0x52
                0x08023904       0x88 z80/Src/z80.o
 .text.op_ED_0x53
                0x0802398c       0x48 z80/Src/z80.o
 .text.op_ED_0x56
                0x080239d4       0x10 z80/Src/z80.o
 .text.op_ED_0x57
                0x080239e4       0x40 z80/Src/z80.o
 .text.op_ED_0x5a
                0x08023a24       0x80 z80/Src/z80.o
 .text.op_ED_0x5b
                0x08023aa4       0x3c z80/Src/z80.o
 .text.op_ED_0x5e
                0x08023ae0       0x10 z80/Src/z80.o
 .text.op_ED_0x5f
                0x08023af0       0x48 z80/Src/z80.o
 .text.op_ED_0x62
                0x08023b38       0x84 z80/Src/z80.o
 .text.op_ED_0x63
                0x08023bbc       0x48 z80/Src/z80.o
 .text.op_ED_0x67
                0x08023c04       0x60 z80/Src/z80.o
 .text.op_ED_0x6a
                0x08023c64       0x80 z80/Src/z80.o
 .text.op_ED_0x6b
                0x08023ce4       0x3c z80/Src/z80.o
 .text.op_ED_0x6f
                0x08023d20       0x64 z80/Src/z80.o
 .text.op_ED_0x72
                0x08023d84       0x88 z80/Src/z80.o
 .text.op_ED_0x73
                0x08023e0c       0x48 z80/Src/z80.o
 .text.op_ED_0x7a
                0x08023e54       0x80 z80/Src/z80.o
 .text.op_ED_0x7b
                0x08023ed4       0x3c z80/Src/z80.o
 .text.op_ED_0x7c
                0x08023f10       0x70 z80/Src/z80.o
 .text.op_ED_0x7d
                0x08023f80       0x38 z80/Src/z80.o
 .text.op_ED_0xa0
                0x08023fb8       0x6c z80/Src/z80.o
 .text.op_ED_0xa1
                0x08024024       0xc4 z80/Src/z80.o
 .text.op_ED_0xa8
                0x080240e8       0x6c z80/Src/z80.o
 .text.op_ED_0xa9
                0x08024154       0xc4 z80/Src/z80.o
 .text.op_ED_0xb1
                0x08024218       0xdc z80/Src/z80.o
 .text.op_ED_0xb9
                0x080242f4       0xdc z80/Src/z80.o
 .text.op_FD_0x09
                0x080243d0       0x68 z80/Src/z80.o
 .text.op_FD_0x19
                0x08024438       0x68 z80/Src/z80.o
 .text.op_FD_0x21
                0x080244a0       0x24 z80/Src/z80.o
 .text.op_FD_0x22
                0x080244c4       0x48 z80/Src/z80.o
 .text.op_FD_0x23
                0x0802450c       0x10 z80/Src/z80.o
 .text.op_FD_0x24
                0x0802451c       0x48 z80/Src/z80.o
 .text.op_FD_0x25
                0x08024564       0x4c z80/Src/z80.o
 .text.op_FD_0x26
                0x080245b0       0x1c z80/Src/z80.o
 .text.op_FD_0x29
                0x080245cc       0x60 z80/Src/z80.o
 .text.op_FD_0x2a
                0x0802462c       0x3c z80/Src/z80.o
 .text.op_FD_0x2b
                0x08024668       0x10 z80/Src/z80.o
 .text.op_FD_0x2c
                0x08024678       0x48 z80/Src/z80.o
 .text.op_FD_0x2d
                0x080246c0       0x4c z80/Src/z80.o
 .text.op_FD_0x2e
                0x0802470c       0x1c z80/Src/z80.o
 .text.op_FD_0x34
                0x08024728       0x74 z80/Src/z80.o
 .text.op_FD_0x35
                0x0802479c       0x80 z80/Src/z80.o
 .text.op_FD_0x36
                0x0802481c       0x3c z80/Src/z80.o
 .text.op_FD_0x39
                0x08024858       0x68 z80/Src/z80.o
 .text.op_FD_0x44
                0x080248c0       0x10 z80/Src/z80.o
 .text.op_FD_0x45
                0x080248d0       0x10 z80/Src/z80.o
 .text.op_FD_0x46
                0x080248e0       0x34 z80/Src/z80.o
 .text.op_FD_0x4c
                0x08024914       0x10 z80/Src/z80.o
 .text.op_FD_0x4d
                0x08024924       0x10 z80/Src/z80.o
 .text.op_FD_0x4e
                0x08024934       0x34 z80/Src/z80.o
 .text.op_FD_0x54
                0x08024968       0x10 z80/Src/z80.o
 .text.op_FD_0x55
                0x08024978       0x10 z80/Src/z80.o
 .text.op_FD_0x56
                0x08024988       0x34 z80/Src/z80.o
 .text.op_FD_0x5c
                0x080249bc       0x10 z80/Src/z80.o
 .text.op_FD_0x5d
                0x080249cc       0x10 z80/Src/z80.o
 .text.op_FD_0x5e
                0x080249dc       0x34 z80/Src/z80.o
 .text.op_FD_0x60
                0x08024a10       0x10 z80/Src/z80.o
 .text.op_FD_0x61
                0x08024a20       0x10 z80/Src/z80.o
 .text.op_FD_0x62
                0x08024a30       0x10 z80/Src/z80.o
 .text.op_FD_0x63
                0x08024a40       0x10 z80/Src/z80.o
 .text.op_FD_0x65
                0x08024a50       0x10 z80/Src/z80.o
 .text.op_FD_0x66
                0x08024a60       0x34 z80/Src/z80.o
 .text.op_FD_0x67
                0x08024a94       0x10 z80/Src/z80.o
 .text.op_FD_0x68
                0x08024aa4       0x10 z80/Src/z80.o
 .text.op_FD_0x69
                0x08024ab4       0x10 z80/Src/z80.o
 .text.op_FD_0x6a
                0x08024ac4       0x10 z80/Src/z80.o
 .text.op_FD_0x6b
                0x08024ad4       0x10 z80/Src/z80.o
 .text.op_FD_0x6c
                0x08024ae4       0x10 z80/Src/z80.o
 .text.op_FD_0x6d
                0x08024af4        0x4 z80/Src/z80.o
 .text.op_FD_0x6e
                0x08024af8       0x34 z80/Src/z80.o
 .text.op_FD_0x6f
                0x08024b2c       0x10 z80/Src/z80.o
 .text.op_FD_0x70
                0x08024b3c       0x3c z80/Src/z80.o
 .text.op_FD_0x71
                0x08024b78       0x3c z80/Src/z80.o
 .text.op_FD_0x72
                0x08024bb4       0x3c z80/Src/z80.o
 .text.op_FD_0x73
                0x08024bf0       0x3c z80/Src/z80.o
 .text.op_FD_0x74
                0x08024c2c       0x3c z80/Src/z80.o
 .text.op_FD_0x75
                0x08024c68       0x3c z80/Src/z80.o
 .text.op_FD_0x77
                0x08024ca4       0x3c z80/Src/z80.o
 .text.op_FD_0x7c
                0x08024ce0       0x10 z80/Src/z80.o
 .text.op_FD_0x7d
                0x08024cf0       0x10 z80/Src/z80.o
 .text.op_FD_0x7e
                0x08024d00       0x34 z80/Src/z80.o
 .text.op_FD_0x84
                0x08024d34       0x6c z80/Src/z80.o
 .text.op_FD_0x85
                0x08024da0       0x6c z80/Src/z80.o
 .text.op_FD_0x86
                0x08024e0c       0xac z80/Src/z80.o
 .text.op_FD_0x8c
                0x08024eb8       0x74 z80/Src/z80.o
 .text.op_FD_0x8d
                0x08024f2c       0x74 z80/Src/z80.o
 .text.op_FD_0x8e
                0x08024fa0       0xac z80/Src/z80.o
 .text.op_FD_0x94
                0x0802504c       0x70 z80/Src/z80.o
 .text.op_FD_0x95
                0x080250bc       0x70 z80/Src/z80.o
 .text.op_FD_0x96
                0x0802512c       0xa4 z80/Src/z80.o
 .text.op_FD_0x9c
                0x080251d0       0x7c z80/Src/z80.o
 .text.op_FD_0x9d
                0x0802524c       0x7c z80/Src/z80.o
 .text.op_FD_0x9e
                0x080252c8       0xac z80/Src/z80.o
 .text.op_FD_0xa4
                0x08025374       0x20 z80/Src/z80.o
 .text.op_FD_0xa5
                0x08025394       0x20 z80/Src/z80.o
 .text.op_FD_0xa6
                0x080253b4       0x44 z80/Src/z80.o
 .text.op_FD_0xac
                0x080253f8       0x1c z80/Src/z80.o
 .text.op_FD_0xad
                0x08025414       0x1c z80/Src/z80.o
 .text.op_FD_0xae
                0x08025430       0x40 z80/Src/z80.o
 .text.op_FD_0xb4
                0x08025470       0x1c z80/Src/z80.o
 .text.op_FD_0xb5
                0x0802548c       0x1c z80/Src/z80.o
 .text.op_FD_0xb6
                0x080254a8       0x40 z80/Src/z80.o
 .text.op_FD_0xbc
                0x080254e8       0x78 z80/Src/z80.o
 .text.op_FD_0xbd
                0x08025560       0x78 z80/Src/z80.o
 .text.op_FD_0xbe
                0x080255d8       0xa0 z80/Src/z80.o
 .text.op_FD_0xcb
                0x08025678       0x40 z80/Src/z80.o
 .text.op_FD_0xe1
                0x080256b8       0x24 z80/Src/z80.o
 .text.op_FD_0xe3
                0x080256dc       0x4c z80/Src/z80.o
 .text.op_FD_0xe5
                0x08025728       0x38 z80/Src/z80.o
 .text.op_FD_0xe9
                0x08025760       0x10 z80/Src/z80.o
 .text.op_FD_0xf9
                0x08025770       0x10 z80/Src/z80.o
 .text.non_FD   0x08025780       0x10 z80/Src/z80.o
 .text.op_0x01  0x08025790       0x24 z80/Src/z80.o
 .text.op_0x02  0x080257b4       0x24 z80/Src/z80.o
 .text.op_0x03  0x080257d8       0x10 z80/Src/z80.o
 .text.op_0x04  0x080257e8       0x48 z80/Src/z80.o
 .text.op_0x05  0x08025830       0x4c z80/Src/z80.o
 .text.op_0x06  0x0802587c       0x1c z80/Src/z80.o
 .text.op_0x07  0x08025898       0x24 z80/Src/z80.o
 .text.op_0x08  0x080258bc       0x28 z80/Src/z80.o
 .text.op_0x09  0x080258e4       0x68 z80/Src/z80.o
 .text.op_0x0a  0x0802594c       0x1c z80/Src/z80.o
 .text.op_0x0b  0x08025968       0x10 z80/Src/z80.o
 .text.op_0x0c  0x08025978       0x48 z80/Src/z80.o
 .text.op_0x0d  0x080259c0       0x4c z80/Src/z80.o
 .text.op_0x0e  0x08025a0c       0x1c z80/Src/z80.o
 .text.op_0x0f  0x08025a28       0x30 z80/Src/z80.o
 .text.op_0x10  0x08025a58       0x44 z80/Src/z80.o
 .text.op_0x11  0x08025a9c       0x24 z80/Src/z80.o
 .text.op_0x12  0x08025ac0       0x24 z80/Src/z80.o
 .text.op_0x13  0x08025ae4       0x10 z80/Src/z80.o
 .text.op_0x14  0x08025af4       0x48 z80/Src/z80.o
 .text.op_0x15  0x08025b3c       0x4c z80/Src/z80.o
 .text.op_0x16  0x08025b88       0x1c z80/Src/z80.o
 .text.op_0x17  0x08025ba4       0x34 z80/Src/z80.o
 .text.op_0x18  0x08025bd8       0x28 z80/Src/z80.o
 .text.op_0x19  0x08025c00       0x68 z80/Src/z80.o
 .text.op_0x1a  0x08025c68       0x1c z80/Src/z80.o
 .text.op_0x1b  0x08025c84       0x10 z80/Src/z80.o
 .text.op_0x1c  0x08025c94       0x48 z80/Src/z80.o
 .text.op_0x1d  0x08025cdc       0x4c z80/Src/z80.o
 .text.op_0x1e  0x08025d28       0x1c z80/Src/z80.o
 .text.op_0x1f  0x08025d44       0x38 z80/Src/z80.o
 .text.op_0x20  0x08025d7c       0x40 z80/Src/z80.o
 .text.op_0x21  0x08025dbc       0x24 z80/Src/z80.o
 .text.op_0x22  0x08025de0       0x48 z80/Src/z80.o
 .text.op_0x23  0x08025e28       0x10 z80/Src/z80.o
 .text.op_0x24  0x08025e38       0x48 z80/Src/z80.o
 .text.op_0x25  0x08025e80       0x4c z80/Src/z80.o
 .text.op_0x26  0x08025ecc       0x1c z80/Src/z80.o
 .text.op_0x27  0x08025ee8       0x40 z80/Src/z80.o
 .text.op_0x28  0x08025f28       0x40 z80/Src/z80.o
 .text.op_0x29  0x08025f68       0x60 z80/Src/z80.o
 .text.op_0x2a  0x08025fc8       0x3c z80/Src/z80.o
 .text.op_0x2b  0x08026004       0x10 z80/Src/z80.o
 .text.op_0x2c  0x08026014       0x48 z80/Src/z80.o
 .text.op_0x2d  0x0802605c       0x4c z80/Src/z80.o
 .text.op_0x2e  0x080260a8       0x1c z80/Src/z80.o
 .text.op_0x2f  0x080260c4       0x24 z80/Src/z80.o
 .text.op_0x30  0x080260e8       0x40 z80/Src/z80.o
 .text.op_0x31  0x08026128       0x24 z80/Src/z80.o
 .text.op_0x32  0x0802614c       0x3c z80/Src/z80.o
 .text.op_0x33  0x08026188       0x10 z80/Src/z80.o
 .text.op_0x34  0x08026198       0x5c z80/Src/z80.o
 .text.op_0x35  0x080261f4       0x60 z80/Src/z80.o
 .text.op_0x36  0x08026254       0x34 z80/Src/z80.o
 .text.op_0x37  0x08026288       0x20 z80/Src/z80.o
 .text.op_0x38  0x080262a8       0x40 z80/Src/z80.o
 .text.op_0x39  0x080262e8       0x68 z80/Src/z80.o
 .text.op_0x3a  0x08026350       0x34 z80/Src/z80.o
 .text.op_0x3b  0x08026384       0x10 z80/Src/z80.o
 .text.op_0x3c  0x08026394       0x48 z80/Src/z80.o
 .text.op_0x3d  0x080263dc       0x4c z80/Src/z80.o
 .text.op_0x3e  0x08026428       0x1c z80/Src/z80.o
 .text.op_0x3f  0x08026444       0x2c z80/Src/z80.o
 .text.op_0x41  0x08026470       0x10 z80/Src/z80.o
 .text.op_0x42  0x08026480       0x10 z80/Src/z80.o
 .text.op_0x43  0x08026490       0x10 z80/Src/z80.o
 .text.op_0x44  0x080264a0       0x10 z80/Src/z80.o
 .text.op_0x45  0x080264b0       0x10 z80/Src/z80.o
 .text.op_0x46  0x080264c0       0x18 z80/Src/z80.o
 .text.op_0x47  0x080264d8       0x10 z80/Src/z80.o
 .text.op_0x48  0x080264e8       0x10 z80/Src/z80.o
 .text.op_0x4a  0x080264f8       0x10 z80/Src/z80.o
 .text.op_0x4b  0x08026508       0x10 z80/Src/z80.o
 .text.op_0x4c  0x08026518       0x10 z80/Src/z80.o
 .text.op_0x4d  0x08026528       0x10 z80/Src/z80.o
 .text.op_0x4e  0x08026538       0x18 z80/Src/z80.o
 .text.op_0x4f  0x08026550       0x10 z80/Src/z80.o
 .text.op_0x50  0x08026560       0x10 z80/Src/z80.o
 .text.op_0x51  0x08026570       0x10 z80/Src/z80.o
 .text.op_0x53  0x08026580       0x10 z80/Src/z80.o
 .text.op_0x54  0x08026590       0x10 z80/Src/z80.o
 .text.op_0x55  0x080265a0       0x10 z80/Src/z80.o
 .text.op_0x56  0x080265b0       0x18 z80/Src/z80.o
 .text.op_0x57  0x080265c8       0x10 z80/Src/z80.o
 .text.op_0x58  0x080265d8       0x10 z80/Src/z80.o
 .text.op_0x59  0x080265e8       0x10 z80/Src/z80.o
 .text.op_0x5a  0x080265f8       0x10 z80/Src/z80.o
 .text.op_0x5c  0x08026608       0x10 z80/Src/z80.o
 .text.op_0x5d  0x08026618       0x10 z80/Src/z80.o
 .text.op_0x5e  0x08026628       0x18 z80/Src/z80.o
 .text.op_0x5f  0x08026640       0x10 z80/Src/z80.o
 .text.op_0x60  0x08026650       0x10 z80/Src/z80.o
 .text.op_0x61  0x08026660       0x10 z80/Src/z80.o
 .text.op_0x62  0x08026670       0x10 z80/Src/z80.o