Archive member included to satisfy reference by file (symbol)

c:/ac6/systemworkbench/plugins/fr.ac6.mcu.externaltools.arm-none.win32_1.15.0.201708311556/tools/compiler/bin/../lib/gcc/arm-none-eabi/6.3.1/thumb/v7e-m/fpv4-sp/hard\libgcc.a(_aeabi_uldivmod.o)
                              Drivers/STM32F4xx_HAL_Driver/Src/stm32f4xx_hal_rcc.o (__aeabi_uldivmod)
c:/ac6/systemworkbench/plugins/fr.ac6.mcu.externaltools.arm-none.win32_1.15.0.201708311556/tools/compiler/bin/../lib/gcc/arm-none-eabi/6.3.1/thumb/v7e-m/fpv4-sp/hard\libgcc.a(_udivmoddi4.o)
                              c:/ac6/systemworkbench/plugins/fr.ac6.mcu.externaltools.arm-none.win32_1.15.0.201708311556/tools/compiler/bin/../lib/gcc/arm-none-eabi/6.3.1/thumb/v7e-m/fpv4-sp/hard\libgcc.a(_aeabi_uldivmod.o) (__udivmoddi4)
c:/ac6/systemworkbench/plugins/fr.ac6.mcu.externaltools.arm-none.win32_1.15.0.201708311556/tools/compiler/bin/../lib/gcc/arm-none-eabi/6.3.1/thumb/v7e-m/fpv4-sp/hard\libgcc.a(_dvmd_tls.o)
                              c:/ac6/systemworkbench/plugins/fr.ac6.mcu.externaltools.arm-none.win32_1.15.0.201708311556/tools/compiler/bin/../lib/gcc/arm-none-eabi/6.3.1/thumb/v7e-m/fpv4-sp/hard\libgcc.a(_aeabi_uldivmod.o) (__aeabi_ldiv0)
c:/ac6/systemworkbench/plugins/fr.ac6.mcu.externaltools.arm-none.win32_1.15.0.201708311556/tools/compiler/bin/../lib/gcc/arm-none-eabi/6.3.1/../../../../arm-none-eabi/lib/thumb/v7e-m/fpv4-sp/hard\libc_nano.a(lib_a-exit.o)
                              c:/ac6/systemworkbench/plugins/fr.ac6.mcu.externaltools.arm-none.win32_1.15.0.201708311556/tools/compiler/bin/../lib/gcc/arm-none-eabi/6.3.1/../../../../arm-none-eabi/lib/thumb/v7e-m/fpv4-sp/hard/crt0.o (exit)
c:/ac6/systemworkbench/plugins/fr.ac6.mcu.externaltools.arm-none.win32_1.15.0.201708311556/tools/compiler/bin/../lib/gcc/arm-none-eabi/6.3.1/../../../../arm-none-eabi/lib/thumb/v7e-m/fpv4-sp/hard\libc_nano.a(lib_a-impure.o)
                              c:/ac6/systemworkbench/plugins/fr.ac6.mcu.externaltools.arm-none.win32_1.15.0.201708311556/tools/compiler/bin/../lib/gcc/arm-none-eabi/6.3.1/../../../../arm-none-eabi/lib/thumb/v7e-m/fpv4-sp/hard\libc_nano.a(lib_a-exit.o) (_global_impure_ptr)
c:/ac6/systemworkbench/plugins/fr.ac6.mcu.externaltools.arm-none.win32_1.15.0.201708311556/tools/compiler/bin/../lib/gcc/arm-none-eabi/6.3.1/../../../../arm-none-eabi/lib/thumb/v7e-m/fpv4-sp/hard\libc_nano.a(lib_a-init.o)
                              c:/ac6/systemworkbench/plugins/fr.ac6.mcu.externaltools.arm-none.win32_1.15.0.201708311556/tools/compiler/bin/../lib/gcc/arm-none-eabi/6.3.1/../../../../arm-none-eabi/lib/thumb/v7e-m/fpv4-sp/hard/crt0.o (__libc_init_array)
c:/ac6/systemworkbench/plugins/fr.ac6.mcu.externaltools.arm-none.win32_1.15.0.201708311556/tools/compiler/bin/../lib/gcc/arm-none-eabi/6.3.1/../../../../arm-none-eabi/lib/thumb/v7e-m/fpv4-sp/hard\libc_nano.a(lib_a-memset.o)
                              c:/ac6/systemworkbench/plugins/fr.ac6.mcu.externaltools.arm-none.win32_1.15.0.201708311556/tools/compiler/bin/../lib/gcc/arm-none-eabi/6.3.1/../../../../arm-none-eabi/lib/thumb/v7e-m/fpv4-sp/hard/crt0.o (memset)
c:/ac6/systemworkbench/plugins/fr.ac6.mcu.externaltools.arm-none.win32_1.15.0.201708311556/tools/compiler/bin/../lib/gcc/arm-none-eabi/6.3.1/../../../../arm-none-eabi/lib/thumb/v7e-m/fpv4-sp/hard\libnosys.a(_exit.o)
                              c:/ac6/systemworkbench/plugins/fr.ac6.mcu.externaltools.arm-none.win32_1.15.0.201708311556/tools/compiler/bin/../lib/gcc/arm-none-eabi/6.3.1/../../../../arm-none-eabi/lib/thumb/v7e-m/fpv4-sp/hard\libc_nano.a(lib_a-exit.o) (_exit)

Allocating common symbols
Common symbol       size              file

in_temp             0x1               z80/Src/z80.o
vector_nmi          0x2               z80/Src/z80.o
reg_                0x8               z80/Src/z80.o
reg                 0x16              z80/Src/z80.o
lookup              0x1               z80/Src/z80.o
hdma_memtomem_dma2_stream0
                    0x60              Src/dma.o
n                   0x1               z80/Src/z80.o
sub_temp            0x4               z80/Src/z80.o
o                   0x1               z80/Src/z80.o
IM                  0x1               z80/Src/z80.o
uwTick              0x4               Drivers/STM32F4xx_HAL_Driver/Src/stm32f4xx_hal.o
IFF1                0x1               z80/Src/z80.o
pFlash              0x20              Drivers/STM32F4xx_HAL_Driver/Src/stm32f4xx_hal_flash.o
nn                  0x2               z80/Src/z80.o
memory              0x10000           z80/Src/z80.o
bytecount           0x2               lcd/Src/lcd.o
hsram1              0x50              Src/fsmc.o
exx_temp            0x2               z80/Src/z80.o
temp8               0x1               z80/Src/z80.o
neg_temp            0x1               z80/Src/z80.o
add_temp            0x4               z80/Src/z80.o
IFF2                0x1               z80/Src/z80.o
i                   0x2               z80/Src/z80.o
[...]
Memory Configuration

Name             Origin             Length             Attributes
RAM              0x20000000         0x00020000         xrw
CCMRAM           0x10000000         0x00010000         rw
FLASH            0x08000000         0x00100000         xr
*default*        0x00000000         0xffffffff

Linker script and memory map

LOAD c:/ac6/systemworkbench/plugins/fr.ac6.mcu.externaltools.arm-none.win32_1.15.0.201708311556/tools/compiler/bin/../lib/gcc/arm-none-eabi/6.3.1/thumb/v7e-m/fpv4-sp/hard/crti.o
LOAD c:/ac6/systemworkbench/plugins/fr.ac6.mcu.externaltools.arm-none.win32_1.15.0.201708311556/tools/compiler/bin/../lib/gcc/arm-none-eabi/6.3.1/thumb/v7e-m/fpv4-sp/hard/crtbegin.o
LOAD c:/ac6/systemworkbench/plugins/fr.ac6.mcu.externaltools.arm-none.win32_1.15.0.201708311556/tools/compiler/bin/../lib/gcc/arm-none-eabi/6.3.1/../../../../arm-none-eabi/lib/thumb/v7e-m/fpv4-sp/hard/crt0.o
LOAD Drivers/STM32F4xx_HAL_Driver/Src/stm32f4xx_hal.o
LOAD Drivers/STM32F4xx_HAL_Driver/Src/stm32f4xx_hal_cortex.o
LOAD Drivers/STM32F4xx_HAL_Driver/Src/stm32f4xx_hal_dma.o
LOAD Drivers/STM32F4xx_HAL_Driver/Src/stm32f4xx_hal_dma_ex.o
LOAD Drivers/STM32F4xx_HAL_Driver/Src/stm32f4xx_hal_flash.o
LOAD Drivers/STM32F4xx_HAL_Driver/Src/stm32f4xx_hal_flash_ex.o
LOAD Drivers/STM32F4xx_HAL_Driver/Src/stm32f4xx_hal_flash_ramfunc.o
LOAD Drivers/STM32F4xx_HAL_Driver/Src/stm32f4xx_hal_gpio.o
LOAD Drivers/STM32F4xx_HAL_Driver/Src/stm32f4xx_hal_pwr.o
LOAD Drivers/STM32F4xx_HAL_Driver/Src/stm32f4xx_hal_pwr_ex.o
LOAD Drivers/STM32F4xx_HAL_Driver/Src/stm32f4xx_hal_rcc.o
LOAD Drivers/STM32F4xx_HAL_Driver/Src/stm32f4xx_hal_rcc_ex.o
LOAD Drivers/STM32F4xx_HAL_Driver/Src/stm32f4xx_hal_sram.o
LOAD Drivers/STM32F4xx_HAL_Driver/Src/stm32f4xx_hal_tim.o
LOAD Drivers/STM32F4xx_HAL_Driver/Src/stm32f4xx_hal_tim_ex.o
LOAD Drivers/STM32F4xx_HAL_Driver/Src/stm32f4xx_ll_fsmc.o
LOAD Src/dma.o
LOAD Src/fsmc.o
LOAD Src/gpio.o
LOAD Src/main.o
LOAD Src/stm32f4xx_hal_msp.o
LOAD Src/stm32f4xx_it.o
LOAD Src/system_stm32f4xx.o
LOAD lcd/Src/lcd.o
LOAD startup/startup_stm32f407xx.o
LOAD z80/Src/z80.o
LOAD zx_spectrum/Src/zx.o
LOAD c:/ac6/systemworkbench/plugins/fr.ac6.mcu.externaltools.arm-none.win32_1.15.0.201708311556/tools/compiler/bin/../lib/gcc/arm-none-eabi/6.3.1/../../../../arm-none-eabi/lib/thumb/v7e-m/fpv4-sp/hard\libm.a
START GROUP
LOAD c:/ac6/systemworkbench/plugins/fr.ac6.mcu.externaltools.arm-none.win32_1.15.0.201708311556/tools/compiler/bin/../lib/gcc/arm-none-eabi/6.3.1/thumb/v7e-m/fpv4-sp/hard\libgcc.a
LOAD c:/ac6/systemworkbench/plugins/fr.ac6.mcu.externaltools.arm-none.win32_1.15.0.201708311556/tools/compiler/bin/../lib/gcc/arm-none-eabi/6.3.1/../../../../arm-none-eabi/lib/thumb/v7e-m/fpv4-sp/hard\libc_nano.a
END GROUP
START GROUP
LOAD c:/ac6/systemworkbench/plugins/fr.ac6.mcu.externaltools.arm-none.win32_1.15.0.201708311556/tools/compiler/bin/../lib/gcc/arm-none-eabi/6.3.1/thumb/v7e-m/fpv4-sp/hard\libgcc.a
LOAD c:/ac6/systemworkbench/plugins/fr.ac6.mcu.externaltools.arm-none.win32_1.15.0.201708311556/tools/compiler/bin/../lib/gcc/arm-none-eabi/6.3.1/../../../../arm-none-eabi/lib/thumb/v7e-m/fpv4-sp/hard\libc_nano.a
LOAD c:/ac6/systemworkbench/plugins/fr.ac6.mcu.externaltools.arm-none.win32_1.15.0.201708311556/tools/compiler/bin/../lib/gcc/arm-none-eabi/6.3.1/../../../../arm-none-eabi/lib/thumb/v7e-m/fpv4-sp/hard\libnosys.a
END GROUP
START GROUP
LOAD c:/ac6/systemworkbench/plugins/fr.ac6.mcu.externaltools.arm-none.win32_1.15.0.201708311556/tools/compiler/bin/../lib/gcc/arm-none-eabi/6.3.1/thumb/v7e-m/fpv4-sp/hard\libgcc.a
LOAD c:/ac6/systemworkbench/plugins/fr.ac6.mcu.externaltools.arm-none.win32_1.15.0.201708311556/tools/compiler/bin/../lib/gcc/arm-none-eabi/6.3.1/../../../../arm-none-eabi/lib/thumb/v7e-m/fpv4-sp/hard\libc_nano.a
LOAD c:/ac6/systemworkbench/plugins/fr.ac6.mcu.externaltools.arm-none.win32_1.15.0.201708311556/tools/compiler/bin/../lib/gcc/arm-none-eabi/6.3.1/../../../../arm-none-eabi/lib/thumb/v7e-m/fpv4-sp/hard\libnosys.a
END GROUP
LOAD c:/ac6/systemworkbench/plugins/fr.ac6.mcu.externaltools.arm-none.win32_1.15.0.201708311556/tools/compiler/bin/../lib/gcc/arm-none-eabi/6.3.1/thumb/v7e-m/fpv4-sp/hard/crtend.o
LOAD c:/ac6/systemworkbench/plugins/fr.ac6.mcu.externaltools.arm-none.win32_1.15.0.201708311556/tools/compiler/bin/../lib/gcc/arm-none-eabi/6.3.1/thumb/v7e-m/fpv4-sp/hard/crtn.o
                0x20020000                _estack = 0x20020000
                0x00000200                _Min_Heap_Size = 0x200
                0x00000400                _Min_Stack_Size = 0x400

.isr_vector     0x08000000      0x188
                0x08000000                . = ALIGN (0x4)
 *(.isr_vector)
 .isr_vector    0x08000000      0x188 startup/startup_stm32f407xx.o
                0x08000000                g_pfnVectors
                0x08000188                . = ALIGN (0x4)

.text           0x08000188    0x143e4
                0x08000188                . = ALIGN (0x4)
 *(.text)
 .text          0x08000188       0x6c c:/ac6/systemworkbench/plugins/fr.ac6.mcu.externaltools.arm-none.win32_1.15.0.201708311556/tools/compiler/bin/../lib/gcc/arm-none-eabi/6.3.1/thumb/v7e-m/fpv4-sp/hard/crtbegin.o
 .text          0x080001f4       0x30 c:/ac6/systemworkbench/plugins/fr.ac6.mcu.externaltools.arm-none.win32_1.15.0.201708311556/tools/compiler/bin/../lib/gcc/arm-none-eabi/6.3.1/thumb/v7e-m/fpv4-sp/hard\libgcc.a(_aeabi_uldivmod.o)
                0x080001f4                __aeabi_uldivmod
 .text          0x08000224      0x2dc c:/ac6/systemworkbench/plugins/fr.ac6.mcu.externaltools.arm-none.win32_1.15.0.201708311556/tools/compiler/bin/../lib/gcc/arm-none-eabi/6.3.1/thumb/v7e-m/fpv4-sp/hard\libgcc.a(_udivmoddi4.o)
                0x08000224                __udivmoddi4
 .text          0x08000500        0x4 c:/ac6/systemworkbench/plugins/fr.ac6.mcu.externaltools.arm-none.win32_1.15.0.201708311556/tools/compiler/bin/../lib/gcc/arm-none-eabi/6.3.1/thumb/v7e-m/fpv4-sp/hard\libgcc.a(_dvmd_tls.o)
                0x08000500                __aeabi_idiv0
                0x08000500                __aeabi_ldiv0
 *(.text*)
 .text.HAL_InitTick
                0x08000504       0x2c Drivers/STM32F4xx_HAL_Driver/Src/stm32f4xx_hal.o
                0x08000504                HAL_InitTick
 .text.HAL_Init
                0x08000530       0x34 Drivers/STM32F4xx_HAL_Driver/Src/stm32f4xx_hal.o
                0x08000530                HAL_Init
 .text.HAL_IncTick
                0x08000564       0x10 Drivers/STM32F4xx_HAL_Driver/Src/stm32f4xx_hal.o
                0x08000564                HAL_IncTick
 .text.HAL_GetTick
                0x08000574        0xc Drivers/STM32F4xx_HAL_Driver/Src/stm32f4xx_hal.o
                0x08000574                HAL_GetTick
 .text.HAL_Delay
                0x08000580       0x24 Drivers/STM32F4xx_HAL_Driver/Src/stm32f4xx_hal.o
                0x08000580                HAL_Delay
 .text.HAL_NVIC_SetPriorityGrouping
                0x080005a4       0x24 Drivers/STM32F4xx_HAL_Driver/Src/stm32f4xx_hal_cortex.o
                0x080005a4                HAL_NVIC_SetPriorityGrouping
 .text.HAL_NVIC_SetPriority
                0x080005c8       0x64 Drivers/STM32F4xx_HAL_Driver/Src/stm32f4xx_hal_cortex.o
                0x080005c8                HAL_NVIC_SetPriority
 .text.HAL_SYSTICK_Config
                0x0800062c       0x2c Drivers/STM32F4xx_HAL_Driver/Src/stm32f4xx_hal_cortex.o
                0x0800062c                HAL_SYSTICK_Config
 .text.HAL_SYSTICK_CLKSourceConfig
                0x08000658       0x20 Drivers/STM32F4xx_HAL_Driver/Src/stm32f4xx_hal_cortex.o
                0x08000658                HAL_SYSTICK_CLKSourceConfig
 .text.HAL_SYSTICK_Callback
                0x08000678        0x2 Drivers/STM32F4xx_HAL_Driver/Src/stm32f4xx_hal_cortex.o
                0x08000678                HAL_SYSTICK_Callback
 .text.HAL_SYSTICK_IRQHandler
                0x0800067a        0x8 Drivers/STM32F4xx_HAL_Driver/Src/stm32f4xx_hal_cortex.o
                0x0800067a                HAL_SYSTICK_IRQHandler
 .text.DMA_SetConfig
                0x08000682       0x2c Drivers/STM32F4xx_HAL_Driver/Src/stm32f4xx_hal_dma.o
 *fill*         0x080006ae        0x2 
 .text.DMA_CalcBaseAndBitshift
                0x080006b0       0x3c Drivers/STM32F4xx_HAL_Driver/Src/stm32f4xx_hal_dma.o
 .text.DMA_CheckFifoParam
                0x080006ec       0x8e Drivers/STM32F4xx_HAL_Driver/Src/stm32f4xx_hal_dma.o
 *fill*         0x0800077a        0x2 
 .text.HAL_DMA_Init
                0x0800077c       0xd0 Drivers/STM32F4xx_HAL_Driver/Src/stm32f4xx_hal_dma.o
                0x0800077c                HAL_DMA_Init
 .text.HAL_DMA_Start
                0x0800084c       0x48 Drivers/STM32F4xx_HAL_Driver/Src/stm32f4xx_hal_dma.o
                0x0800084c                HAL_DMA_Start
 .text.HAL_DMA_Abort
                0x08000894       0x94 Drivers/STM32F4xx_HAL_Driver/Src/stm32f4xx_hal_dma.o
                0x08000894                HAL_DMA_Abort
 .text.HAL_GPIO_Init
                0x08000928      0x1cc Drivers/STM32F4xx_HAL_Driver/Src/stm32f4xx_hal_gpio.o
                0x08000928                HAL_GPIO_Init
 .text.HAL_GPIO_WritePin
                0x08000af4        0xc Drivers/STM32F4xx_HAL_Driver/Src/stm32f4xx_hal_gpio.o
                0x08000af4                HAL_GPIO_WritePin
 .text.HAL_GPIO_TogglePin
                0x08000b00        0x8 Drivers/STM32F4xx_HAL_Driver/Src/stm32f4xx_hal_gpio.o
                0x08000b00                HAL_GPIO_TogglePin
 .text.HAL_RCC_OscConfig
                0x08000b08      0x378 Drivers/STM32F4xx_HAL_Driver/Src/stm32f4xx_hal_rcc.o
                0x08000b08                HAL_RCC_OscConfig
 .text.HAL_RCC_GetSysClockFreq
                0x08000e80       0xd4 Drivers/STM32F4xx_HAL_Driver/Src/stm32f4xx_hal_rcc.o
                0x08000e80                HAL_RCC_GetSysClockFreq
 .text.HAL_RCC_ClockConfig
                0x08000f54      0x158 Drivers/STM32F4xx_HAL_Driver/Src/stm32f4xx_hal_rcc.o
                0x08000f54                HAL_RCC_ClockConfig
 .text.HAL_RCC_GetHCLKFreq
                0x080010ac        0xc Drivers/STM32F4xx_HAL_Driver/Src/stm32f4xx_hal_rcc.o
                0x080010ac                HAL_RCC_GetHCLKFreq
 .text.HAL_SRAM_Init
                0x080010b8       0x52 Drivers/STM32F4xx_HAL_Driver/Src/stm32f4xx_hal_sram.o
                0x080010b8                HAL_SRAM_Init
 *fill*         0x0800110a        0x2 
 .text.FSMC_NORSRAM_Init
                0x0800110c       0x58 Drivers/STM32F4xx_HAL_Driver/Src/stm32f4xx_ll_fsmc.o
                0x0800110c                FSMC_NORSRAM_Init
 .text.FSMC_NORSRAM_Timing_Init
                0x08001164       0x40 Drivers/STM32F4xx_HAL_Driver/Src/stm32f4xx_ll_fsmc.o
                0x08001164                FSMC_NORSRAM_Timing_Init
 .text.FSMC_NORSRAM_Extended_Timing_Init
                0x080011a4       0x44 Drivers/STM32F4xx_HAL_Driver/Src/stm32f4xx_ll_fsmc.o
                0x080011a4                FSMC_NORSRAM_Extended_Timing_Init
 .text.MX_DMA_Init
                0x080011e8       0x78 Src/dma.o
                0x080011e8                MX_DMA_Init
 .text.HAL_FSMC_MspInit
                0x08001260       0x70 Src/fsmc.o
 .text.MX_FSMC_Init
                0x080012d0       0x68 Src/fsmc.o
                0x080012d0                MX_FSMC_Init
 .text.HAL_SRAM_MspInit
                0x08001338        0x8 Src/fsmc.o
                0x08001338                HAL_SRAM_MspInit
 .text.MX_GPIO_Init
                0x08001340       0x88 Src/gpio.o
                0x08001340                MX_GPIO_Init
 .text._Error_Handler
                0x080013c8        0x2 Src/main.o
                0x080013c8                _Error_Handler
 *fill*         0x080013ca        0x2 
 .text.SystemClock_Config
                0x080013cc       0xc8 Src/main.o
                0x080013cc                SystemClock_Config
 .text.main     0x08001494       0x1c Src/main.o
                0x08001494                main
 .text.HAL_MspInit
                0x080014b0       0x5e Src/stm32f4xx_hal_msp.o
                0x080014b0                HAL_MspInit
 .text.NMI_Handler
                0x0800150e        0x2 Src/stm32f4xx_it.o
                0x0800150e                NMI_Handler
 .text.HardFault_Handler
                0x08001510        0x2 Src/stm32f4xx_it.o
                0x08001510                HardFault_Handler
 .text.MemManage_Handler
                0x08001512        0x2 Src/stm32f4xx_it.o
                0x08001512                MemManage_Handler
 .text.BusFault_Handler
                0x08001514        0x2 Src/stm32f4xx_it.o
                0x08001514                BusFault_Handler
 .text.UsageFault_Handler
                0x08001516        0x2 Src/stm32f4xx_it.o
                0x08001516                UsageFault_Handler
 .text.SVC_Handler
                0x08001518        0x2 Src/stm32f4xx_it.o
                0x08001518                SVC_Handler
 .text.DebugMon_Handler
                0x0800151a        0x2 Src/stm32f4xx_it.o
                0x0800151a                DebugMon_Handler
 .text.PendSV_Handler
                0x0800151c        0x2 Src/stm32f4xx_it.o
                0x0800151c                PendSV_Handler
 .text.SysTick_Handler
                0x0800151e        0xc Src/stm32f4xx_it.o
                0x0800151e                SysTick_Handler
 *fill*         0x0800152a        0x2 
 .text.SystemInit
                0x0800152c       0x4c Src/system_stm32f4xx.o
                0x0800152c                SystemInit
 .text.LCD_Reset
                0x08001578       0x2c lcd/Src/lcd.o
                0x08001578                LCD_Reset
 .text.LCD_WriteReg
                0x080015a4        0xe lcd/Src/lcd.o
                0x080015a4                LCD_WriteReg
 .text.LCD_ReadReg
                0x080015b2        0xe lcd/Src/lcd.o
                0x080015b2                LCD_ReadReg
 .text.LCD_Write
                0x080015c0        0xc lcd/Src/lcd.o
                0x080015c0                LCD_Write
 .text.LCD_SelectRegRAM_Prepare
                0x080015cc        0xa lcd/Src/lcd.o
                0x080015cc                LCD_SelectRegRAM_Prepare
 .text.LCD_Init
                0x080015d6      0x1aa lcd/Src/lcd.o
                0x080015d6                LCD_Init
 .text.LCD_SetCursor
                0x08001780       0x18 lcd/Src/lcd.o
                0x08001780                LCD_SetCursor
 .text.LCD_Clear
                0x08001798       0x46 lcd/Src/lcd.o
                0x08001798                LCD_Clear
 *fill*         0x080017de        0x2 
 .text.Reset_Handler
                0x080017e0       0x50 startup/startup_stm32f407xx.o
                0x080017e0                Reset_Handler
 .text.Default_Handler
                0x08001830        0x2 startup/startup_stm32f407xx.o
                0x08001830                RTC_Alarm_IRQHandler
                0x08001830                HASH_RNG_IRQHandler
                0x08001830                EXTI2_IRQHandler
                0x08001830                TIM8_CC_IRQHandler
                0x08001830                TIM1_CC_IRQHandler
                0x08001830                DMA2_Stream5_IRQHandler
                0x08001830                DMA1_Stream5_IRQHandler
                0x08001830                PVD_IRQHandler
                0x08001830                SDIO_IRQHandler
                0x08001830                TAMP_STAMP_IRQHandler
                0x08001830                CAN2_RX1_IRQHandler
                0x08001830                EXTI3_IRQHandler
                0x08001830                TIM8_TRG_COM_TIM14_IRQHandler
                0x08001830                TIM1_UP_TIM10_IRQHandler
                0x08001830                TIM8_UP_TIM13_IRQHandler
                0x08001830                I2C3_ER_IRQHandler
                0x08001830                EXTI0_IRQHandler
                0x08001830                I2C2_EV_IRQHandler
                0x08001830                DMA1_Stream2_IRQHandler
                0x08001830                CAN1_RX0_IRQHandler
                0x08001830                FPU_IRQHandler
                0x08001830                OTG_HS_WKUP_IRQHandler
                0x08001830                CAN2_SCE_IRQHandler
                0x08001830                DMA2_Stream2_IRQHandler
                0x08001830                SPI1_IRQHandler
                0x08001830                TIM6_DAC_IRQHandler
                0x08001830                TIM1_BRK_TIM9_IRQHandler
                0x08001830                DCMI_IRQHandler
                0x08001830                CAN2_RX0_IRQHandler
                0x08001830                DMA2_Stream3_IRQHandler
                0x08001830                USART6_IRQHandler
                0x08001830                USART3_IRQHandler
                0x08001830                CAN1_RX1_IRQHandler
                0x08001830                UART5_IRQHandler
                0x08001830                DMA2_Stream0_IRQHandler
                0x08001830                TIM4_IRQHandler
                0x08001830                I2C1_EV_IRQHandler
                0x08001830                DMA1_Stream6_IRQHandler
                0x08001830                DMA1_Stream1_IRQHandler
                0x08001830                UART4_IRQHandler
                0x08001830                TIM3_IRQHandler
                0x08001830                RCC_IRQHandler
                0x08001830                TIM8_BRK_TIM12_IRQHandler
                0x08001830                Default_Handler
                0x08001830                EXTI15_10_IRQHandler
                0x08001830                ADC_IRQHandler
                0x08001830                DMA1_Stream7_IRQHandler
                0x08001830                TIM7_IRQHandler
                0x08001830                CAN2_TX_IRQHandler
                0x08001830                TIM5_IRQHandler
                0x08001830                DMA2_Stream7_IRQHandler
                0x08001830                I2C3_EV_IRQHandler
                0x08001830                EXTI9_5_IRQHandler
                0x08001830                RTC_WKUP_IRQHandler
                0x08001830                ETH_WKUP_IRQHandler
                0x08001830                SPI2_IRQHandler
                0x08001830                OTG_HS_EP1_IN_IRQHandler
                0x08001830                DMA1_Stream0_IRQHandler
                0x08001830                CAN1_TX_IRQHandler
                0x08001830                EXTI4_IRQHandler
                0x08001830                FSMC_IRQHandler
                0x08001830                ETH_IRQHandler
                0x08001830                OTG_HS_EP1_OUT_IRQHandler
                0x08001830                WWDG_IRQHandler
                0x08001830                TIM2_IRQHandler
                0x08001830                OTG_FS_WKUP_IRQHandler
                0x08001830                TIM1_TRG_COM_TIM11_IRQHandler
                0x08001830                OTG_HS_IRQHandler
                0x08001830                EXTI1_IRQHandler
                0x08001830                USART2_IRQHandler
                0x08001830                I2C2_ER_IRQHandler
                0x08001830                DMA2_Stream1_IRQHandler
                0x08001830                CAN1_SCE_IRQHandler
                0x08001830                FLASH_IRQHandler
                0x08001830                DMA2_Stream4_IRQHandler
                0x08001830                USART1_IRQHandler
                0x08001830                OTG_FS_IRQHandler
                0x08001830                SPI3_IRQHandler
                0x08001830                DMA1_Stream4_IRQHandler
                0x08001830                I2C1_ER_IRQHandler
                0x08001830                DMA2_Stream6_IRQHandler
                0x08001830                DMA1_Stream3_IRQHandler
 *fill*         0x08001832        0x2 
 .text.op_0x00  0x08001834        0xc z80/Src/z80.o
 .text.op_0x03  0x08001840       0x18 z80/Src/z80.o
 .text.op_0x04  0x08001858       0x4c z80/Src/z80.o
 .text.op_0x05  0x080018a4       0x50 z80/Src/z80.o
 .text.op_0x07  0x080018f4       0x30 z80/Src/z80.o
 .text.op_0x08  0x08001924       0x28 z80/Src/z80.o
 .text.op_0x09  0x0800194c       0x70 z80/Src/z80.o
 .text.op_0x0b  0x080019bc       0x18 z80/Src/z80.o
 .text.op_0x0c  0x080019d4       0x4c z80/Src/z80.o
 .text.op_0x0d  0x08001a20       0x50 z80/Src/z80.o
 .text.op_0x0f  0x08001a70       0x34 z80/Src/z80.o
 .text.op_0x13  0x08001aa4       0x18 z80/Src/z80.o
 .text.op_0x14  0x08001abc       0x4c z80/Src/z80.o
 .text.op_0x15  0x08001b08       0x50 z80/Src/z80.o
 .text.op_0x17  0x08001b58       0x3c z80/Src/z80.o
 .text.op_0x19  0x08001b94       0x70 z80/Src/z80.o
 .text.op_0x1b  0x08001c04       0x18 z80/Src/z80.o
 .text.op_0x1c  0x08001c1c       0x4c z80/Src/z80.o
 .text.op_0x1d  0x08001c68       0x50 z80/Src/z80.o
 .text.op_0x1f  0x08001cb8       0x3c z80/Src/z80.o
 .text.op_0x23  0x08001cf4       0x18 z80/Src/z80.o
 .text.op_0x24  0x08001d0c       0x4c z80/Src/z80.o
 .text.op_0x25  0x08001d58       0x50 z80/Src/z80.o
 .text.op_0x27  0x08001da8       0x4c z80/Src/z80.o
 .text.op_0x29  0x08001df4       0x6c z80/Src/z80.o
 .text.op_0x2b  0x08001e60       0x18 z80/Src/z80.o
 .text.op_0x2c  0x08001e78       0x4c z80/Src/z80.o
 .text.op_0x2d  0x08001ec4       0x50 z80/Src/z80.o
 .text.op_0x2f  0x08001f14       0x30 z80/Src/z80.o
 .text.op_0x33  0x08001f44       0x18 z80/Src/z80.o
 .text.op_0x37  0x08001f5c       0x2c z80/Src/z80.o
 .text.op_0x39  0x08001f88       0x70 z80/Src/z80.o
 .text.op_0x3b  0x08001ff8       0x18 z80/Src/z80.o
 .text.op_0x3c  0x08002010       0x4c z80/Src/z80.o
 .text.op_0x3d  0x0800205c       0x50 z80/Src/z80.o
 .text.op_0x3f  0x080020ac       0x38 z80/Src/z80.o
 .text.op_0x40  0x080020e4        0xc z80/Src/z80.o
 .text.op_0x41  0x080020f0       0x18 z80/Src/z80.o
 .text.op_0x42  0x08002108       0x18 z80/Src/z80.o
 .text.op_0x43  0x08002120       0x18 z80/Src/z80.o
 .text.op_0x44  0x08002138       0x18 z80/Src/z80.o
 .text.op_0x45  0x08002150       0x18 z80/Src/z80.o
 .text.op_0x47  0x08002168       0x18 z80/Src/z80.o
 .text.op_0x48  0x08002180       0x18 z80/Src/z80.o
 .text.op_0x49  0x08002198        0xc z80/Src/z80.o
 .text.op_0x4a  0x080021a4       0x18 z80/Src/z80.o
 .text.op_0x4b  0x080021bc       0x18 z80/Src/z80.o
 .text.op_0x4c  0x080021d4       0x18 z80/Src/z80.o
 .text.op_0x4d  0x080021ec       0x18 z80/Src/z80.o
 .text.op_0x4f  0x08002204       0x18 z80/Src/z80.o
 .text.op_0x50  0x0800221c       0x18 z80/Src/z80.o
 .text.op_0x51  0x08002234       0x18 z80/Src/z80.o
 .text.op_0x52  0x0800224c        0xc z80/Src/z80.o
 .text.op_0x53  0x08002258       0x18 z80/Src/z80.o
 .text.op_0x54  0x08002270       0x18 z80/Src/z80.o
 .text.op_0x55  0x08002288       0x18 z80/Src/z80.o
 .text.op_0x57  0x080022a0       0x18 z80/Src/z80.o
 .text.op_0x58  0x080022b8       0x18 z80/Src/z80.o
 .text.op_0x59  0x080022d0       0x18 z80/Src/z80.o
 .text.op_0x5a  0x080022e8       0x18 z80/Src/z80.o
 .text.op_0x5b  0x08002300        0xc z80/Src/z80.o
 .text.op_0x5c  0x0800230c       0x18 z80/Src/z80.o
 .text.op_0x5d  0x08002324       0x18 z80/Src/z80.o
 .text.op_0x5f  0x0800233c       0x18 z80/Src/z80.o
 .text.op_0x60  0x08002354       0x18 z80/Src/z80.o
 .text.op_0x61  0x0800236c       0x18 z80/Src/z80.o
 .text.op_0x62  0x08002384       0x18 z80/Src/z80.o
 .text.op_0x63  0x0800239c       0x18 z80/Src/z80.o
 .text.op_0x64  0x080023b4        0xc z80/Src/z80.o
 .text.op_0x65  0x080023c0       0x18 z80/Src/z80.o
 .text.op_0x67  0x080023d8       0x18 z80/Src/z80.o
 .text.op_0x68  0x080023f0       0x18 z80/Src/z80.o
 .text.op_0x69  0x08002408       0x18 z80/Src/z80.o
 .text.op_0x6a  0x08002420       0x18 z80/Src/z80.o
 .text.op_0x6b  0x08002438       0x18 z80/Src/z80.o
 .text.op_0x6c  0x08002450       0x18 z80/Src/z80.o
 .text.op_0x6d  0x08002468        0xc z80/Src/z80.o
 .text.op_0x6f  0x08002474       0x18 z80/Src/z80.o
 .text.op_0x76  0x0800248c       0x18 z80/Src/z80.o
 .text.op_0x78  0x080024a4       0x18 z80/Src/z80.o
 .text.op_0x79  0x080024bc       0x18 z80/Src/z80.o
 .text.op_0x7a  0x080024d4       0x18 z80/Src/z80.o
 .text.op_0x7b  0x080024ec       0x18 z80/Src/z80.o
 .text.op_0x7c  0x08002504       0x18 z80/Src/z80.o
 .text.op_0x7d  0x0800251c       0x18 z80/Src/z80.o
 .text.op_0x7f  0x08002534        0xc z80/Src/z80.o
 .text.op_0x80  0x08002540       0x74 z80/Src/z80.o
 .text.op_0x81  0x080025b4       0x74 z80/Src/z80.o
 .text.op_0x82  0x08002628       0x74 z80/Src/z80.o
 .text.op_0x83  0x0800269c       0x74 z80/Src/z80.o
 .text.op_0x84  0x08002710       0x74 z80/Src/z80.o
 .text.op_0x85  0x08002784       0x74 z80/Src/z80.o
 .text.op_0x87  0x080027f8       0x70 z80/Src/z80.o
 .text.op_0x88  0x08002868       0x7c z80/Src/z80.o
 .text.op_0x89  0x080028e4       0x7c z80/Src/z80.o
 .text.op_0x8a  0x08002960       0x7c z80/Src/z80.o
 .text.op_0x8b  0x080029dc       0x7c z80/Src/z80.o
 .text.op_0x8c  0x08002a58       0x7c z80/Src/z80.o
 .text.op_0x8d  0x08002ad4       0x7c z80/Src/z80.o
 .text.op_0x8f  0x08002b50       0x78 z80/Src/z80.o
 .text.op_0x90  0x08002bc8       0x80 z80/Src/z80.o
 .text.op_0x91  0x08002c48       0x80 z80/Src/z80.o
 .text.op_0x92  0x08002cc8       0x80 z80/Src/z80.o
 .text.op_0x93  0x08002d48       0x80 z80/Src/z80.o
 .text.op_0x94  0x08002dc8       0x80 z80/Src/z80.o
 .text.op_0x95  0x08002e48       0x80 z80/Src/z80.o
 .text.op_0x97  0x08002ec8       0x5c z80/Src/z80.o
 .text.op_0x98  0x08002f24       0x88 z80/Src/z80.o
 .text.op_0x99  0x08002fac       0x88 z80/Src/z80.o
 .text.op_0x9a  0x08003034       0x88 z80/Src/z80.o
 .text.op_0x9b  0x080030bc       0x88 z80/Src/z80.o
 .text.op_0x9c  0x08003144       0x88 z80/Src/z80.o
 .text.op_0x9d  0x080031cc       0x88 z80/Src/z80.o
 .text.op_0x9f  0x08003254       0x80 z80/Src/z80.o
 .text.op_0xa0  0x080032d4       0x2c z80/Src/z80.o
 .text.op_0xa1  0x08003300       0x2c z80/Src/z80.o
 .text.op_0xa2  0x0800332c       0x2c z80/Src/z80.o
 .text.op_0xa3  0x08003358       0x2c z80/Src/z80.o
 .text.op_0xa4  0x08003384       0x2c z80/Src/z80.o
 .text.op_0xa5  0x080033b0       0x2c z80/Src/z80.o
 .text.op_0xa7  0x080033dc       0x28 z80/Src/z80.o
 .text.op_0xa8  0x08003404       0x28 z80/Src/z80.o
 .text.op_0xa9  0x0800342c       0x28 z80/Src/z80.o
 .text.op_0xaa  0x08003454       0x28 z80/Src/z80.o
 .text.op_0xab  0x0800347c       0x28 z80/Src/z80.o
 .text.op_0xac  0x080034a4       0x28 z80/Src/z80.o
 .text.op_0xad  0x080034cc       0x28 z80/Src/z80.o
 .text.op_0xaf  0x080034f4       0x1c z80/Src/z80.o
 .text.op_0xb0  0x08003510       0x28 z80/Src/z80.o
 .text.op_0xb1  0x08003538       0x28 z80/Src/z80.o
 .text.op_0xb2  0x08003560       0x28 z80/Src/z80.o
 .text.op_0xb3  0x08003588       0x28 z80/Src/z80.o
 .text.op_0xb4  0x080035b0       0x28 z80/Src/z80.o
 .text.op_0xb5  0x080035d8       0x28 z80/Src/z80.o
 .text.op_0xb7  0x08003600       0x24 z80/Src/z80.o
 .text.op_0xb8  0x08003624       0x84 z80/Src/z80.o
 .text.op_0xb9  0x080036a8       0x84 z80/Src/z80.o
 .text.op_0xba  0x0800372c       0x84 z80/Src/z80.o
 .text.op_0xbb  0x080037b0       0x84 z80/Src/z80.o
 .text.op_0xbc  0x08003834       0x84 z80/Src/z80.o
 .text.op_0xbd  0x080038b8       0x84 z80/Src/z80.o
 .text.op_0xbf  0x0800393c       0x60 z80/Src/z80.o
 .text.op_0xcb  0x0800399c        0x2 z80/Src/z80.o
 *fill*         0x0800399e        0x2 
 .text.op_0xd9  0x080039a0       0x38 z80/Src/z80.o
 .text.op_0xdd  0x080039d8        0x2 z80/Src/z80.o
 *fill*         0x080039da        0x2 
 .text.op_0xe9  0x080039dc       0x18 z80/Src/z80.o
 .text.op_0xeb  0x080039f4       0x24 z80/Src/z80.o
 .text.op_0xed  0x08003a18        0x2 z80/Src/z80.o
 *fill*         0x08003a1a        0x2 
 .text.op_0xf3  0x08003a1c       0x20 z80/Src/z80.o
 .text.op_0xf9  0x08003a3c       0x18 z80/Src/z80.o
 .text.op_0xfb  0x08003a54       0x20 z80/Src/z80.o
 .text.op_0xfd  0x08003a74        0x2 z80/Src/z80.o
 *fill*         0x08003a76        0x2 
 .text.op_CB_0x00
                0x08003a78       0x34 z80/Src/z80.o
 .text.op_CB_0x01
                0x08003aac       0x34 z80/Src/z80.o
 .text.op_CB_0x02
                0x08003ae0       0x34 z80/Src/z80.o
 .text.op_CB_0x03
                0x08003b14       0x34 z80/Src/z80.o
 .text.op_CB_0x04
                0x08003b48       0x34 z80/Src/z80.o
 .text.op_CB_0x05
                0x08003b7c       0x34 z80/Src/z80.o
 .text.op_CB_0x07
                0x08003bb0       0x34 z80/Src/z80.o
 .text.op_CB_0x08
                0x08003be4       0x34 z80/Src/z80.o
 .text.op_CB_0x09
                0x08003c18       0x34 z80/Src/z80.o
 .text.op_CB_0x0a
                0x08003c4c       0x34 z80/Src/z80.o
 .text.op_CB_0x0b
                0x08003c80       0x34 z80/Src/z80.o
 .text.op_CB_0x0c
                0x08003cb4       0x34 z80/Src/z80.o
 .text.op_CB_0x0d
                0x08003ce8       0x34 z80/Src/z80.o
 .text.op_CB_0x0f
                0x08003d1c       0x34 z80/Src/z80.o
 .text.op_CB_0x10
                0x08003d50       0x40 z80/Src/z80.o
 .text.op_CB_0x11
                0x08003d90       0x40 z80/Src/z80.o
 .text.op_CB_0x12
                0x08003dd0       0x40 z80/Src/z80.o
 .text.op_CB_0x13
                0x08003e10       0x40 z80/Src/z80.o
 .text.op_CB_0x14
                0x08003e50       0x40 z80/Src/z80.o
 .text.op_CB_0x15
                0x08003e90       0x40 z80/Src/z80.o
 .text.op_CB_0x17
                0x08003ed0       0x40 z80/Src/z80.o
 .text.op_CB_0x18
                0x08003f10       0x3c z80/Src/z80.o
 .text.op_CB_0x19
                0x08003f4c       0x3c z80/Src/z80.o
 .text.op_CB_0x1a
                0x08003f88       0x3c z80/Src/z80.o
 .text.op_CB_0x1b
                0x08003fc4       0x3c z80/Src/z80.o
 .text.op_CB_0x1c
                0x08004000       0x3c z80/Src/z80.o
 .text.op_CB_0x1d
                0x0800403c       0x3c z80/Src/z80.o
 .text.op_CB_0x1f
                0x08004078       0x3c z80/Src/z80.o
 .text.op_CB_0x20
                0x080040b4       0x2c z80/Src/z80.o
 .text.op_CB_0x21
                0x080040e0       0x2c z80/Src/z80.o
 .text.op_CB_0x22
                0x0800410c       0x2c z80/Src/z80.o
 .text.op_CB_0x23
                0x08004138       0x2c z80/Src/z80.o
 .text.op_CB_0x24
                0x08004164       0x2c z80/Src/z80.o
 .text.op_CB_0x25
                0x08004190       0x2c z80/Src/z80.o
 .text.op_CB_0x27
                0x080041bc       0x2c z80/Src/z80.o
 .text.op_CB_0x28
                0x080041e8       0x38 z80/Src/z80.o
 .text.op_CB_0x29
                0x08004220       0x38 z80/Src/z80.o
 .text.op_CB_0x2a
                0x08004258       0x38 z80/Src/z80.o
 .text.op_CB_0x2b
                0x08004290       0x38 z80/Src/z80.o
 .text.op_CB_0x2c
                0x080042c8       0x38 z80/Src/z80.o
 .text.op_CB_0x2d
                0x08004300       0x38 z80/Src/z80.o
 .text.op_CB_0x2f
                0x08004338       0x38 z80/Src/z80.o
 .text.op_CB_0x30
                0x08004370       0x30 z80/Src/z80.o
 .text.op_CB_0x31
                0x080043a0       0x30 z80/Src/z80.o
 .text.op_CB_0x32
                0x080043d0       0x30 z80/Src/z80.o
 .text.op_CB_0x33
                0x08004400       0x30 z80/Src/z80.o
 .text.op_CB_0x34
                0x08004430       0x30 z80/Src/z80.o
 .text.op_CB_0x35
                0x08004460       0x30 z80/Src/z80.o
 .text.op_CB_0x37
                0x08004490       0x30 z80/Src/z80.o
 .text.op_CB_0x38
                0x080044c0       0x2c z80/Src/z80.o
 .text.op_CB_0x39
                0x080044ec       0x2c z80/Src/z80.o
 .text.op_CB_0x3a
                0x08004518       0x2c z80/Src/z80.o
 .text.op_CB_0x3b
                0x08004544       0x2c z80/Src/z80.o
 .text.op_CB_0x3c
                0x08004570       0x2c z80/Src/z80.o
 .text.op_CB_0x3d
                0x0800459c       0x2c z80/Src/z80.o
 .text.op_CB_0x3f
                0x080045c8       0x2c z80/Src/z80.o
 .text.op_CB_0x40
                0x080045f4       0x40 z80/Src/z80.o
 .text.op_CB_0x41
                0x08004634       0x40 z80/Src/z80.o
 .text.op_CB_0x42
                0x08004674       0x40 z80/Src/z80.o
 .text.op_CB_0x43
                0x080046b4       0x40 z80/Src/z80.o
 .text.op_CB_0x44
                0x080046f4       0x40 z80/Src/z80.o
 .text.op_CB_0x45
                0x08004734       0x40 z80/Src/z80.o
 .text.op_CB_0x47
                0x08004774       0x40 z80/Src/z80.o
 .text.op_CB_0x48
                0x080047b4       0x40 z80/Src/z80.o
 .text.op_CB_0x49
                0x080047f4       0x40 z80/Src/z80.o
 .text.op_CB_0x4a
                0x08004834       0x40 z80/Src/z80.o
 .text.op_CB_0x4b
                0x08004874       0x40 z80/Src/z80.o
 .text.op_CB_0x4c
                0x080048b4       0x40 z80/Src/z80.o
 .text.op_CB_0x4d
                0x080048f4       0x40 z80/Src/z80.o
 .text.op_CB_0x4f
                0x08004934       0x40 z80/Src/z80.o
 .text.op_CB_0x50
                0x08004974       0x40 z80/Src/z80.o
 .text.op_CB_0x51
                0x080049b4       0x40 z80/Src/z80.o
 .text.op_CB_0x52
                0x080049f4       0x40 z80/Src/z80.o
 .text.op_CB_0x53
                0x08004a34       0x40 z80/Src/z80.o
 .text.op_CB_0x54
                0x08004a74       0x40 z80/Src/z80.o
 .text.op_CB_0x55
                0x08004ab4       0x40 z80/Src/z80.o
 .text.op_CB_0x57
                0x08004af4       0x40 z80/Src/z80.o
 .text.op_CB_0x58
                0x08004b34       0x40 z80/Src/z80.o
 .text.op_CB_0x59
                0x08004b74       0x40 z80/Src/z80.o
 .text.op_CB_0x5a
                0x08004bb4       0x40 z80/Src/z80.o
 .text.op_CB_0x5b
                0x08004bf4       0x40 z80/Src/z80.o
 .text.op_CB_0x5c
                0x08004c34       0x40 z80/Src/z80.o
 .text.op_CB_0x5d
                0x08004c74       0x40 z80/Src/z80.o
 .text.op_CB_0x5f
                0x08004cb4       0x40 z80/Src/z80.o
 .text.op_CB_0x60
                0x08004cf4       0x40 z80/Src/z80.o
 .text.op_CB_0x61
                0x08004d34       0x40 z80/Src/z80.o
 .text.op_CB_0x62
                0x08004d74       0x40 z80/Src/z80.o
 .text.op_CB_0x63
                0x08004db4       0x40 z80/Src/z80.o
 .text.op_CB_0x64
                0x08004df4       0x40 z80/Src/z80.o
 .text.op_CB_0x65
                0x08004e34       0x40 z80/Src/z80.o
 .text.op_CB_0x67
                0x08004e74       0x40 z80/Src/z80.o
 .text.op_CB_0x68
                0x08004eb4       0x40 z80/Src/z80.o
 .text.op_CB_0x69
                0x08004ef4       0x40 z80/Src/z80.o
 .text.op_CB_0x6a
                0x08004f34       0x40 z80/Src/z80.o
 .text.op_CB_0x6b
                0x08004f74       0x40 z80/Src/z80.o
 .text.op_CB_0x6c
                0x08004fb4       0x40 z80/Src/z80.o
 .text.op_CB_0x6d
                0x08004ff4       0x40 z80/Src/z80.o
 .text.op_CB_0x6f
                0x08005034       0x40 z80/Src/z80.o
 .text.op_CB_0x70
                0x08005074       0x40 z80/Src/z80.o
 .text.op_CB_0x71
                0x080050b4       0x40 z80/Src/z80.o
 .text.op_CB_0x72
                0x080050f4       0x40 z80/Src/z80.o
 .text.op_CB_0x73
                0x08005134       0x40 z80/Src/z80.o
 .text.op_CB_0x74
                0x08005174       0x40 z80/Src/z80.o
 .text.op_CB_0x75
                0x080051b4       0x40 z80/Src/z80.o
 .text.op_CB_0x77
                0x080051f4       0x40 z80/Src/z80.o
 .text.op_CB_0x78
                0x08005234       0x40 z80/Src/z80.o
 .text.op_CB_0x79
                0x08005274       0x40 z80/Src/z80.o
 .text.op_CB_0x7a
                0x080052b4       0x40 z80/Src/z80.o
 .text.op_CB_0x7b
                0x080052f4       0x40 z80/Src/z80.o
 .text.op_CB_0x7c
                0x08005334       0x40 z80/Src/z80.o
 .text.op_CB_0x7d
                0x08005374       0x40 z80/Src/z80.o
 .text.op_CB_0x7f
                0x080053b4       0x40 z80/Src/z80.o
 .text.op_CB_0x80
                0x080053f4       0x1c z80/Src/z80.o
 .text.op_CB_0x81
                0x08005410       0x1c z80/Src/z80.o
 .text.op_CB_0x82
                0x0800542c       0x1c z80/Src/z80.o
 .text.op_CB_0x83
                0x08005448       0x1c z80/Src/z80.o
 .text.op_CB_0x84
                0x08005464       0x1c z80/Src/z80.o
 .text.op_CB_0x85
                0x08005480       0x1c z80/Src/z80.o
 .text.op_CB_0x87
                0x0800549c       0x1c z80/Src/z80.o
 .text.op_CB_0x88
                0x080054b8       0x1c z80/Src/z80.o
 .text.op_CB_0x89
                0x080054d4       0x1c z80/Src/z80.o
 .text.op_CB_0x8a
                0x080054f0       0x1c z80/Src/z80.o
 .text.op_CB_0x8b
                0x0800550c       0x1c z80/Src/z80.o
 .text.op_CB_0x8c
                0x08005528       0x1c z80/Src/z80.o
 .text.op_CB_0x8d
                0x08005544       0x1c z80/Src/z80.o
 .text.op_CB_0x8f
                0x08005560       0x1c z80/Src/z80.o
 .text.op_CB_0x90
                0x0800557c       0x1c z80/Src/z80.o
 .text.op_CB_0x91
                0x08005598       0x1c z80/Src/z80.o
 .text.op_CB_0x92
                0x080055b4       0x1c z80/Src/z80.o
 .text.op_CB_0x93
                0x080055d0       0x1c z80/Src/z80.o
 .text.op_CB_0x94
                0x080055ec       0x1c z80/Src/z80.o
 .text.op_CB_0x95
                0x08005608       0x1c z80/Src/z80.o
 .text.op_CB_0x97
                0x08005624       0x1c z80/Src/z80.o
 .text.op_CB_0x98
                0x08005640       0x1c z80/Src/z80.o
 .text.op_CB_0x99
                0x0800565c       0x1c z80/Src/z80.o
 .text.op_CB_0x9a
                0x08005678       0x1c z80/Src/z80.o
 .text.op_CB_0x9b
                0x08005694       0x1c z80/Src/z80.o
 .text.op_CB_0x9c
                0x080056b0       0x1c z80/Src/z80.o
 .text.op_CB_0x9d
                0x080056cc       0x1c z80/Src/z80.o
 .text.op_CB_0x9f
                0x080056e8       0x1c z80/Src/z80.o
 .text.op_CB_0xa0
                0x08005704       0x1c z80/Src/z80.o
 .text.op_CB_0xa1
                0x08005720       0x1c z80/Src/z80.o
 .text.op_CB_0xa2
                0x0800573c       0x1c z80/Src/z80.o
 .text.op_CB_0xa3
                0x08005758       0x1c z80/Src/z80.o
 .text.op_CB_0xa4
                0x08005774       0x1c z80/Src/z80.o
 .text.op_CB_0xa5
                0x08005790       0x1c z80/Src/z80.o
 .text.op_CB_0xa7
                0x080057ac       0x1c z80/Src/z80.o
 .text.op_CB_0xa8
                0x080057c8       0x1c z80/Src/z80.o
 .text.op_CB_0xa9
                0x080057e4       0x1c z80/Src/z80.o
 .text.op_CB_0xaa
                0x08005800       0x1c z80/Src/z80.o
 .text.op_CB_0xab
                0x0800581c       0x1c z80/Src/z80.o
 .text.op_CB_0xac
                0x08005838       0x1c z80/Src/z80.o
 .text.op_CB_0xad
                0x08005854       0x1c z80/Src/z80.o
 .text.op_CB_0xaf
                0x08005870       0x1c z80/Src/z80.o
 .text.op_CB_0xb0
                0x0800588c       0x1c z80/Src/z80.o
 .text.op_CB_0xb1
                0x080058a8       0x1c z80/Src/z80.o
 .text.op_CB_0xb2
                0x080058c4       0x1c z80/Src/z80.o
 .text.op_CB_0xb3
                0x080058e0       0x1c z80/Src/z80.o
 .text.op_CB_0xb4
                0x080058fc       0x1c z80/Src/z80.o
 .text.op_CB_0xb5
                0x08005918       0x1c z80/Src/z80.o
 .text.op_CB_0xb7
                0x08005934       0x1c z80/Src/z80.o
 .text.op_CB_0xb8
                0x08005950       0x1c z80/Src/z80.o
 .text.op_CB_0xb9
                0x0800596c       0x1c z80/Src/z80.o
 .text.op_CB_0xba
                0x08005988       0x1c z80/Src/z80.o
 .text.op_CB_0xbb
                0x080059a4       0x1c z80/Src/z80.o
 .text.op_CB_0xbc
                0x080059c0       0x1c z80/Src/z80.o
 .text.op_CB_0xbd
                0x080059dc       0x1c z80/Src/z80.o
 .text.op_CB_0xbf
                0x080059f8       0x1c z80/Src/z80.o
 .text.op_CB_0xc0
                0x08005a14       0x1c z80/Src/z80.o
 .text.op_CB_0xc1
                0x08005a30       0x1c z80/Src/z80.o
 .text.op_CB_0xc2
                0x08005a4c       0x1c z80/Src/z80.o
 .text.op_CB_0xc3
                0x08005a68       0x1c z80/Src/z80.o
 .text.op_CB_0xc4
                0x08005a84       0x1c z80/Src/z80.o
 .text.op_CB_0xc5
                0x08005aa0       0x1c z80/Src/z80.o
 .text.op_CB_0xc7
                0x08005abc       0x1c z80/Src/z80.o
 .text.op_CB_0xc8
                0x08005ad8       0x1c z80/Src/z80.o
 .text.op_CB_0xc9
                0x08005af4       0x1c z80/Src/z80.o
 .text.op_CB_0xca
                0x08005b10       0x1c z80/Src/z80.o
 .text.op_CB_0xcb
                0x08005b2c       0x1c z80/Src/z80.o
 .text.op_CB_0xcc
                0x08005b48       0x1c z80/Src/z80.o
 .text.op_CB_0xcd
                0x08005b64       0x1c z80/Src/z80.o
 .text.op_CB_0xcf
                0x08005b80       0x1c z80/Src/z80.o
 .text.op_CB_0xd0
                0x08005b9c       0x1c z80/Src/z80.o
 .text.op_CB_0xd1
                0x08005bb8       0x1c z80/Src/z80.o
 .text.op_CB_0xd2
                0x08005bd4       0x1c z80/Src/z80.o
 .text.op_CB_0xd3
                0x08005bf0       0x1c z80/Src/z80.o
 .text.op_CB_0xd4
                0x08005c0c       0x1c z80/Src/z80.o
 .text.op_CB_0xd5
                0x08005c28       0x1c z80/Src/z80.o
 .text.op_CB_0xd7
                0x08005c44       0x1c z80/Src/z80.o
 .text.op_CB_0xd8
                0x08005c60       0x1c z80/Src/z80.o
 .text.op_CB_0xd9
                0x08005c7c       0x1c z80/Src/z80.o
 .text.op_CB_0xda
                0x08005c98       0x1c z80/Src/z80.o
 .text.op_CB_0xdb
                0x08005cb4       0x1c z80/Src/z80.o
 .text.op_CB_0xdc
                0x08005cd0       0x1c z80/Src/z80.o
 .text.op_CB_0xdd
                0x08005cec       0x1c z80/Src/z80.o
 .text.op_CB_0xdf
                0x08005d08       0x1c z80/Src/z80.o
 .text.op_CB_0xe0
                0x08005d24       0x1c z80/Src/z80.o
 .text.op_CB_0xe1
                0x08005d40       0x1c z80/Src/z80.o
 .text.op_CB_0xe2
                0x08005d5c       0x1c z80/Src/z80.o
 .text.op_CB_0xe3
                0x08005d78       0x1c z80/Src/z80.o
 .text.op_CB_0xe4
                0x08005d94       0x1c z80/Src/z80.o
 .text.op_CB_0xe5
                0x08005db0       0x1c z80/Src/z80.o
 .text.op_CB_0xe7
                0x08005dcc       0x1c z80/Src/z80.o
 .text.op_CB_0xe8
                0x08005de8       0x1c z80/Src/z80.o
 .text.op_CB_0xe9
                0x08005e04       0x1c z80/Src/z80.o
 .text.op_CB_0xea
                0x08005e20       0x1c z80/Src/z80.o
 .text.op_CB_0xeb
                0x08005e3c       0x1c z80/Src/z80.o
 .text.op_CB_0xec
                0x08005e58       0x1c z80/Src/z80.o
 .text.op_CB_0xed
                0x08005e74       0x1c z80/Src/z80.o
 .text.op_CB_0xef
                0x08005e90       0x1c z80/Src/z80.o
 .text.op_CB_0xf0
                0x08005eac       0x1c z80/Src/z80.o
 .text.op_CB_0xf1
                0x08005ec8       0x1c z80/Src/z80.o
 .text.op_CB_0xf2
                0x08005ee4       0x1c z80/Src/z80.o
 .text.op_CB_0xf3
                0x08005f00       0x1c z80/Src/z80.o
 .text.op_CB_0xf4
                0x08005f1c       0x1c z80/Src/z80.o
 .text.op_CB_0xf5
                0x08005f38       0x1c z80/Src/z80.o
 .text.op_CB_0xf7
                0x08005f54       0x1c z80/Src/z80.o
 .text.op_CB_0xf8
                0x08005f70       0x1c z80/Src/z80.o
 .text.op_CB_0xf9
                0x08005f8c       0x1c z80/Src/z80.o
 .text.op_CB_0xfa
                0x08005fa8       0x1c z80/Src/z80.o
 .text.op_CB_0xfb
                0x08005fc4       0x1c z80/Src/z80.o
 .text.op_CB_0xfc
                0x08005fe0       0x1c z80/Src/z80.o
 .text.op_CB_0xfd
                0x08005ffc       0x1c z80/Src/z80.o
 .text.op_CB_0xff
                0x08006018       0x1c z80/Src/z80.o
 .text.op_DD_0x09
                0x08006034       0x70 z80/Src/z80.o
 .text.op_DD_0x19
                0x080060a4       0x70 z80/Src/z80.o
 .text.op_DD_0x23
                0x08006114       0x18 z80/Src/z80.o
 .text.op_DD_0x24
                0x0800612c       0x4c z80/Src/z80.o
 .text.op_DD_0x25
                0x08006178       0x50 z80/Src/z80.o
 .text.op_DD_0x29
                0x080061c8       0x6c z80/Src/z80.o
 .text.op_DD_0x2b
                0x08006234       0x18 z80/Src/z80.o
 .text.op_DD_0x2c
                0x0800624c       0x4c z80/Src/z80.o
 .text.op_DD_0x2d
                0x08006298       0x50 z80/Src/z80.o
 .text.op_DD_0x39
                0x080062e8       0x70 z80/Src/z80.o
 .text.op_DD_0x44
                0x08006358       0x18 z80/Src/z80.o
 .text.op_DD_0x45
                0x08006370       0x18 z80/Src/z80.o
 .text.op_DD_0x4c
                0x08006388       0x18 z80/Src/z80.o
 .text.op_DD_0x4d
                0x080063a0       0x18 z80/Src/z80.o
 .text.op_DD_0x54
                0x080063b8       0x18 z80/Src/z80.o
 .text.op_DD_0x55
                0x080063d0       0x18 z80/Src/z80.o
 .text.op_DD_0x5c
                0x080063e8       0x18 z80/Src/z80.o
 .text.op_DD_0x5d
                0x08006400       0x18 z80/Src/z80.o
 .text.op_DD_0x60
                0x08006418       0x18 z80/Src/z80.o
 .text.op_DD_0x61
                0x08006430       0x18 z80/Src/z80.o
 .text.op_DD_0x62
                0x08006448       0x18 z80/Src/z80.o
 .text.op_DD_0x63
                0x08006460       0x18 z80/Src/z80.o
 .text.op_DD_0x64
                0x08006478        0xc z80/Src/z80.o
 .text.op_DD_0x65
                0x08006484       0x18 z80/Src/z80.o
 .text.op_DD_0x67
                0x0800649c       0x18 z80/Src/z80.o
 .text.op_DD_0x68
                0x080064b4       0x18 z80/Src/z80.o
 .text.op_DD_0x69
                0x080064cc       0x18 z80/Src/z80.o
 .text.op_DD_0x6a
                0x080064e4       0x18 z80/Src/z80.o
 .text.op_DD_0x6b
                0x080064fc       0x18 z80/Src/z80.o
 .text.op_DD_0x6c
                0x08006514       0x18 z80/Src/z80.o
 .text.op_DD_0x6d
                0x0800652c        0xc z80/Src/z80.o
 .text.op_DD_0x6f
                0x08006538       0x18 z80/Src/z80.o
 .text.op_DD_0x7c
                0x08006550       0x18 z80/Src/z80.o
 .text.op_DD_0x7d
                0x08006568       0x18 z80/Src/z80.o
 .text.op_DD_0x84
                0x08006580       0x74 z80/Src/z80.o
 .text.op_DD_0x85
                0x080065f4       0x74 z80/Src/z80.o
 .text.op_DD_0x8c
                0x08006668       0x7c z80/Src/z80.o
 .text.op_DD_0x8d
                0x080066e4       0x7c z80/Src/z80.o
 .text.op_DD_0x94
                0x08006760       0x80 z80/Src/z80.o
 .text.op_DD_0x95
                0x080067e0       0x80 z80/Src/z80.o
 .text.op_DD_0x9c
                0x08006860       0x88 z80/Src/z80.o
 .text.op_DD_0x9d
                0x080068e8       0x88 z80/Src/z80.o
 .text.op_DD_0xa4
                0x08006970       0x2c z80/Src/z80.o
 .text.op_DD_0xa5
                0x0800699c       0x2c z80/Src/z80.o
 .text.op_DD_0xac
                0x080069c8       0x28 z80/Src/z80.o
 .text.op_DD_0xad
                0x080069f0       0x28 z80/Src/z80.o
 .text.op_DD_0xb4
                0x08006a18       0x28 z80/Src/z80.o
 .text.op_DD_0xb5
                0x08006a40       0x28 z80/Src/z80.o
 .text.op_DD_0xbc
                0x08006a68       0x84 z80/Src/z80.o
 .text.op_DD_0xbd
                0x08006aec       0x84 z80/Src/z80.o
 .text.op_DD_0xcb
                0x08006b70        0x2 z80/Src/z80.o
 *fill*         0x08006b72        0x2 
 .text.op_DD_0xe9
                0x08006b74       0x18 z80/Src/z80.o
 .text.op_DD_0xf9
                0x08006b8c       0x18 z80/Src/z80.o
 .text.non_DD   0x08006ba4        0x2 z80/Src/z80.o
 *fill*         0x08006ba6        0x2 
 .text.op_ED_0x41
                0x08006ba8       0x18 z80/Src/z80.o
 .text.op_ED_0x42
                0x08006bc0       0x94 z80/Src/z80.o
 .text.op_ED_0x44
                0x08006c54       0x7c z80/Src/z80.o
 .text.op_ED_0x46
                0x08006cd0       0x18 z80/Src/z80.o
 .text.op_ED_0x47
                0x08006ce8       0x18 z80/Src/z80.o
 .text.op_ED_0x49
                0x08006d00       0x18 z80/Src/z80.o
 .text.op_ED_0x4a
                0x08006d18       0x98 z80/Src/z80.o
 .text.op_ED_0x4c
                0x08006db0       0x7c z80/Src/z80.o
 .text.op_ED_0x4e
                0x08006e2c       0x18 z80/Src/z80.o
 .text.op_ED_0x4f
                0x08006e44       0x18 z80/Src/z80.o
 .text.op_ED_0x51
                0x08006e5c       0x18 z80/Src/z80.o
 .text.op_ED_0x52
                0x08006e74       0x94 z80/Src/z80.o
 .text.op_ED_0x54
                0x08006f08       0x7c z80/Src/z80.o
 .text.op_ED_0x56
                0x08006f84       0x18 z80/Src/z80.o
 .text.op_ED_0x57
                0x08006f9c       0x40 z80/Src/z80.o
 .text.op_ED_0x59
                0x08006fdc       0x18 z80/Src/z80.o
 .text.op_ED_0x5a
                0x08006ff4       0x98 z80/Src/z80.o
 .text.op_ED_0x5c
                0x0800708c       0x7c z80/Src/z80.o
 .text.op_ED_0x5e
                0x08007108       0x18 z80/Src/z80.o
 .text.op_ED_0x5f
                0x08007120       0x50 z80/Src/z80.o
 .text.op_ED_0x61
                0x08007170       0x18 z80/Src/z80.o
 .text.op_ED_0x62
                0x08007188       0x90 z80/Src/z80.o
 .text.op_ED_0x64
                0x08007218       0x7c z80/Src/z80.o
 .text.op_ED_0x66
                0x08007294       0x18 z80/Src/z80.o
 .text.op_ED_0x69
                0x080072ac       0x18 z80/Src/z80.o
 .text.op_ED_0x6a
                0x080072c4       0x94 z80/Src/z80.o
 .text.op_ED_0x6c
                0x08007358       0x7c z80/Src/z80.o
 .text.op_ED_0x6e
                0x080073d4       0x18 z80/Src/z80.o
 .text.op_ED_0x71
                0x080073ec       0x18 z80/Src/z80.o
 .text.op_ED_0x72
                0x08007404       0x94 z80/Src/z80.o
 .text.op_ED_0x74
                0x08007498       0x7c z80/Src/z80.o
 .text.op_ED_0x76
                0x08007514       0x18 z80/Src/z80.o
 .text.op_ED_0x79
                0x0800752c       0x18 z80/Src/z80.o
 .text.op_ED_0x7a
                0x08007544       0x98 z80/Src/z80.o
 .text.op_ED_0x7c
                0x080075dc       0x7c z80/Src/z80.o
 .text.op_ED_0x7e
                0x08007658       0x18 z80/Src/z80.o
 .text.noni_ED  0x08007670        0xc z80/Src/z80.o
 .text.op_FD_0x09
                0x0800767c       0x70 z80/Src/z80.o
 .text.op_FD_0x19
                0x080076ec       0x70 z80/Src/z80.o
 .text.op_FD_0x23
                0x0800775c       0x18 z80/Src/z80.o
 .text.op_FD_0x24
                0x08007774       0x4c z80/Src/z80.o
 .text.op_FD_0x25
                0x080077c0       0x50 z80/Src/z80.o
 .text.op_FD_0x29
                0x08007810       0x6c z80/Src/z80.o
 .text.op_FD_0x2b
                0x0800787c       0x18 z80/Src/z80.o
 .text.op_FD_0x2c
                0x08007894       0x4c z80/Src/z80.o
 .text.op_FD_0x2d
                0x080078e0       0x50 z80/Src/z80.o
 .text.op_FD_0x39
                0x08007930       0x70 z80/Src/z80.o
 .text.op_FD_0x44
                0x080079a0       0x18 z80/Src/z80.o
 .text.op_FD_0x45
                0x080079b8       0x18 z80/Src/z80.o
 .text.op_FD_0x4c
                0x080079d0       0x18 z80/Src/z80.o
 .text.op_FD_0x4d
                0x080079e8       0x18 z80/Src/z80.o
 .text.op_FD_0x54
                0x08007a00       0x18 z80/Src/z80.o
 .text.op_FD_0x55
                0x08007a18       0x18 z80/Src/z80.o
 .text.op_FD_0x5c
                0x08007a30       0x18 z80/Src/z80.o
 .text.op_FD_0x5d
                0x08007a48       0x18 z80/Src/z80.o
 .text.op_FD_0x60
                0x08007a60       0x18 z80/Src/z80.o
 .text.op_FD_0x61
                0x08007a78       0x18 z80/Src/z80.o
 .text.op_FD_0x62
                0x08007a90       0x18 z80/Src/z80.o
 .text.op_FD_0x63
                0x08007aa8       0x18 z80/Src/z80.o
 .text.op_FD_0x64
                0x08007ac0        0xc z80/Src/z80.o
 .text.op_FD_0x65
                0x08007acc       0x18 z80/Src/z80.o
 .text.op_FD_0x67
                0x08007ae4       0x18 z80/Src/z80.o
 .text.op_FD_0x68
                0x08007afc       0x18 z80/Src/z80.o
 .text.op_FD_0x69
                0x08007b14       0x18 z80/Src/z80.o
 .text.op_FD_0x6a
                0x08007b2c       0x18 z80/Src/z80.o
 .text.op_FD_0x6b
                0x08007b44       0x18 z80/Src/z80.o
 .text.op_FD_0x6c
                0x08007b5c       0x18 z80/Src/z80.o
 .text.op_FD_0x6d
                0x08007b74        0xc z80/Src/z80.o
 .text.op_FD_0x6f
                0x08007b80       0x18 z80/Src/z80.o
 .text.op_FD_0x7c
                0x08007b98       0x18 z80/Src/z80.o
 .text.op_FD_0x7d
                0x08007bb0       0x18 z80/Src/z80.o
 .text.op_FD_0x84
                0x08007bc8       0x74 z80/Src/z80.o
 .text.op_FD_0x85
                0x08007c3c       0x74 z80/Src/z80.o
 .text.op_FD_0x8c
                0x08007cb0       0x7c z80/Src/z80.o
 .text.op_FD_0x8d
                0x08007d2c       0x7c z80/Src/z80.o
 .text.op_FD_0x94
                0x08007da8       0x80 z80/Src/z80.o
 .text.op_FD_0x95
                0x08007e28       0x80 z80/Src/z80.o
 .text.op_FD_0x9c
                0x08007ea8       0x88 z80/Src/z80.o
 .text.op_FD_0x9d
                0x08007f30       0x88 z80/Src/z80.o
 .text.op_FD_0xa4
                0x08007fb8       0x2c z80/Src/z80.o
 .text.op_FD_0xa5
                0x08007fe4       0x2c z80/Src/z80.o
 .text.op_FD_0xac
                0x08008010       0x28 z80/Src/z80.o
 .text.op_FD_0xad
                0x08008038       0x28 z80/Src/z80.o
 .text.op_FD_0xb4
                0x08008060       0x28 z80/Src/z80.o
 .text.op_FD_0xb5
                0x08008088       0x28 z80/Src/z80.o
 .text.op_FD_0xbc
                0x080080b0       0x84 z80/Src/z80.o
 .text.op_FD_0xbd
                0x08008134       0x84 z80/Src/z80.o
 .text.op_FD_0xcb
                0x080081b8        0x2 z80/Src/z80.o
 *fill*         0x080081ba        0x2 
 .text.op_FD_0xe9
                0x080081bc       0x18 z80/Src/z80.o
 .text.op_FD_0xf9
                0x080081d4       0x18 z80/Src/z80.o
 .text.non_FD   0x080081ec        0x2 z80/Src/z80.o
 *fill*         0x080081ee        0x2 
 .text.z80_reset
                0x080081f0       0x34 z80/Src/z80.o
                0x080081f0                z80_reset
 .text.poke     0x08008224        0xc z80/Src/z80.o
                0x08008224                poke
 .text.op_0x77  0x08008230       0x24 z80/Src/z80.o
 .text.op_0x75  0x08008254       0x24 z80/Src/z80.o
 .text.op_0x74  0x08008278       0x24 z80/Src/z80.o
 .text.op_0x73  0x0800829c       0x24 z80/Src/z80.o
 .text.op_0x72  0x080082c0       0x24 z80/Src/z80.o
 .text.op_0x71  0x080082e4       0x24 z80/Src/z80.o
 .text.op_0x70  0x08008308       0x24 z80/Src/z80.o
 .text.op_0x12  0x0800832c       0x2c z80/Src/z80.o
 .text.op_0x02  0x08008358       0x2c z80/Src/z80.o
 .text.peek     0x08008384        0xc z80/Src/z80.o
                0x08008384                peek
 .text.op_0xfe  0x08008390       0x94 z80/Src/z80.o
 .text.op_0xf6  0x08008424       0x3c z80/Src/z80.o
 .text.op_0xee  0x08008460       0x3c z80/Src/z80.o
 .text.op_0xe6  0x0800849c       0x40 z80/Src/z80.o
 .text.op_0xde  0x080084dc       0x94 z80/Src/z80.o
 .text.op_0xd6  0x08008570       0x8c z80/Src/z80.o
 .text.op_0xce  0x080085fc       0x8c z80/Src/z80.o
 .text.op_0xc6  0x08008688       0x84 z80/Src/z80.o
 .text.op_0xbe  0x0800870c       0x90 z80/Src/z80.o
 .text.op_0xb6  0x0800879c       0x38 z80/Src/z80.o
 .text.op_0xae  0x080087d4       0x38 z80/Src/z80.o
 .text.op_0xa6  0x0800880c       0x3c z80/Src/z80.o
 .text.op_0x9e  0x08008848       0x90 z80/Src/z80.o
 .text.op_0x96  0x080088d8       0x88 z80/Src/z80.o
 .text.op_0x8e  0x08008960       0x84 z80/Src/z80.o
 .text.op_0x86  0x080089e4       0x7c z80/Src/z80.o
 .text.op_0x7e  0x08008a60       0x24 z80/Src/z80.o
 .text.op_0x6e  0x08008a84       0x24 z80/Src/z80.o
 .text.op_0x66  0x08008aa8       0x24 z80/Src/z80.o
 .text.op_0x5e  0x08008acc       0x24 z80/Src/z80.o
 .text.op_0x56  0x08008af0       0x24 z80/Src/z80.o
 .text.op_0x4e  0x08008b14       0x24 z80/Src/z80.o
 .text.op_0x46  0x08008b38       0x24 z80/Src/z80.o
 .text.op_0x3e  0x08008b5c       0x2c z80/Src/z80.o
 .text.op_0x38  0x08008b88       0x48 z80/Src/z80.o
 .text.op_0x36  0x08008bd0       0x30 z80/Src/z80.o
 .text.op_0x35  0x08008c00       0x64 z80/Src/z80.o
 .text.op_0x34  0x08008c64       0x60 z80/Src/z80.o
 .text.op_0x30  0x08008cc4       0x48 z80/Src/z80.o
 .text.op_0x2e  0x08008d0c       0x2c z80/Src/z80.o
 .text.op_0x28  0x08008d38       0x48 z80/Src/z80.o
 .text.op_0x26  0x08008d80       0x2c z80/Src/z80.o
 .text.op_0x20  0x08008dac       0x48 z80/Src/z80.o
 .text.op_0x1e  0x08008df4       0x2c z80/Src/z80.o
 .text.op_0x1a  0x08008e20       0x2c z80/Src/z80.o
 .text.op_0x18  0x08008e4c       0x34 z80/Src/z80.o
 .text.op_0x16  0x08008e80       0x2c z80/Src/z80.o
 .text.op_0x10  0x08008eac       0x48 z80/Src/z80.o
 .text.op_0x0e  0x08008ef4       0x2c z80/Src/z80.o
 .text.op_0x0a  0x08008f20       0x2c z80/Src/z80.o
 .text.op_0x06  0x08008f4c       0x2c z80/Src/z80.o
 .text.op_FD_0xbe
                0x08008f78       0xac z80/Src/z80.o
 .text.op_FD_0xb6
                0x08009024       0x54 z80/Src/z80.o
 .text.op_FD_0xae
                0x08009078       0x54 z80/Src/z80.o
 .text.op_FD_0xa6
                0x080090cc       0x58 z80/Src/z80.o
 .text.op_FD_0x9e
                0x08009124       0xac z80/Src/z80.o
 .text.op_FD_0x96
                0x080091d0       0xa4 z80/Src/z80.o
 .text.op_FD_0x8e
                0x08009274       0xa4 z80/Src/z80.o
 .text.op_FD_0x86
                0x08009318       0x9c z80/Src/z80.o
 .text.op_FD_0x7e
                0x080093b4       0x44 z80/Src/z80.o
 .text.op_FD_0x77
                0x080093f8       0x44 z80/Src/z80.o
 .text.op_FD_0x75
                0x0800943c       0x44 z80/Src/z80.o
 .text.op_FD_0x74
                0x08009480       0x44 z80/Src/z80.o
 .text.op_FD_0x73
                0x080094c4       0x44 z80/Src/z80.o
 .text.op_FD_0x72
                0x08009508       0x44 z80/Src/z80.o
 .text.op_FD_0x71
                0x0800954c       0x44 z80/Src/z80.o
 .text.op_FD_0x70
                0x08009590       0x44 z80/Src/z80.o
 .text.op_FD_0x6e
                0x080095d4       0x44 z80/Src/z80.o
 .text.op_FD_0x66
                0x08009618       0x44 z80/Src/z80.o
 .text.op_FD_0x5e
                0x0800965c       0x44 z80/Src/z80.o
 .text.op_FD_0x56
                0x080096a0       0x44 z80/Src/z80.o
 .text.op_FD_0x4e
                0x080096e4       0x44 z80/Src/z80.o
 .text.op_FD_0x46
                0x08009728       0x44 z80/Src/z80.o
 .text.op_FD_0x36
                0x0800976c       0x50 z80/Src/z80.o
 .text.op_FD_0x35
                0x080097bc       0x80 z80/Src/z80.o
 .text.op_FD_0x34
                0x0800983c       0x7c z80/Src/z80.o
 .text.op_FD_0x2e
                0x080098b8       0x2c z80/Src/z80.o
 .text.op_FD_0x26
                0x080098e4       0x2c z80/Src/z80.o
 .text.op_FDCB_0xff
                0x08009910       0x44 z80/Src/z80.o
 .text.op_FDCB_0xfe
                0x08009954       0x44 z80/Src/z80.o
 .text.op_FDCB_0xfd
                0x08009998       0x44 z80/Src/z80.o
 .text.op_FDCB_0xfc
                0x080099dc       0x44 z80/Src/z80.o
 .text.op_FDCB_0xfb
                0x08009a20       0x44 z80/Src/z80.o
 .text.op_FDCB_0xfa
                0x08009a64       0x44 z80/Src/z80.o
 .text.op_FDCB_0xf9
                0x08009aa8       0x44 z80/Src/z80.o
 .text.op_FDCB_0xf8
                0x08009aec       0x44 z80/Src/z80.o
 .text.op_FDCB_0xf7
                0x08009b30       0x44 z80/Src/z80.o
 .text.op_FDCB_0xf6
                0x08009b74       0x44 z80/Src/z80.o
 .text.op_FDCB_0xf5
                0x08009bb8       0x44 z80/Src/z80.o
 .text.op_FDCB_0xf4
                0x08009bfc       0x44 z80/Src/z80.o
 .text.op_FDCB_0xf3
                0x08009c40       0x44 z80/Src/z80.o
 .text.op_FDCB_0xf2
                0x08009c84       0x44 z80/Src/z80.o
 .text.op_FDCB_0xf1
                0x08009cc8       0x44 z80/Src/z80.o
 .text.op_FDCB_0xf0
                0x08009d0c       0x44 z80/Src/z80.o
 .text.op_FDCB_0xef
                0x08009d50       0x44 z80/Src/z80.o
 .text.op_FDCB_0xee
                0x08009d94       0x44 z80/Src/z80.o
 .text.op_FDCB_0xed
                0x08009dd8       0x44 z80/Src/z80.o
 .text.op_FDCB_0xec
                0x08009e1c       0x44 z80/Src/z80.o
 .text.op_FDCB_0xeb
                0x08009e60       0x44 z80/Src/z80.o
 .text.op_FDCB_0xea
                0x08009ea4       0x44 z80/Src/z80.o
 .text.op_FDCB_0xe9
                0x08009ee8       0x44 z80/Src/z80.o
 .text.op_FDCB_0xe8
                0x08009f2c       0x44 z80/Src/z80.o
 .text.op_FDCB_0xe7
                0x08009f70       0x44 z80/Src/z80.o
 .text.op_FDCB_0xe6
                0x08009fb4       0x44 z80/Src/z80.o
 .text.op_FDCB_0xe5
                0x08009ff8       0x44 z80/Src/z80.o
 .text.op_FDCB_0xe4
                0x0800a03c       0x44 z80/Src/z80.o
 .text.op_FDCB_0xe3
                0x0800a080       0x44 z80/Src/z80.o
 .text.op_FDCB_0xe2
                0x0800a0c4       0x44 z80/Src/z80.o
 .text.op_FDCB_0xe1
                0x0800a108       0x44 z80/Src/z80.o
 .text.op_FDCB_0xe0
                0x0800a14c       0x44 z80/Src/z80.o
 .text.op_FDCB_0xdf
                0x0800a190       0x44 z80/Src/z80.o
 .text.op_FDCB_0xde
                0x0800a1d4       0x44 z80/Src/z80.o
 .text.op_FDCB_0xdd
                0x0800a218       0x44 z80/Src/z80.o
 .text.op_FDCB_0xdc
                0x0800a25c       0x44 z80/Src/z80.o
 .text.op_FDCB_0xdb
                0x0800a2a0       0x44 z80/Src/z80.o
 .text.op_FDCB_0xda
                0x0800a2e4       0x44 z80/Src/z80.o
 .text.op_FDCB_0xd9
                0x0800a328       0x44 z80/Src/z80.o
 .text.op_FDCB_0xd8
                0x0800a36c       0x44 z80/Src/z80.o
 .text.op_FDCB_0xd7
                0x0800a3b0       0x44 z80/Src/z80.o
 .text.op_FDCB_0xd6
                0x0800a3f4       0x44 z80/Src/z80.o
 .text.op_FDCB_0xd5
                0x0800a438       0x44 z80/Src/z80.o
 .text.op_FDCB_0xd4
                0x0800a47c       0x44 z80/Src/z80.o
 .text.op_FDCB_0xd3
                0x0800a4c0       0x44 z80/Src/z80.o
 .text.op_FDCB_0xd2
                0x0800a504       0x44 z80/Src/z80.o
 .text.op_FDCB_0xd1
                0x0800a548       0x44 z80/Src/z80.o
 .text.op_FDCB_0xd0
                0x0800a58c       0x44 z80/Src/z80.o
 .text.op_FDCB_0xcf
                0x0800a5d0       0x44 z80/Src/z80.o
 .text.op_FDCB_0xce
                0x0800a614       0x44 z80/Src/z80.o
 .text.op_FDCB_0xcd
                0x0800a658       0x44 z80/Src/z80.o
 .text.op_FDCB_0xcc
                0x0800a69c       0x44 z80/Src/z80.o
 .text.op_FDCB_0xcb
                0x0800a6e0       0x44 z80/Src/z80.o
 .text.op_FDCB_0xca
                0x0800a724       0x44 z80/Src/z80.o
 .text.op_FDCB_0xc9
                0x0800a768       0x44 z80/Src/z80.o
 .text.op_FDCB_0xc8
                0x0800a7ac       0x44 z80/Src/z80.o
 .text.op_FDCB_0xc7
                0x0800a7f0       0x44 z80/Src/z80.o
 .text.op_FDCB_0xc6
                0x0800a834       0x44 z80/Src/z80.o
 .text.op_FDCB_0xc5
                0x0800a878       0x44 z80/Src/z80.o
 .text.op_FDCB_0xc4
                0x0800a8bc       0x44 z80/Src/z80.o
 .text.op_FDCB_0xc3
                0x0800a900       0x44 z80/Src/z80.o
 .text.op_FDCB_0xc2
                0x0800a944       0x44 z80/Src/z80.o
 .text.op_FDCB_0xc1
                0x0800a988       0x44 z80/Src/z80.o
 .text.op_FDCB_0xc0
                0x0800a9cc       0x44 z80/Src/z80.o
 .text.op_FDCB_0xbf
                0x0800aa10       0x44 z80/Src/z80.o
 .text.op_FDCB_0xbe
                0x0800aa54       0x40 z80/Src/z80.o
 .text.op_FDCB_0xbd
                0x0800aa94       0x44 z80/Src/z80.o
 .text.op_FDCB_0xbc
                0x0800aad8       0x44 z80/Src/z80.o
 .text.op_FDCB_0xbb
                0x0800ab1c       0x44 z80/Src/z80.o
 .text.op_FDCB_0xba
                0x0800ab60       0x44 z80/Src/z80.o
 .text.op_FDCB_0xb9
                0x0800aba4       0x44 z80/Src/z80.o
 .text.op_FDCB_0xb8
                0x0800abe8       0x44 z80/Src/z80.o
 .text.op_FDCB_0xb7
                0x0800ac2c       0x44 z80/Src/z80.o
 .text.op_FDCB_0xb6
                0x0800ac70       0x40 z80/Src/z80.o
 .text.op_FDCB_0xb5
                0x0800acb0       0x44 z80/Src/z80.o
 .text.op_FDCB_0xb4
                0x0800acf4       0x44 z80/Src/z80.o
 .text.op_FDCB_0xb3
                0x0800ad38       0x44 z80/Src/z80.o
 .text.op_FDCB_0xb2
                0x0800ad7c       0x44 z80/Src/z80.o
 .text.op_FDCB_0xb1
                0x0800adc0       0x44 z80/Src/z80.o
 .text.op_FDCB_0xb0
                0x0800ae04       0x44 z80/Src/z80.o
 .text.op_FDCB_0xaf
                0x0800ae48       0x44 z80/Src/z80.o
 .text.op_FDCB_0xae
                0x0800ae8c       0x40 z80/Src/z80.o
 .text.op_FDCB_0xad
                0x0800aecc       0x44 z80/Src/z80.o
 .text.op_FDCB_0xac
                0x0800af10       0x44 z80/Src/z80.o
 .text.op_FDCB_0xab
                0x0800af54       0x44 z80/Src/z80.o
 .text.op_FDCB_0xaa
                0x0800af98       0x44 z80/Src/z80.o
 .text.op_FDCB_0xa9
                0x0800afdc       0x44 z80/Src/z80.o
 .text.op_FDCB_0xa8
                0x0800b020       0x44 z80/Src/z80.o
 .text.op_FDCB_0xa7
                0x0800b064       0x44 z80/Src/z80.o
 .text.op_FDCB_0xa6
                0x0800b0a8       0x40 z80/Src/z80.o
 .text.op_FDCB_0xa5
                0x0800b0e8       0x44 z80/Src/z80.o
 .text.op_FDCB_0xa4
                0x0800b12c       0x44 z80/Src/z80.o
 .text.op_FDCB_0xa3
                0x0800b170       0x44 z80/Src/z80.o
 .text.op_FDCB_0xa2
                0x0800b1b4       0x44 z80/Src/z80.o
 .text.op_FDCB_0xa1
                0x0800b1f8       0x44 z80/Src/z80.o
 .text.op_FDCB_0xa0
                0x0800b23c       0x44 z80/Src/z80.o
 .text.op_FDCB_0x9f
                0x0800b280       0x44 z80/Src/z80.o
 .text.op_FDCB_0x9e
                0x0800b2c4       0x40 z80/Src/z80.o
 .text.op_FDCB_0x9d
                0x0800b304       0x44 z80/Src/z80.o
 .text.op_FDCB_0x9c
                0x0800b348       0x44 z80/Src/z80.o
 .text.op_FDCB_0x9b
                0x0800b38c       0x44 z80/Src/z80.o
 .text.op_FDCB_0x9a
                0x0800b3d0       0x44 z80/Src/z80.o
 .text.op_FDCB_0x99
                0x0800b414       0x44 z80/Src/z80.o
 .text.op_FDCB_0x98
                0x0800b458       0x44 z80/Src/z80.o
 .text.op_FDCB_0x97
                0x0800b49c       0x44 z80/Src/z80.o
 .text.op_FDCB_0x96
                0x0800b4e0       0x40 z80/Src/z80.o
 .text.op_FDCB_0x95
                0x0800b520       0x44 z80/Src/z80.o
 .text.op_FDCB_0x94
                0x0800b564       0x44 z80/Src/z80.o
 .text.op_FDCB_0x93
                0x0800b5a8       0x44 z80/Src/z80.o
 .text.op_FDCB_0x92
                0x0800b5ec       0x44 z80/Src/z80.o
 .text.op_FDCB_0x91
                0x0800b630       0x44 z80/Src/z80.o
 .text.op_FDCB_0x90
                0x0800b674       0x44 z80/Src/z80.o
 .text.op_FDCB_0x8f
                0x0800b6b8       0x44 z80/Src/z80.o
 .text.op_FDCB_0x8e
                0x0800b6fc       0x40 z80/Src/z80.o
 .text.op_FDCB_0x8d
                0x0800b73c       0x44 z80/Src/z80.o
 .text.op_FDCB_0x8c
                0x0800b780       0x44 z80/Src/z80.o
 .text.op_FDCB_0x8b
                0x0800b7c4       0x44 z80/Src/z80.o
 .text.op_FDCB_0x8a
                0x0800b808       0x44 z80/Src/z80.o
 .text.op_FDCB_0x89
                0x0800b84c       0x44 z80/Src/z80.o
 .text.op_FDCB_0x88
                0x0800b890       0x44 z80/Src/z80.o
 .text.op_FDCB_0x87
                0x0800b8d4       0x44 z80/Src/z80.o
 .text.op_FDCB_0x86
                0x0800b918       0x40 z80/Src/z80.o
 .text.op_FDCB_0x85
                0x0800b958       0x44 z80/Src/z80.o
 .text.op_FDCB_0x84
                0x0800b99c       0x44 z80/Src/z80.o
 .text.op_FDCB_0x83
                0x0800b9e0       0x44 z80/Src/z80.o
 .text.op_FDCB_0x82
                0x0800ba24       0x44 z80/Src/z80.o
 .text.op_FDCB_0x81
                0x0800ba68       0x44 z80/Src/z80.o
 .text.op_FDCB_0x80
                0x0800baac       0x44 z80/Src/z80.o
 .text.op_FDCB_0x7f
                0x0800baf0       0x64 z80/Src/z80.o
 .text.op_FDCB_0x77
                0x0800bb54       0x64 z80/Src/z80.o
 .text.op_FDCB_0x6f
                0x0800bbb8       0x64 z80/Src/z80.o
 .text.op_FDCB_0x67
                0x0800bc1c       0x64 z80/Src/z80.o
 .text.op_FDCB_0x5f
                0x0800bc80       0x64 z80/Src/z80.o
 .text.op_FDCB_0x57
                0x0800bce4       0x64 z80/Src/z80.o
 .text.op_FDCB_0x4f
                0x0800bd48       0x64 z80/Src/z80.o
 .text.op_FDCB_0x47
                0x0800bdac       0x64 z80/Src/z80.o
 .text.op_FDCB_0x3f
                0x0800be10       0x58 z80/Src/z80.o
 .text.op_FDCB_0x3e
                0x0800be68       0x54 z80/Src/z80.o
 .text.op_FDCB_0x3d
                0x0800bebc       0x58 z80/Src/z80.o
 .text.op_FDCB_0x3c
                0x0800bf14       0x58 z80/Src/z80.o
 .text.op_FDCB_0x3b
                0x0800bf6c       0x58 z80/Src/z80.o
 .text.op_FDCB_0x3a
                0x0800bfc4       0x58 z80/Src/z80.o
 .text.op_FDCB_0x39
                0x0800c01c       0x58 z80/Src/z80.o
 .text.op_FDCB_0x38
                0x0800c074       0x58 z80/Src/z80.o
 .text.op_FDCB_0x37
                0x0800c0cc       0x5c z80/Src/z80.o
 .text.op_FDCB_0x36
                0x0800c128       0x58 z80/Src/z80.o
 .text.op_FDCB_0x35
                0x0800c180       0x5c z80/Src/z80.o
 .text.op_FDCB_0x34
                0x0800c1dc       0x5c z80/Src/z80.o
 .text.op_FDCB_0x33
                0x0800c238       0x5c z80/Src/z80.o
 .text.op_FDCB_0x32
                0x0800c294       0x5c z80/Src/z80.o
 .text.op_FDCB_0x31
                0x0800c2f0       0x5c z80/Src/z80.o
 .text.op_FDCB_0x30
                0x0800c34c       0x5c z80/Src/z80.o
 .text.op_FDCB_0x2f
                0x0800c3a8       0x60 z80/Src/z80.o
 .text.op_FDCB_0x2e
                0x0800c408       0x5c z80/Src/z80.o
 .text.op_FDCB_0x2d
                0x0800c464       0x60 z80/Src/z80.o
 .text.op_FDCB_0x2c
                0x0800c4c4       0x60 z80/Src/z80.o
 .text.op_FDCB_0x2b
                0x0800c524       0x60 z80/Src/z80.o
 .text.op_FDCB_0x2a
                0x0800c584       0x60 z80/Src/z80.o
 .text.op_FDCB_0x29
                0x0800c5e4       0x60 z80/Src/z80.o
 .text.op_FDCB_0x28
                0x0800c644       0x60 z80/Src/z80.o
 .text.op_FDCB_0x27
                0x0800c6a4       0x58 z80/Src/z80.o
 .text.op_FDCB_0x26
                0x0800c6fc       0x54 z80/Src/z80.o
 .text.op_FDCB_0x25
                0x0800c750       0x58 z80/Src/z80.o
 .text.op_FDCB_0x24
                0x0800c7a8       0x58 z80/Src/z80.o
 .text.op_FDCB_0x23
                0x0800c800       0x58 z80/Src/z80.o
 .text.op_FDCB_0x22
                0x0800c858       0x58 z80/Src/z80.o
 .text.op_FDCB_0x21
                0x0800c8b0       0x58 z80/Src/z80.o
 .text.op_FDCB_0x20
                0x0800c908       0x58 z80/Src/z80.o
 .text.op_FDCB_0x1f
                0x0800c960       0x64 z80/Src/z80.o
 .text.op_FDCB_0x1e
                0x0800c9c4       0x64 z80/Src/z80.o
 .text.op_FDCB_0x1d
                0x0800ca28       0x64 z80/Src/z80.o
 .text.op_FDCB_0x1c
                0x0800ca8c       0x64 z80/Src/z80.o
 .text.op_FDCB_0x1b
                0x0800caf0       0x64 z80/Src/z80.o
 .text.op_FDCB_0x1a
                0x0800cb54       0x64 z80/Src/z80.o
 .text.op_FDCB_0x19
                0x0800cbb8       0x64 z80/Src/z80.o
 .text.op_FDCB_0x18
                0x0800cc1c       0x64 z80/Src/z80.o
 .text.op_FDCB_0x17
                0x0800cc80       0x68 z80/Src/z80.o
 .text.op_FDCB_0x16
                0x0800cce8       0x64 z80/Src/z80.o
 .text.op_FDCB_0x15
                0x0800cd4c       0x68 z80/Src/z80.o
 .text.op_FDCB_0x14
                0x0800cdb4       0x68 z80/Src/z80.o
 .text.op_FDCB_0x13
                0x0800ce1c       0x68 z80/Src/z80.o
 .text.op_FDCB_0x12
                0x0800ce84       0x68 z80/Src/z80.o
 .text.op_FDCB_0x11
                0x0800ceec       0x68 z80/Src/z80.o
 .text.op_FDCB_0x10
                0x0800cf54       0x68 z80/Src/z80.o
 .text.op_FDCB_0x0f
                0x0800cfbc       0x5c z80/Src/z80.o
 .text.op_FDCB_0x0e
                0x0800d018       0x58 z80/Src/z80.o
 .text.op_FDCB_0x0d
                0x0800d070       0x5c z80/Src/z80.o
 .text.op_FDCB_0x0c
                0x0800d0cc       0x5c z80/Src/z80.o
 .text.op_FDCB_0x0b
                0x0800d128       0x5c z80/Src/z80.o
 .text.op_FDCB_0x0a
                0x0800d184       0x5c z80/Src/z80.o
 .text.op_FDCB_0x09
                0x0800d1e0       0x5c z80/Src/z80.o
 .text.op_FDCB_0x08
                0x0800d23c       0x5c z80/Src/z80.o
 .text.op_FDCB_0x07
                0x0800d298       0x5c z80/Src/z80.o
 .text.op_FDCB_0x06
                0x0800d2f4       0x5c z80/Src/z80.o
 .text.op_FDCB_0x05
                0x0800d350       0x5c z80/Src/z80.o
 .text.op_FDCB_0x04
                0x0800d3ac       0x5c z80/Src/z80.o
 .text.op_FDCB_0x03
                0x0800d408       0x5c z80/Src/z80.o
 .text.op_FDCB_0x02
                0x0800d464       0x5c z80/Src/z80.o
 .text.op_FDCB_0x01
                0x0800d4c0       0x5c z80/Src/z80.o
 .text.op_FDCB_0x00
                0x0800d51c       0x5c z80/Src/z80.o
 .text.op_DD_0xbe
                0x0800d578       0xac z80/Src/z80.o
 .text.op_DD_0xb6
                0x0800d624       0x54 z80/Src/z80.o
 .text.op_DD_0xae
                0x0800d678       0x54 z80/Src/z80.o
 .text.op_DD_0xa6
                0x0800d6cc       0x58 z80/Src/z80.o
 .text.op_DD_0x9e
                0x0800d724       0xac z80/Src/z80.o
 .text.op_DD_0x96
                0x0800d7d0       0xa4 z80/Src/z80.o
 .text.op_DD_0x8e
                0x0800d874       0xa4 z80/Src/z80.o
 .text.op_DD_0x86
                0x0800d918       0x9c z80/Src/z80.o
 .text.op_DD_0x7e
                0x0800d9b4       0x44 z80/Src/z80.o
 .text.op_DD_0x77
                0x0800d9f8       0x44 z80/Src/z80.o
 .text.op_DD_0x75
                0x0800da3c       0x44 z80/Src/z80.o
 .text.op_DD_0x74
                0x0800da80       0x44 z80/Src/z80.o
 .text.op_DD_0x73
                0x0800dac4       0x44 z80/Src/z80.o
 .text.op_DD_0x72
                0x0800db08       0x44 z80/Src/z80.o
 .text.op_DD_0x71
                0x0800db4c       0x44 z80/Src/z80.o
 .text.op_DD_0x70
                0x0800db90       0x44 z80/Src/z80.o
 .text.op_DD_0x6e
                0x0800dbd4       0x44 z80/Src/z80.o
 .text.op_DD_0x66
                0x0800dc18       0x44 z80/Src/z80.o
 .text.op_DD_0x5e
                0x0800dc5c       0x44 z80/Src/z80.o
 .text.op_DD_0x56
                0x0800dca0       0x44 z80/Src/z80.o
 .text.op_DD_0x4e
                0x0800dce4       0x44 z80/Src/z80.o
 .text.op_DD_0x46
                0x0800dd28       0x44 z80/Src/z80.o
 .text.op_DD_0x36
                0x0800dd6c       0x50 z80/Src/z80.o
 .text.op_DD_0x35
                0x0800ddbc       0x80 z80/Src/z80.o
 .text.op_DD_0x34
                0x0800de3c       0x7c z80/Src/z80.o
 .text.op_DD_0x2e
                0x0800deb8       0x2c z80/Src/z80.o
 .text.op_DD_0x26
                0x0800dee4       0x2c z80/Src/z80.o
 .text.op_DDCB_0xff
                0x0800df10       0x44 z80/Src/z80.o
 .text.op_DDCB_0xfe
                0x0800df54       0x44 z80/Src/z80.o
 .text.op_DDCB_0xfd
                0x0800df98       0x44 z80/Src/z80.o
 .text.op_DDCB_0xfc
                0x0800dfdc       0x44 z80/Src/z80.o
 .text.op_DDCB_0xfb
                0x0800e020       0x44 z80/Src/z80.o
 .text.op_DDCB_0xfa
                0x0800e064       0x44 z80/Src/z80.o
 .text.op_DDCB_0xf9
                0x0800e0a8       0x44 z80/Src/z80.o
 .text.op_DDCB_0xf8
                0x0800e0ec       0x44 z80/Src/z80.o
 .text.op_DDCB_0xf7
                0x0800e130       0x44 z80/Src/z80.o
 .text.op_DDCB_0xf6
                0x0800e174       0x44 z80/Src/z80.o
 .text.op_DDCB_0xf5
                0x0800e1b8       0x44 z80/Src/z80.o
 .text.op_DDCB_0xf4
                0x0800e1fc       0x44 z80/Src/z80.o
 .text.op_DDCB_0xf3
                0x0800e240       0x44 z80/Src/z80.o
 .text.op_DDCB_0xf2
                0x0800e284       0x44 z80/Src/z80.o
 .text.op_DDCB_0xf1
                0x0800e2c8       0x44 z80/Src/z80.o
 .text.op_DDCB_0xf0
                0x0800e30c       0x44 z80/Src/z80.o
 .text.op_DDCB_0xef
                0x0800e350       0x44 z80/Src/z80.o
 .text.op_DDCB_0xee
                0x0800e394       0x44 z80/Src/z80.o
 .text.op_DDCB_0xed
                0x0800e3d8       0x44 z80/Src/z80.o
 .text.op_DDCB_0xec
                0x0800e41c       0x44 z80/Src/z80.o
 .text.op_DDCB_0xeb
                0x0800e460       0x44 z80/Src/z80.o
 .text.op_DDCB_0xea
                0x0800e4a4       0x44 z80/Src/z80.o
 .text.op_DDCB_0xe9
                0x0800e4e8       0x44 z80/Src/z80.o
 .text.op_DDCB_0xe8
                0x0800e52c       0x44 z80/Src/z80.o
 .text.op_DDCB_0xe7
                0x0800e570       0x44 z80/Src/z80.o
 .text.op_DDCB_0xe6
                0x0800e5b4       0x44 z80/Src/z80.o
 .text.op_DDCB_0xe5
                0x0800e5f8       0x44 z80/Src/z80.o
 .text.op_DDCB_0xe4
                0x0800e63c       0x44 z80/Src/z80.o
 .text.op_DDCB_0xe3
                0x0800e680       0x44 z80/Src/z80.o
 .text.op_DDCB_0xe2
                0x0800e6c4       0x44 z80/Src/z80.o
 .text.op_DDCB_0xe1
                0x0800e708       0x44 z80/Src/z80.o
 .text.op_DDCB_0xe0
                0x0800e74c       0x44 z80/Src/z80.o
 .text.op_DDCB_0xdf
                0x0800e790       0x44 z80/Src/z80.o
 .text.op_DDCB_0xde
                0x0800e7d4       0x44 z80/Src/z80.o
 .text.op_DDCB_0xdd
                0x0800e818       0x44 z80/Src/z80.o
 .text.op_DDCB_0xdc
                0x0800e85c       0x44 z80/Src/z80.o
 .text.op_DDCB_0xdb
                0x0800e8a0       0x44 z80/Src/z80.o
 .text.op_DDCB_0xda
                0x0800e8e4       0x44 z80/Src/z80.o
 .text.op_DDCB_0xd9
                0x0800e928       0x44 z80/Src/z80.o
 .text.op_DDCB_0xd8
                0x0800e96c       0x44 z80/Src/z80.o
 .text.op_DDCB_0xd7
                0x0800e9b0       0x44 z80/Src/z80.o
 .text.op_DDCB_0xd6
                0x0800e9f4       0x44 z80/Src/z80.o
 .text.op_DDCB_0xd5
                0x0800ea38       0x44 z80/Src/z80.o
 .text.op_DDCB_0xd4
                0x0800ea7c       0x44 z80/Src/z80.o
 .text.op_DDCB_0xd3
                0x0800eac0       0x44 z80/Src/z80.o
 .text.op_DDCB_0xd2
                0x0800eb04       0x44 z80/Src/z80.o
 .text.op_DDCB_0xd1
                0x0800eb48       0x44 z80/Src/z80.o
 .text.op_DDCB_0xd0
                0x0800eb8c       0x44 z80/Src/z80.o
 .text.op_DDCB_0xcf
                0x0800ebd0       0x44 z80/Src/z80.o
 .text.op_DDCB_0xce
                0x0800ec14       0x44 z80/Src/z80.o
 .text.op_DDCB_0xcd
                0x0800ec58       0x44 z80/Src/z80.o
 .text.op_DDCB_0xcc
                0x0800ec9c       0x44 z80/Src/z80.o
 .text.op_DDCB_0xcb
                0x0800ece0       0x44 z80/Src/z80.o
 .text.op_DDCB_0xca
                0x0800ed24       0x44 z80/Src/z80.o
 .text.op_DDCB_0xc9
                0x0800ed68       0x44 z80/Src/z80.o
 .text.op_DDCB_0xc8
                0x0800edac       0x44 z80/Src/z80.o
 .text.op_DDCB_0xc7
                0x0800edf0       0x44 z80/Src/z80.o
 .text.op_DDCB_0xc6
                0x0800ee34       0x44 z80/Src/z80.o
 .text.op_DDCB_0xc5
                0x0800ee78       0x44 z80/Src/z80.o
 .text.op_DDCB_0xc4
                0x0800eebc       0x44 z80/Src/z80.o
 .text.op_DDCB_0xc3
                0x0800ef00       0x44 z80/Src/z80.o
 .text.op_DDCB_0xc2
                0x0800ef44       0x44 z80/Src/z80.o
 .text.op_DDCB_0xc1
                0x0800ef88       0x44 z80/Src/z80.o
 .text.op_DDCB_0xc0
                0x0800efcc       0x44 z80/Src/z80.o
 .text.op_DDCB_0xbf
                0x0800f010       0x44 z80/Src/z80.o
 .text.op_DDCB_0xbe
                0x0800f054       0x40 z80/Src/z80.o
 .text.op_DDCB_0xbd
                0x0800f094       0x44 z80/Src/z80.o
 .text.op_DDCB_0xbc
                0x0800f0d8       0x44 z80/Src/z80.o
 .text.op_DDCB_0xbb
                0x0800f11c       0x44 z80/Src/z80.o
 .text.op_DDCB_0xba
                0x0800f160       0x44 z80/Src/z80.o
 .text.op_DDCB_0xb9
                0x0800f1a4       0x44 z80/Src/z80.o
 .text.op_DDCB_0xb8
                0x0800f1e8       0x44 z80/Src/z80.o
 .text.op_DDCB_0xb7
                0x0800f22c       0x44 z80/Src/z80.o
 .text.op_DDCB_0xb6
                0x0800f270       0x40 z80/Src/z80.o
 .text.op_DDCB_0xb5
                0x0800f2b0       0x44 z80/Src/z80.o
 .text.op_DDCB_0xb4
                0x0800f2f4       0x44 z80/Src/z80.o
 .text.op_DDCB_0xb3
                0x0800f338       0x44 z80/Src/z80.o
 .text.op_DDCB_0xb2
                0x0800f37c       0x44 z80/Src/z80.o
 .text.op_DDCB_0xb1
                0x0800f3c0       0x44 z80/Src/z80.o
 .text.op_DDCB_0xb0
                0x0800f404       0x44 z80/Src/z80.o
 .text.op_DDCB_0xaf
                0x0800f448       0x44 z80/Src/z80.o
 .text.op_DDCB_0xae
                0x0800f48c       0x40 z80/Src/z80.o
 .text.op_DDCB_0xad
                0x0800f4cc       0x44 z80/Src/z80.o
 .text.op_DDCB_0xac
                0x0800f510       0x44 z80/Src/z80.o
 .text.op_DDCB_0xab
                0x0800f554       0x44 z80/Src/z80.o
 .text.op_DDCB_0xaa
                0x0800f598       0x44 z80/Src/z80.o
 .text.op_DDCB_0xa9
                0x0800f5dc       0x44 z80/Src/z80.o
 .text.op_DDCB_0xa8
                0x0800f620       0x44 z80/Src/z80.o
 .text.op_DDCB_0xa7
                0x0800f664       0x44 z80/Src/z80.o
 .text.op_DDCB_0xa6
                0x0800f6a8       0x40 z80/Src/z80.o
 .text.op_DDCB_0xa5
                0x0800f6e8       0x44 z80/Src/z80.o
 .text.op_DDCB_0xa4
                0x0800f72c       0x44 z80/Src/z80.o
 .text.op_DDCB_0xa3
                0x0800f770       0x44 z80/Src/z80.o
 .text.op_DDCB_0xa2
                0x0800f7b4       0x44 z80/Src/z80.o
 .text.op_DDCB_0xa1
                0x0800f7f8       0x44 z80/Src/z80.o
 .text.op_DDCB_0xa0
                0x0800f83c       0x44 z80/Src/z80.o
 .text.op_DDCB_0x9f
                0x0800f880       0x44 z80/Src/z80.o
 .text.op_DDCB_0x9e
                0x0800f8c4       0x40 z80/Src/z80.o
 .text.op_DDCB_0x9d
                0x0800f904       0x44 z80/Src/z80.o
 .text.op_DDCB_0x9c
                0x0800f948       0x44 z80/Src/z80.o
 .text.op_DDCB_0x9b
                0x0800f98c       0x44 z80/Src/z80.o
 .text.op_DDCB_0x9a
                0x0800f9d0       0x44 z80/Src/z80.o
 .text.op_DDCB_0x99
                0x0800fa14       0x44 z80/Src/z80.o
 .text.op_DDCB_0x98
                0x0800fa58       0x44 z80/Src/z80.o
 .text.op_DDCB_0x97
                0x0800fa9c       0x44 z80/Src/z80.o
 .text.op_DDCB_0x96
                0x0800fae0       0x40 z80/Src/z80.o
 .text.op_DDCB_0x95
                0x0800fb20       0x44 z80/Src/z80.o
 .text.op_DDCB_0x94
                0x0800fb64       0x44 z80/Src/z80.o
 .text.op_DDCB_0x93
                0x0800fba8       0x44 z80/Src/z80.o
 .text.op_DDCB_0x92
                0x0800fbec       0x44 z80/Src/z80.o
 .text.op_DDCB_0x91
                0x0800fc30       0x44 z80/Src/z80.o
 .text.op_DDCB_0x90
                0x0800fc74       0x44 z80/Src/z80.o
 .text.op_DDCB_0x8f
                0x0800fcb8       0x44 z80/Src/z80.o
 .text.op_DDCB_0x8e
                0x0800fcfc       0x40 z80/Src/z80.o
 .text.op_DDCB_0x8d
                0x0800fd3c       0x44 z80/Src/z80.o
 .text.op_DDCB_0x8c
                0x0800fd80       0x44 z80/Src/z80.o
 .text.op_DDCB_0x8b
                0x0800fdc4       0x44 z80/Src/z80.o
 .text.op_DDCB_0x8a
                0x0800fe08       0x44 z80/Src/z80.o
 .text.op_DDCB_0x89
                0x0800fe4c       0x44 z80/Src/z80.o
 .text.op_DDCB_0x88
                0x0800fe90       0x44 z80/Src/z80.o
 .text.op_DDCB_0x87
                0x0800fed4       0x44 z80/Src/z80.o
 .text.op_DDCB_0x86
                0x0800ff18       0x40 z80/Src/z80.o
 .text.op_DDCB_0x85
                0x0800ff58       0x44 z80/Src/z80.o
 .text.op_DDCB_0x84
                0x0800ff9c       0x44 z80/Src/z80.o
 .text.op_DDCB_0x83
                0x0800ffe0       0x44 z80/Src/z80.o
 .text.op_DDCB_0x82
                0x08010024       0x44 z80/Src/z80.o
 .text.op_DDCB_0x81
                0x08010068       0x44 z80/Src/z80.o
 .text.op_DDCB_0x80
                0x080100ac       0x44 z80/Src/z80.o
 .text.op_DDCB_0x7f
                0x080100f0       0x64 z80/Src/z80.o
 .text.op_DDCB_0x77
                0x08010154       0x64 z80/Src/z80.o
 .text.op_DDCB_0x6f
                0x080101b8       0x64 z80/Src/z80.o
 .text.op_DDCB_0x67
                0x0801021c       0x64 z80/Src/z80.o
 .text.op_DDCB_0x5f
                0x08010280       0x64 z80/Src/z80.o
 .text.op_DDCB_0x57
                0x080102e4       0x64 z80/Src/z80.o
 .text.op_DDCB_0x4f
                0x08010348       0x64 z80/Src/z80.o
 .text.op_DDCB_0x47
                0x080103ac       0x64 z80/Src/z80.o
 .text.op_DDCB_0x3f
                0x08010410       0x58 z80/Src/z80.o
 .text.op_DDCB_0x3e
                0x08010468       0x54 z80/Src/z80.o
 .text.op_DDCB_0x3d
                0x080104bc       0x58 z80/Src/z80.o
 .text.op_DDCB_0x3c
                0x08010514       0x58 z80/Src/z80.o
 .text.op_DDCB_0x3b
                0x0801056c       0x58 z80/Src/z80.o
 .text.op_DDCB_0x3a
                0x080105c4       0x58 z80/Src/z80.o
 .text.op_DDCB_0x39
                0x0801061c       0x58 z80/Src/z80.o
 .text.op_DDCB_0x38
                0x08010674       0x58 z80/Src/z80.o
 .text.op_DDCB_0x37
                0x080106cc       0x5c z80/Src/z80.o
 .text.op_DDCB_0x36
                0x08010728       0x58 z80/Src/z80.o
 .text.op_DDCB_0x35
                0x08010780       0x5c z80/Src/z80.o
 .text.op_DDCB_0x34
                0x080107dc       0x5c z80/Src/z80.o
 .text.op_DDCB_0x33
                0x08010838       0x5c z80/Src/z80.o
 .text.op_DDCB_0x32
                0x08010894       0x5c z80/Src/z80.o
 .text.op_DDCB_0x31
                0x080108f0       0x5c z80/Src/z80.o
 .text.op_DDCB_0x30
                0x0801094c       0x5c z80/Src/z80.o
 .text.op_DDCB_0x2f
                0x080109a8       0x60 z80/Src/z80.o
 .text.op_DDCB_0x2e
                0x08010a08       0x5c z80/Src/z80.o
 .text.op_DDCB_0x2d
                0x08010a64       0x60 z80/Src/z80.o
 .text.op_DDCB_0x2c
                0x08010ac4       0x60 z80/Src/z80.o
 .text.op_DDCB_0x2b
                0x08010b24       0x60 z80/Src/z80.o
 .text.op_DDCB_0x2a
                0x08010b84       0x60 z80/Src/z80.o
 .text.op_DDCB_0x29
                0x08010be4       0x60 z80/Src/z80.o
 .text.op_DDCB_0x28
                0x08010c44       0x60 z80/Src/z80.o
 .text.op_DDCB_0x27
                0x08010ca4       0x58 z80/Src/z80.o
 .text.op_DDCB_0x26
                0x08010cfc       0x54 z80/Src/z80.o
 .text.op_DDCB_0x25
                0x08010d50       0x58 z80/Src/z80.o
 .text.op_DDCB_0x24
                0x08010da8       0x58 z80/Src/z80.o
 .text.op_DDCB_0x23
                0x08010e00       0x58 z80/Src/z80.o
 .text.op_DDCB_0x22
                0x08010e58       0x58 z80/Src/z80.o
 .text.op_DDCB_0x21
                0x08010eb0       0x58 z80/Src/z80.o
 .text.op_DDCB_0x20
                0x08010f08       0x58 z80/Src/z80.o
 .text.op_DDCB_0x1f
                0x08010f60       0x64 z80/Src/z80.o
 .text.op_DDCB_0x1e
                0x08010fc4       0x64 z80/Src/z80.o
 .text.op_DDCB_0x1d
                0x08011028       0x64 z80/Src/z80.o
 .text.op_DDCB_0x1c
                0x0801108c       0x64 z80/Src/z80.o
 .text.op_DDCB_0x1b
                0x080110f0       0x64 z80/Src/z80.o
 .text.op_DDCB_0x1a
                0x08011154       0x64 z80/Src/z80.o
 .text.op_DDCB_0x19
                0x080111b8       0x64 z80/Src/z80.o
 .text.op_DDCB_0x18
                0x0801121c       0x64 z80/Src/z80.o
 .text.op_DDCB_0x17
                0x08011280       0x68 z80/Src/z80.o
 .text.op_DDCB_0x16
                0x080112e8       0x64 z80/Src/z80.o
 .text.op_DDCB_0x15
                0x0801134c       0x68 z80/Src/z80.o
 .text.op_DDCB_0x14
                0x080113b4       0x68 z80/Src/z80.o
 .text.op_DDCB_0x13
                0x0801141c       0x68 z80/Src/z80.o
 .text.op_DDCB_0x12
                0x08011484       0x68 z80/Src/z80.o
 .text.op_DDCB_0x11
                0x080114ec       0x68 z80/Src/z80.o
 .text.op_DDCB_0x10
                0x08011554       0x68 z80/Src/z80.o
 .text.op_DDCB_0x0f
                0x080115bc       0x5c z80/Src/z80.o
 .text.op_DDCB_0x0e
                0x08011618       0x58 z80/Src/z80.o
 .text.op_DDCB_0x0d
                0x08011670       0x5c z80/Src/z80.o
 .text.op_DDCB_0x0c
                0x080116cc       0x5c z80/Src/z80.o
 .text.op_DDCB_0x0b
                0x08011728       0x5c z80/Src/z80.o
 .text.op_DDCB_0x0a
                0x08011784       0x5c z80/Src/z80.o
 .text.op_DDCB_0x09
                0x080117e0       0x5c z80/Src/z80.o
 .text.op_DDCB_0x08
                0x0801183c       0x5c z80/Src/z80.o
 .text.op_DDCB_0x07
                0x08011898       0x5c z80/Src/z80.o
 .text.op_DDCB_0x06
                0x080118f4       0x5c z80/Src/z80.o
 .text.op_DDCB_0x05
                0x08011950       0x5c z80/Src/z80.o
 .text.op_DDCB_0x04
                0x080119ac       0x5c z80/Src/z80.o
 .text.op_DDCB_0x03
                0x08011a08       0x5c z80/Src/z80.o
 .text.op_DDCB_0x02
                0x08011a64       0x5c z80/Src/z80.o
 .text.op_DDCB_0x01
                0x08011ac0       0x5c z80/Src/z80.o
 .text.op_DDCB_0x00
                0x08011b1c       0x5c z80/Src/z80.o
 .text.op_ED_0xb9
                0x08011b78       0xdc z80/Src/z80.o
 .text.op_ED_0xb8
                0x08011c54       0x8c z80/Src/z80.o
 .text.op_ED_0xb1
                0x08011ce0       0xdc z80/Src/z80.o
 .text.op_ED_0xb0
                0x08011dbc       0x8c z80/Src/z80.o
 .text.op_ED_0xa9
                0x08011e48       0xbc z80/Src/z80.o
 .text.op_ED_0xa8
                0x08011f04       0x74 z80/Src/z80.o
 .text.op_ED_0xa1
                0x08011f78       0xbc z80/Src/z80.o
 .text.op_ED_0xa0
                0x08012034       0x74 z80/Src/z80.o
 .text.op_ED_0x6f
                0x080120a8       0x68 z80/Src/z80.o
 .text.op_ED_0x67
                0x08012110       0x68 z80/Src/z80.o
 .text.op_CB_0xfe
                0x08012178       0x30 z80/Src/z80.o
 .text.op_CB_0xf6
                0x080121a8       0x30 z80/Src/z80.o
 .text.op_CB_0xee
                0x080121d8       0x30 z80/Src/z80.o
 .text.op_CB_0xe6
                0x08012208       0x30 z80/Src/z80.o
 .text.op_CB_0xde
                0x08012238       0x30 z80/Src/z80.o
 .text.op_CB_0xd6
                0x08012268       0x30 z80/Src/z80.o
 .text.op_CB_0xce
                0x08012298       0x30 z80/Src/z80.o
 .text.op_CB_0xc6
                0x080122c8       0x30 z80/Src/z80.o
 .text.op_CB_0xbe
                0x080122f8       0x30 z80/Src/z80.o
 .text.op_CB_0xb6
                0x08012328       0x30 z80/Src/z80.o
 .text.op_CB_0xae
                0x08012358       0x30 z80/Src/z80.o
 .text.op_CB_0xa6
                0x08012388       0x30 z80/Src/z80.o
 .text.op_CB_0x9e
                0x080123b8       0x30 z80/Src/z80.o
 .text.op_CB_0x96
                0x080123e8       0x30 z80/Src/z80.o
 .text.op_CB_0x8e
                0x08012418       0x30 z80/Src/z80.o
 .text.op_CB_0x86
                0x08012448       0x30 z80/Src/z80.o
 .text.op_CB_0x7e
                0x08012478       0x50 z80/Src/z80.o
 .text.op_CB_0x76
                0x080124c8       0x50 z80/Src/z80.o
 .text.op_CB_0x6e
                0x08012518       0x50 z80/Src/z80.o
 .text.op_CB_0x66
                0x08012568       0x50 z80/Src/z80.o
 .text.op_CB_0x5e
                0x080125b8       0x50 z80/Src/z80.o
 .text.op_CB_0x56
                0x08012608       0x50 z80/Src/z80.o
 .text.op_CB_0x4e
                0x08012658       0x50 z80/Src/z80.o
 .text.op_CB_0x46
                0x080126a8       0x50 z80/Src/z80.o
 .text.op_CB_0x3e
                0x080126f8       0x44 z80/Src/z80.o
 .text.op_CB_0x36
                0x0801273c       0x48 z80/Src/z80.o
 .text.op_CB_0x2e
                0x08012784       0x4c z80/Src/z80.o
 .text.op_CB_0x26
                0x080127d0       0x44 z80/Src/z80.o
 .text.op_CB_0x1e
                0x08012814       0x50 z80/Src/z80.o
 .text.op_CB_0x16
                0x08012864       0x54 z80/Src/z80.o
 .text.op_CB_0x0e
                0x080128b8       0x48 z80/Src/z80.o
 .text.op_CB_0x06
                0x08012900       0x48 z80/Src/z80.o
 .text.op_0xd3  0x08012948       0x40 z80/Src/z80.o
 .text.op_ED_0xbb
                0x08012988       0x98 z80/Src/z80.o
 .text.op_ED_0xb3
                0x08012a20       0x98 z80/Src/z80.o
 .text.op_ED_0xab
                0x08012ab8       0x80 z80/Src/z80.o
 .text.op_ED_0xa3
                0x08012b38       0x80 z80/Src/z80.o
 .text.poke16   0x08012bb8       0x18 z80/Src/z80.o
                0x08012bb8                poke16
 .text.op_0xff  0x08012bd0       0x28 z80/Src/z80.o
 .text.op_0xf7  0x08012bf8       0x28 z80/Src/z80.o
 .text.op_0xf5  0x08012c20       0x24 z80/Src/z80.o
 .text.op_0xef  0x08012c44       0x28 z80/Src/z80.o
 .text.op_0xe7  0x08012c6c       0x28 z80/Src/z80.o
 .text.op_0xe5  0x08012c94       0x24 z80/Src/z80.o
 .text.op_0xdf  0x08012cb8       0x28 z80/Src/z80.o
 .text.op_0xd7  0x08012ce0       0x28 z80/Src/z80.o
 .text.op_0xd5  0x08012d08       0x24 z80/Src/z80.o
 .text.op_0xcf  0x08012d2c       0x28 z80/Src/z80.o
 .text.op_0xc7  0x08012d54       0x28 z80/Src/z80.o
 .text.op_0xc5  0x08012d7c       0x24 z80/Src/z80.o
 .text.op_FD_0xe5
                0x08012da0       0x24 z80/Src/z80.o
 .text.op_DD_0xe5
                0x08012dc4       0x24 z80/Src/z80.o
 .text.peek16   0x08012de8       0x1c z80/Src/z80.o
                0x08012de8                peek16
 .text.z80_run  0x08012e04      0x26c z80/Src/z80.o
                0x08012e04                z80_run
 .text.op_0xfc  0x08013070       0x54 z80/Src/z80.o
 .text.op_0xfa  0x080130c4       0x40 z80/Src/z80.o
 .text.op_0xf8  0x08013104       0x38 z80/Src/z80.o
 .text.op_0xf4  0x0801313c       0x54 z80/Src/z80.o
 .text.op_0xf2  0x08013190       0x40 z80/Src/z80.o
 .text.op_0xf1  0x080131d0       0x24 z80/Src/z80.o
 .text.op_0xf0  0x080131f4       0x38 z80/Src/z80.o
 .text.op_0xec  0x0801322c       0x54 z80/Src/z80.o
 .text.op_0xea  0x08013280       0x40 z80/Src/z80.o
 .text.op_0xe8  0x080132c0       0x38 z80/Src/z80.o
 .text.op_0xe4  0x080132f8       0x54 z80/Src/z80.o
 .text.op_0xe3  0x0801334c       0x38 z80/Src/z80.o
 .text.op_0xe2  0x08013384       0x40 z80/Src/z80.o
 .text.op_0xe1  0x080133c4       0x24 z80/Src/z80.o
 .text.op_0xe0  0x080133e8       0x38 z80/Src/z80.o
 .text.op_0xdc  0x08013420       0x54 z80/Src/z80.o
 .text.op_0xda  0x08013474       0x40 z80/Src/z80.o
 .text.op_0xd8  0x080134b4       0x38 z80/Src/z80.o
 .text.op_0xd4  0x080134ec       0x54 z80/Src/z80.o
 .text.op_0xd2  0x08013540       0x40 z80/Src/z80.o
 .text.op_0xd1  0x08013580       0x24 z80/Src/z80.o
 .text.op_0xd0  0x080135a4       0x38 z80/Src/z80.o
 .text.op_0xcd  0x080135dc       0x3c z80/Src/z80.o
 .text.op_0xcc  0x08013618       0x54 z80/Src/z80.o